06-20 18:19:52.493 21947 21947 I InsetsController: onStateChanged: host=com.armada.expiryapp/com.armada.expiryapp.MainActivity, from=android.view.ViewRootImpl.onInsetsStateChanged:3026, state=InsetsState: {mDisplayFrame=Rect(0, 0 - 1440, 3088), mDisplayCutout=DisplayCutout{insets=Rect(0, 100 - 0, 0) waterfall=Insets{left=0, top=0, right=0, bottom=0} boundingRect={Bounds=[Rect(0, 0 - 0, 0), Rect(685, 0 - 756, 100), Rect(0, 0 - 0, 0), Rect(0, 0 - 0, 0)]} cutoutPathParserInfo={CutoutPathParserInfo{displayWidth=1440 displayHeight=3088 physicalDisplayWidth=1440 physicalDisplayHeight=3088 density={3.75} cutoutSpec={M 0,0 H -9.466666666666667 V 26.66666666666667‬ H 9.466666666666667 V 0 H 0 Z @dp} rotation={0} scale={1.0} physicalPixelDisplaySizeRatio={1.0}}} sideOverrides={}}, mRoundedCorners=RoundedCorners{[RoundedCorner{position=TopLeft, radius=14, center=Point(14, 14)}, RoundedCorner{position=TopRight, radius=14, center=Point(1426, 14)}, RoundedCorner{position=BottomRight, radius=14, center=Point(1426, 3074)}, RoundedCorner{position=BottomLeft, radius=14, center=Point(14, 3074)}]}  mRoundedCornerFrame=Rect(0, 0 - 1440, 3088), mPrivacyIndicatorBounds=PrivacyIndicatorBounds {static bounds=Rect(1286, 0 - 1440, 100) rotation=0}, mDisplayShape=DisplayShape{ spec=-311912193 displayWidth=1440 displayHeight=3088 physicalPixelDisplaySizeRatio=1.0 rotation=0 offsetX=0 offsetY=0 scale=1.0}, mSources= { InsetsSource: {3 mType=ime mFrame=[0,0][0,0] mVisible=false mFlags= mSideHint=NONE mBoundingRects=null}, InsetsSource: {27 mType=displayCutout mFrame=[0,0][1440,100] mVisible=true mFlags= mSideHint=TOP mBoundingRects=null}, InsetsSource: {20c80001 mType=navigationBars mFrame=[0,2920][1440,3088] mVisible=true mFlags= mSideHint=BOTTOM mBoundingRects=null}, InsetsSource: {20c80004 mType=systemGestures mFrame=[0,0][0,0] mVisible=true mFlags= mSideHint=NONE mBoundingRects=null}, InsetsSource: {20c80005 mType=mandatorySystemGestures mFrame=[0,2920][1440,3088] mVisible=true mFlags= mSideHint=BOTTOM mBoundingRects=null}, InsetsSource: {20c80006 mType=tappableElement mFrame=[0,2920][1440,3088] mVisible=true mFlags= mSideHint=BOTTOM mBoundingRects=null}, InsetsSource: {20c80024 mType=systemGestures mFrame=[0,0][0,0] mVisible=true mFlags= mSideHint=NONE mBoundingRects=null}, InsetsSource: {39f70000 mType=statusBars mFrame=[0,0][1440,100] mVisible=true mFlags= mSideHint=TOP mBoundingRects=null}, InsetsSource: {39f70005 mType=mandatorySystemGestures mFrame=[0,0][1440,142] mVisible=true mFlags= mSideHint=TOP mBoundingRects=null}, InsetsSource: {39f70006 mType=tappableElement mFrame=[0,0][1440,100] mVisible=true mFlags= mSideHint=TOP mBoundingRects=null} }
06-20 18:19:52.496 21947 21947 I IDS_TAG : Getting Shared Preference for com.armada.expiryapp.ArmadaApplication@e45a1df uid = 10373
06-20 18:19:52.497  2149  2149 I SurfaceFlinger: [be06d9c com.armada.expiryapp/com.armada.expiryapp.MainActivity#55691] attach to parent LayerHierarchy{RequestedLayerState{ActivityRecord{90778773 u0 com.armada.expiryapp/.MainActivity t3113}#55683 parentId=55682} 3 children}
06-20 18:19:52.499 21947 21947 I IDS_TAG : App com.armada.expiryapp.ArmadaApplication@e45a1df has not finished training
06-20 18:19:52.500 21947 21947 D AndroidRuntime: Shutting down VM
06-20 18:19:52.501 21947 21947 E AndroidRuntime: FATAL EXCEPTION: main
06-20 18:19:52.501 21947 21947 E AndroidRuntime: Process: com.armada.expiryapp, PID: 21947
06-20 18:19:52.501 21947 21947 E AndroidRuntime: java.lang.RuntimeException: StrictMode ThreadPolicy violation
06-20 18:19:52.501 21947 21947 E AndroidRuntime: 	at android.os.StrictMode$AndroidBlockGuardPolicy.onThreadPolicyViolation(StrictMode.java:1939)
06-20 18:19:52.501 21947 21947 E AndroidRuntime: 	at android.os.StrictMode$AndroidBlockGuardPolicy.lambda$handleViolationWithTimingAttempt$0(StrictMode.java:1853)
06-20 18:19:52.501 21947 21947 E AndroidRuntime: 	at android.os.StrictMode$AndroidBlockGuardPolicy.$r8$lambda$8cEr3yopH2m54_yi5FS7GfNsTW0(StrictMode.java:0)
06-20 18:19:52.501 21947 21947 E AndroidRuntime: 	at android.os.StrictMode$AndroidBlockGuardPolicy$$ExternalSyntheticLambda1.run(D8$$SyntheticClass:0)
06-20 18:19:52.501 21947 21947 E AndroidRuntime: 	at android.os.Handler.handleCallback(Handler.java:995)
06-20 18:19:52.501 21947 21947 E AndroidRuntime: 	at android.os.Handler.dispatchMessage(Handler.java:103)
06-20 18:19:52.501 21947 21947 E AndroidRuntime: 	at android.os.Looper.loopOnce(Looper.java:273)
06-20 18:19:52.501 21947 21947 E AndroidRuntime: 	at android.os.Looper.loop(Looper.java:363)
06-20 18:19:52.501 21947 21947 E AndroidRuntime: 	at android.app.ActivityThread.main(ActivityThread.java:10060)
06-20 18:19:52.501 21947 21947 E AndroidRuntime: 	at java.lang.reflect.Method.invoke(Native Method)
06-20 18:19:52.501 21947 21947 E AndroidRuntime: 	at com.android.internal.os.RuntimeInit$MethodAndArgsCaller.run(RuntimeInit.java:632)
06-20 18:19:52.501 21947 21947 E AndroidRuntime: 	at com.android.internal.os.ZygoteInit.main(ZygoteInit.java:975)
06-20 18:19:52.501 21947 21947 E AndroidRuntime: Caused by: android.os.strictmode.DiskReadViolation
06-20 18:19:52.501 21947 21947 E AndroidRuntime: 	at android.os.StrictMode$AndroidBlockGuardPolicy.onReadFromDisk(StrictMode.java:1722)
06-20 18:19:52.501 21947 21947 E AndroidRuntime: 	at libcore.io.BlockGuardOs.access(BlockGuardOs.java:74)
06-20 18:19:52.501 21947 21947 E AndroidRuntime: 	at libcore.io.ForwardingOs.access(ForwardingOs.java:129)
06-20 18:19:52.501 21947 21947 E AndroidRuntime: 	at android.app.ActivityThread$AndroidOs.access(ActivityThread.java:9895)
06-20 18:19:52.501 21947 21947 E AndroidRuntime: 	at java.io.UnixFileSystem.checkAccess(UnixFileSystem.java:337)
06-20 18:19:52.501 21947 21947 E AndroidRuntime: 	at java.io.File.exists(File.java:829)
06-20 18:19:52.501 21947 21947 E AndroidRuntime: 	at android.app.ContextImpl.getDataDir(ContextImpl.java:3506)
06-20 18:19:52.501 21947 21947 E AndroidRuntime: 	at android.app.ContextImpl.getPreferencesDir(ContextImpl.java:797)
06-20 18:19:52.501 21947 21947 E AndroidRuntime: 	at android.app.ContextImpl.getSharedPreferencesPath(ContextImpl.java:1037)
06-20 18:19:52.501 21947 21947 E AndroidRuntime: 	at android.app.ContextImpl.getSharedPreferences(ContextImpl.java:628)
06-20 18:19:52.501 21947 21947 E AndroidRuntime: 	at android.content.ContextWrapper.getSharedPreferences(ContextWrapper.java:232)
06-20 18:19:52.501 21947 21947 E AndroidRuntime: 	at android.app.IdsController.getIdsSharedPreference(IdsController.java:172)
06-20 18:19:52.501 21947 21947 E AndroidRuntime: 	at android.app.IdsController.doIds(IdsController.java:138)
06-20 18:19:52.501 21947 21947 E AndroidRuntime: 	at android.app.ActivityThread.scheduleVsyncSS(ActivityThread.java:6302)
06-20 18:19:52.501 21947 21947 E AndroidRuntime: 	at android.app.ActivityThread.handleResumeActivity(ActivityThread.java:6472)
06-20 18:19:52.501 21947 21947 E AndroidRuntime: 	at android.app.servertransaction.ResumeActivityItem.execute(ResumeActivityItem.java:73)
06-20 18:19:52.501 21947 21947 E AndroidRuntime: 	at android.app.servertransaction.ActivityTransactionItem.execute(ActivityTransactionItem.java:63)
06-20 18:19:52.501 21947 21947 E AndroidRuntime: 	at android.app.servertransaction.TransactionExecutor.executeLifecycleItem(TransactionExecutor.java:169)
06-20 18:19:52.501 21947 21947 E AndroidRuntime: 	at android.app.servertransaction.TransactionExecutor.executeTransactionItems(TransactionExecutor.java:101)
06-20 18:19:52.501 21947 21947 E AndroidRuntime: 	at android.app.servertransaction.TransactionExecutor.execute(TransactionExecutor.java:80)
06-20 18:19:52.501 21947 21947 E AndroidRuntime: 	at android.app.ActivityThread$H.handleMessage(ActivityThread.java:3150)
06-20 18:19:52.501 21947 21947 E AndroidRuntime: 	at android.os.Handler.dispatchMessage(Handler.java:110)
06-20 18:19:52.501 21947 21947 E AndroidRuntime: 	... 6 more
06-20 18:19:52.506  2149  2149 I SurfaceFlinger: RequestedLayer [be06d9c com.armada.expiryapp/com.armada.expiryapp.MainActivity#55691] hidden!! flag  from(1) --> to(0)
06-20 18:19:52.510  3167 21977 W ActivityManager: crash : com.armada.expiryapp,10373
06-20 18:19:52.510  3167  3684 W ActivityTaskManager:   Force finishing activity com.armada.expiryapp/.MainActivity
06-20 18:19:52.511  3167  3684 V WindowManager: Collecting in transition 4831: Task{99b91aa #3113 type=standard A=10373:com.armada.expiryapp}, caller=com.android.server.wm.Transition.collectExistenceChange:40 com.android.server.wm.Transition.collectClose:7 com.android.server.wm.ActivityRecord.finishIfPossible:50 com.android.server.wm.ActivityRecord.finishIfPossible:1 com.android.server.wm.RootWindowContainer$$ExternalSyntheticLambda34.accept:179 
06-20 18:19:52.511  3167  3684 D WindowManager: prepareSync <SYNC_STATE_WAITING_FOR_DRAW>, mPrepareSyncSeqId=0, win=Window{decc65f u0 Splash Screen com.armada.expiryapp}
06-20 18:19:52.511  3167  3684 D WindowManager: prepareSync <SYNC_STATE_WAITING_FOR_DRAW>, mPrepareSyncSeqId=0, win=Window{be06d9c u0 com.armada.expiryapp/com.armada.expiryapp.MainActivity}
06-20 18:19:52.511  4275  4331 V WindowManagerShell: Transition requested (#4831): android.os.BinderProxy@34a118c TransitionRequestInfo { type = CLOSE, triggerTask = TaskInfo{userId=0 taskId=3113 effectiveUid=10373 displayId=0 isRunning=true baseIntent=Intent { act=android.intent.action.MAIN cat=[android.intent.category.LAUNCHER] flg=0x10200000 cmp=com.armada.expiryapp/.MainActivity } baseActivity=ComponentInfo{com.armada.expiryapp/com.armada.expiryapp.MainActivity} topActivity=ComponentInfo{com.armada.expiryapp/com.armada.expiryapp.MainActivity} origActivity=null realActivity=ComponentInfo{com.armada.expiryapp/com.armada.expiryapp.MainActivity} numActivities=1 lastActiveTime=297309762 supportsMultiWindow=true resizeMode=1 isResizeable=true minWidth=-1 minHeight=-1 maxWidth=-1 maxHeight=-1 defaultMinSize=220 desktopDefaultMinSize=304 token=WCT{android.window.IWindowContainerToken$Stub$Proxy@62a50d5} topActivityType=1 pictureInPictureParams=null shouldDockBigOverlays=false launchIntoPipHostTaskId=-1 lastParentTaskIdBeforePip=-1 displayCutoutSafeInsets=Rect(0, 0 - 0, 0) topActivityInfo=ActivityInfo{e6380ea com.armada.expiryapp.MainActivity} launchCookies=[android.os.BinderProxy@d6c0a30] positionInParent=Point(0, 0) parentTaskId=-1 isFocused=true isVisible=true isVisibleRequested=true isTopActivityNoDisplay=false isSleeping=false locusId=null displayAreaFeatureId=1 isTopActivityTransparent=false isActivityStackTransparent=false lastNonFullscreenBounds=Rect(108, 738 - 1332, 2282) capturedLink=null capturedLinkTimestamp=0 requestedVisibleTypes=-9 topActivityRequestOpenInBrowserEducationTimestamp=0 appCompatTaskInfo=AppCompatTaskInfo { topActivityInSizeCompat=false eligibleForLetterboxEducation= false isLetterboxEducationEnabled= false isLetterboxDoubleTapEnabled= false eligibleForUserAspectRatioButton= false topActivityBoundsLetterboxed= false isFromLetterboxDoubleTap= false topActivityLetterboxVerticalPosition= -1 topActivityLetterboxHorizontalPosition= -1 topActivityLetterboxWidth=-1 topActivityLetterboxHeight=-1 topActivityAppBounds=Rect(0, 0 - 1440, 3088) isUserFullscreenOverrideEnabled=false isSystemFullscreenOverrideEnabled=false hasMinAspectRatioOverride=false topActivityLetterboxBounds=null cameraCompatTaskInfo=CameraCompatTaskInfo { freeformCameraCompatMode=inactive} topActivityBounds=null topActivityInDisplayCompat=false singleTapFromLetterbox=false} topActivityMainWindowFrame=null originallySupportedMultiWindow=true hasWallpaper=false rootAffinity=10373:com.armada.expiryapp isTopTaskInStage=false CoverLauncherWidgetTask=false LaunchedFromAppsCoverLauncherTask=false LaunchedFromMultistarCoverLauncherTask=false isAllowedSeamlessRotation=false isTopTransparentActivity=false isAliasManaged=false hasConfigChanged=false snappingGuideBounds=null isAiKeyRemoveAppTask=false lastDesktopWindowingBounds=null lastExternalDesktopWindowingBounds=null safeCutoutInsets=null}, pipChange = null, remoteTransition = null, displayChange = null, flags = 16, debugId = 4831 }
06-20 18:19:52.511  3167  3684 D ActivityTaskManager: scheduleTopResumedActivityChanged, onTop=false, r=ActivityRecord{90778773 u0 com.armada.expiryapp/.MainActivity t3113 f}}, caller=com.android.server.wm.ActivityTaskSupervisor.scheduleTopResumedActivityStateLossIfNeeded:19 com.android.server.wm.ActivityTaskSupervisor.updateTopResumedActivityIfNeeded:20 com.android.server.wm.TaskDisplayArea.positionChildAt:252 com.android.server.wm.WindowContainer.positionChildAt:84 com.android.server.wm.Task.positionChildAt:19 com.android.server.wm.Task.moveToFront:40 
06-20 18:19:52.511  3167  3684 V WindowManager: Collecting in transition 4831: ActivityRecord{90778773 u0 com.armada.expiryapp/.MainActivity t3113 f}}, caller=com.android.server.wm.TransitionController.collect:7 com.android.server.wm.ActivityRecord.setVisibility:132 com.android.server.wm.ActivityRecord.finishIfPossible:87 com.android.server.wm.ActivityRecord.finishIfPossible:1 com.android.server.wm.RootWindowContainer$$ExternalSyntheticLambda34.accept:179 
06-20 18:19:52.512  3167  3684 D SurfaceComposerClient: setCornerRadius ## be06d9c com.armada.expiryapp/com.armada.expiryapp.MainActivity#55691 cornerRadius=0.000000
06-20 18:19:52.535  7352  7352 I SDHMS:PowerAnomaly:Gatherer:AppError: update AppError : uid=10373, pkg=com.armada.expiryapp, errorType=crash
06-20 18:19:52.537  7352  7352 I SDHMS:PowerAnomaly:Analyzer:AppError: analyze app error : uid=10373, pkg=com.armada.expiryapp, appErrorCount=6
06-20 18:19:52.545  3167  3684 I WindowManager: WIN DEATH: Window{be06d9c u0 com.armada.expiryapp/com.armada.expiryapp.MainActivity}
06-20 18:19:52.545  3167  3684 V WindowManager: Remove Window{be06d9c u0 com.armada.expiryapp/com.armada.expiryapp.MainActivity}: mSurfaceControl=null mAnimatingExit=false mRemoveOnExit=false mHasSurface=false surfaceShowing=false animating=false app-animation=false callers=com.android.server.wm.Session.binderDied:85 android.os.IBinder$DeathRecipient.binderDied:346 android.os.BinderProxy.sendDeathNotice:848 <bottom of call stack> <bottom of call stack> <bottom of call stack> 
06-20 18:19:52.545  3167  4353 I ActivityManager: Process com.armada.expiryapp (pid 21947) has died: fg  TOP (786,2777)
06-20 18:19:52.547  3167  4353 V WindowManager: Collecting in transition 4831: Task{99b91aa #3113 type=standard A=10373:com.armada.expiryapp}, caller=com.android.server.wm.Transition.collectClose:12 com.android.server.wm.WindowProcessController.handleAppDied$1:465 com.android.server.am.ActivityManagerService.handleAppDiedLocked:248 com.android.server.am.ActivityManagerService.appDiedLocked:570 com.android.server.am.ActivityManagerService$AppDeathRecipient.binderDied:17 
06-20 18:19:52.547  3167  4353 V WindowManager: Collecting in transition 4831: ActivityRecord{90778773 u0 com.armada.expiryapp/.MainActivity t3113 f}}, caller=com.android.server.wm.TransitionController.collect:7 com.android.server.wm.ActivityRecord.onRemovedFromDisplay:258 com.android.server.wm.ActivityRecord.removeFromHistory:173 com.android.server.wm.WindowProcessController.handleAppDied$1:507 com.android.server.am.ActivityManagerService.handleAppDiedLocked:248 
06-20 18:19:52.551  3167  4353 D ChangeTransitionController:    ChangeInfo{8eece8c container=ActivityRecord{90778773 u0 com.armada.expiryapp/.MainActivity t3113 f} isExiting} flags=0x0}
06-20 18:19:52.551  3167  4353 D ChangeTransitionController:    ChangeInfo{6004778 container=Task{99b91aa #3113 type=standard A=10373:com.armada.expiryapp} flags=0x0}
06-20 18:19:52.551  3167  4353 V WindowManager: Start calculating TransitionInfo based on participants: {Task{18da4af #8 type=home I=com.sec.android.app.launcher/.activities.LauncherActivity}, ActivityRecord{90778773 u0 com.armada.expiryapp/.MainActivity t3113 f} isExiting}, WallpaperWindowToken{594b86b showWhenLocked=false}_<system>, ActivityRecord{103561085 u0 com.sec.android.app.launcher/.activities.LauncherActivity t8}, Task{99b91aa #3113 type=standard A=10373:com.armada.expiryapp}, Task{adb4e53 #1 type=home}}
06-20 18:19:52.551  3167  4353 V WindowManager:   Final targets: [ChangeInfo{2b52e51 container=Task{adb4e53 #1 type=home} flags=0x30}, ChangeInfo{6004778 container=Task{99b91aa #3113 type=standard A=10373:com.armada.expiryapp} flags=0x10}, ChangeInfo{ce4c9d5 container=WallpaperWindowToken{594b86b showWhenLocked=false}_<system> flags=0x0}]
06-20 18:19:52.552  4725  4725 I HoneySpace.AppListFastRecyclerViewAdapter: findCloseTarget : 157875, ComponentInfo{com.armada.expiryapp/com.armada.expiryapp.MainActivity}
06-20 18:19:52.553  3167  4353 V WindowManager:         {WCT{RemoteToken{8cf501a Task{99b91aa #3113 type=standard A=10373:com.armada.expiryapp}}} m=CLOSE f=NONE leash=Surface(name=Task=3113)/@0x83a13c sb=Rect(0, 0 - 1440, 3088) eb=Rect(0, 0 - 1440, 3088) epz=Point(1440, 3088) d=0 taskParent=-1 inset=Rect(0, 0 - 0, 0) dim=true},
06-20 18:19:52.556  2149  2490 I SurfaceFlinger: Capture layer list: 	 Splash Screen com.armada.expiryapp$_4275#55685(seamlessTransition:0)
06-20 18:19:52.556  2149  2293 D RenderEngine: [SEC_SF_EFFECTS] drawLayersInternal,1483, Rendering layer Splash Screen com.armada.expiryapp$_4275#55685 at index 1
06-20 18:19:52.559  3167  3280 V WindowManager: Sent Transition (#4831) createdAt=06-20 18:19:52.510 via request=TransitionRequestInfo { type = CLOSE, triggerTask = TaskInfo{userId=0 taskId=3113 effectiveUid=10373 displayId=0 isRunning=true baseIntent=Intent { act=android.intent.action.MAIN cat=[android.intent.category.LAUNCHER] flg=0x10200000 cmp=com.armada.expiryapp/.MainActivity } baseActivity=ComponentInfo{com.armada.expiryapp/com.armada.expiryapp.MainActivity} topActivity=ComponentInfo{com.armada.expiryapp/com.armada.expiryapp.MainActivity} origActivity=null realActivity=ComponentInfo{com.armada.expiryapp/com.armada.expiryapp.MainActivity} numActivities=1 lastActiveTime=297309762 supportsMultiWindow=true resizeMode=1 isResizeable=true minWidth=-1 minHeight=-1 maxWidth=-1 maxHeight=-1 defaultMinSize=220 desktopDefaultMinSize=304 token=WCT{RemoteToken{8cf501a Task{99b91aa #3113 type=standard A=10373:com.armada.expiryapp}}} topActivityType=1 pictureInPictureParams=null shouldDockBigOverlays=false launchIntoPipHostTaskId=-1 lastParentTaskIdBeforePip=-1 displayCutoutSafeInsets=Rect(0, 0 - 0, 0) topActivityInfo=ActivityInfo{8c9374b com.armada.expiryapp.MainActivity} launchCookies=[android.os.BinderProxy@b879528] positionInParent=Point(0, 0) parentTaskId=-1 isFocused=true isVisible=true isVisibleRequested=true isTopActivityNoDisplay=false isSleeping=false locusId=null displayAreaFeatureId=1 isTopActivityTransparent=false isActivityStackTransparent=false lastNonFullscreenBounds=Rect(108, 738 - 1332, 2282) capturedLink=null capturedLinkTimestamp=0 requestedVisibleTypes=-9 topActivityRequestOpenInBrowserEducationTimestamp=0 appCompatTaskInfo=AppCompatTaskInfo { topActivityInSizeCompat=false eligibleForLetterboxEducation= false isLetterboxEducationEnabled= false isLetterboxDoubleTapEnabled= false eligibleForUserAspectRatioButton= false topActivityBoundsLetterboxed= false isFromLetterboxDoubleTap= false topActivityLetterboxVerticalPosition= -1 topActivityLetterboxHorizontalPosition= -1 topActivityLetterboxWidth=-1 topActivityLetterboxHeight=-1 topActivityAppBounds=Rect(0, 0 - 1440, 3088) isUserFullscreenOverrideEnabled=false isSystemFullscreenOverrideEnabled=false hasMinAspectRatioOverride=false topActivityLetterboxBounds=null cameraCompatTaskInfo=CameraCompatTaskInfo { freeformCameraCompatMode=inactive} topActivityBounds=null topActivityInDisplayCompat=false singleTapFromLetterbox=false} topActivityMainWindowFrame=null originallySupportedMultiWindow=true hasWallpaper=false rootAffinity=10373:com.armada.expiryapp isTopTaskInStage=false CoverLauncherWidgetTask=false LaunchedFromAppsCoverLauncherTask=false LaunchedFromMultistarCoverLauncherTask=false isAllowedSeamlessRotation=false isTopTransparentActivity=false isAliasManaged=false hasConfigChanged=false snappingGuideBounds=null isAiKeyRemoveAppTask=false lastDesktopWindowingBounds=null lastExternalDesktopWindowingBounds=null safeCutoutInsets=null}, pipChange = null, remoteTransition = null, displayChange = null, flags = 16, debugId = 4831 }
06-20 18:19:52.559  3167  3280 V WindowManager:         {WCT{RemoteToken{8cf501a Task{99b91aa #3113 type=standard A=10373:com.armada.expiryapp}}} m=CLOSE f=NONE leash=Surface(name=Task=3113)/@0x83a13c sb=Rect(0, 0 - 1440, 3088) eb=Rect(0, 0 - 1440, 3088) epz=Point(1440, 3088) d=0 taskParent=-1 inset=Rect(0, 0 - 0, 0) dim=true},
06-20 18:19:52.563  3167  3285 D SGM:FgCheckThread: pkgName: com.armada.expiryapp is not in foreground
06-20 18:19:52.563  3167  3285 D SGM:FgCheckThread: noteStopComponent(), received pkgName: com.armada.expiryapp, focusedPkgName: com.sec.android.app.launcher, userId: 0
06-20 18:19:52.564  2149  2149 I SurfaceFlinger: [LayerHierarchy{RequestedLayerState{be06d9c com.armada.expiryapp/com.armada.expiryapp.MainActivity#55691} no children}] reparent to OffscreenRoot
06-20 18:19:52.564  2149  2149 I SurfaceFlinger: [LayerHierarchy{RequestedLayerState{be06d9c com.armada.expiryapp/com.armada.expiryapp.MainActivity#55691} no children}] RelativeParent to null
06-20 18:19:52.565  3167  7719 V WindowManager: Schedule remove starting ActivityRecord{90778773 u0 com.armada.expiryapp/.MainActivity t3113 f} isExiting} startingWindow=Window{decc65f u0 Splash Screen com.armada.expiryapp} animate=true Callers=com.android.server.wm.ActivityRecord.onSyncTransactionCommitted:16 com.android.server.wm.BLASTSyncEngine$SyncGroup$1CommitCallback.onCommitted:104 com.android.server.wm.BLASTSyncEngine$SyncGroup$$ExternalSyntheticLambda0.onTransactionCommitted:8 android.view.SurfaceControl$Transaction$$ExternalSyntheticLambda4.run:0 com.android.server.SystemServerInitThreadPool$$ExternalSyntheticLambda0.execute:1 
06-20 18:19:52.569  7261 16287 I [AirCmd]_ActivitySwitchDetector: onTaskFocusChanged :mTopMostActivity = ComponentInfo{com.armada.expiryapp/com.armada.expiryapp.MainActivity}
06-20 18:19:52.575  3167  4718 I WindowManager: Relayout Window{decc65f u0 Splash Screen com.armada.expiryapp}: viewVisibility=8 req=1440x3088 ty=3 d0
06-20 18:19:52.577  3167  5886 D CoreBackPreview: Window{decc65f u0 Splash Screen com.armada.expiryapp}: Setting back callback null
06-20 18:19:52.578  3167  4718 D WindowManager: Starting window removed Window{decc65f u0 Splash Screen com.armada.expiryapp}
06-20 18:19:52.578  3167  4718 V WindowManager: Remove Window{decc65f u0 Splash Screen com.armada.expiryapp}: mSurfaceControl=Surface(name=Splash Screen com.armada.expiryapp$_4275)/@0xc7914a7 mAnimatingExit=false mRemoveOnExit=false mHasSurface=true surfaceShowing=true animating=false app-animation=false callers=com.android.server.wm.Session.remove:16 android.view.IWindowSession$Stub.onTransact:804 com.android.server.wm.Session.onTransact:1 android.os.Binder.execTransactInternal:1462 android.os.Binder.execTransact:1401 <bottom of call stack> 
06-20 18:19:52.589  2149  2149 I SurfaceFlinger: [LayerHierarchy{RequestedLayerState{decc65f Splash Screen com.armada.expiryapp#55684 z=2147483647} 1 children}] reparent to OffscreenRoot
06-20 18:19:52.589  2149  2149 I SurfaceFlinger: [LayerHierarchy{RequestedLayerState{decc65f Splash Screen com.armada.expiryapp#55684 z=2147483647} 1 children}] RelativeParent to null
06-20 18:19:52.589  2149  2149 I SurfaceFlinger: [LayerHierarchy{RequestedLayerState{Splash Screen com.armada.expiryapp$_4275#55685} no children}] reparent to OffscreenRoot
06-20 18:19:52.589  2149  2149 I SurfaceFlinger: [LayerHierarchy{RequestedLayerState{Splash Screen com.armada.expiryapp$_4275#55685} no children}] RelativeParent to null
06-20 18:19:52.909  3167  5886 V WindowManager:    ChangeInfo{fce0913 container=ActivityRecord{90778773 u0 com.armada.expiryapp/.MainActivity t3113 f} isExiting} flags=0x0}
06-20 18:19:52.909  3167  5886 V WindowManager:    ChangeInfo{4d93d49 container=Task{99b91aa #3113 type=standard A=10373:com.armada.expiryapp} flags=0x10}
06-20 18:19:52.910  2149  2490 I SurfaceFlinger: id=55685 Removed Splash Screen com.armada.expiryapp$_4275#55685 (266)
06-20 18:19:52.910  3167  5886 D PersonaActivityHelper: token.toString()  Token{bdf1938 ActivityRecord{90778773 u0 com.armada.expiryapp/.MainActivity t3113 f} isExiting}}
06-20 18:19:52.910  3167  5886 D ChangeTransitionController:    ChangeInfo{fce0913 container=ActivityRecord{90778773 u0 com.armada.expiryapp/.MainActivity t3113 f} isExiting} flags=0x0}
06-20 18:19:52.910  3167  5886 D ChangeTransitionController:    ChangeInfo{4d93d49 container=Task{99b91aa #3113 type=standard A=10373:com.armada.expiryapp} flags=0x10}
06-20 18:19:52.910  3167  5886 V WindowManager:    ChangeInfo{8eece8c container=ActivityRecord{90778773 u0 com.armada.expiryapp/.MainActivity t3113 f} isExiting} flags=0x0}
06-20 18:19:52.910  3167  5886 V WindowManager:    ChangeInfo{6004778 container=Task{99b91aa #3113 type=standard A=10373:com.armada.expiryapp} flags=0x10}
06-20 18:19:52.910  2149  2490 I SurfaceFlinger: id=55691 Removed be06d9c com.armada.expiryapp/com.armada.expiryapp.MainActivity#55691 (266)
06-20 18:19:52.911  3167  5886 D PersonaActivityHelper: token.toString()  Token{bdf1938 ActivityRecord{90778773 u0 com.armada.expiryapp/.MainActivity t3113 f} isExiting}}
06-20 18:19:52.911  2149  2488 I SurfaceFlinger: id=55689 Removed 4271c7f ActivityRecordInputSink com.armada.expiryapp/.MainActivity#55689 (266)
06-20 18:19:52.912  3167  5886 D ChangeTransitionController:    ChangeInfo{8eece8c container=ActivityRecord{90778773 u0 com.armada.expiryapp/.MainActivity t-1 f}} flags=0x0}
06-20 18:19:52.912  3167  5886 D ChangeTransitionController:    ChangeInfo{6004778 container=Task{99b91aa #3113 type=standard A=10373:com.armada.expiryapp} flags=0x10}
06-20 18:19:52.914  2149  2149 I SurfaceFlinger: destroyed Splash Screen com.armada.expiryapp$_4275#55685 form LifecycleManager
06-20 18:19:52.914  2149  2149 I SurfaceFlinger: destroyed be06d9c com.armada.expiryapp/com.armada.expiryapp.MainActivity#55691 form LifecycleManager
06-20 18:19:52.914  2149  2149 I SurfaceFlinger: id=55685 onLayerDestroyed from LayerHierarchyBuilder(RequestedLayerState{Splash Screen com.armada.expiryapp$_4275#55685 !handle})
06-20 18:19:52.914  2149  2149 I SurfaceFlinger: id=55691 onLayerDestroyed from LayerHierarchyBuilder(RequestedLayerState{be06d9c com.armada.expiryapp/com.armada.expiryapp.MainActivity#55691 !handle})
06-20 18:19:52.915  2149  2149 I Layer   : id=55685 Destroyed Splash Screen com.armada.expiryapp$_4275#55685
06-20 18:19:52.915  2149  2149 I Layer   : id=55691 Destroyed be06d9c com.armada.expiryapp/com.armada.expiryapp.MainActivity#55691
06-20 18:19:52.915  2149  2149 I SurfaceFlinger: id=55684 Removed decc65f Splash Screen com.armada.expiryapp#55684 (265)
06-20 18:19:52.922  2149  2149 I SurfaceFlinger: destroyed decc65f Splash Screen com.armada.expiryapp#55684 form LifecycleManager
06-20 18:19:52.922  2149  2149 I SurfaceFlinger: [LayerHierarchy{RequestedLayerState{ActivityRecord{90778773 u0 com.armada.expiryapp/.MainActivity t3113}#55683} 1 children}] reparent to OffscreenRoot
06-20 18:19:52.922  2149  2149 I SurfaceFlinger: [LayerHierarchy{RequestedLayerState{ActivityRecord{90778773 u0 com.armada.expiryapp/.MainActivity t3113}#55683} 1 children}] RelativeParent to null
06-20 18:19:52.922  2149  2149 I SurfaceFlinger: id=55684 onLayerDestroyed from LayerHierarchyBuilder(RequestedLayerState{decc65f Splash Screen com.armada.expiryapp#55684 !handle z=2147483647})
06-20 18:19:52.923  2149  2149 I Layer   : id=55684 Destroyed decc65f Splash Screen com.armada.expiryapp#55684
06-20 18:19:52.923  2149  2149 I SurfaceFlinger: id=55683 Removed ActivityRecord{90778773 u0 com.armada.expiryapp/.MainActivity t3113}#55683 (260)
06-20 18:19:52.931  2149  2149 I SurfaceFlinger: destroyed ActivityRecord{90778773 u0 com.armada.expiryapp/.MainActivity t3113}#55683 form LifecycleManager
06-20 18:19:52.931  2149  2149 I SurfaceFlinger: destroyed 4271c7f ActivityRecordInputSink com.armada.expiryapp/.MainActivity#55689 form LifecycleManager
06-20 18:19:52.931  2149  2149 I SurfaceFlinger: id=55683 onLayerDestroyed from LayerHierarchyBuilder(RequestedLayerState{ActivityRecord{90778773 u0 com.armada.expiryapp/.MainActivity t3113}#55683 !handle})
06-20 18:19:52.931  2149  2149 I SurfaceFlinger: id=55689 onLayerDestroyed from LayerHierarchyBuilder(RequestedLayerState{4271c7f ActivityRecordInputSink com.armada.expiryapp/.MainActivity#55689 !handle z=-2147483648})
06-20 18:19:52.931  2149  2149 I Layer   : id=55683 Destroyed ActivityRecord{90778773 u0 com.armada.expiryapp/.MainActivity t3113}#55683
06-20 18:19:52.931  2149  2149 I Layer   : id=55689 Destroyed 4271c7f ActivityRecordInputSink com.armada.expiryapp/.MainActivity#55689
06-20 18:19:53.012  3167  3285 W ActivityTaskManager: Activity top resumed state loss timeout for ActivityRecord{90778773 u0 com.armada.expiryapp/.MainActivity t-1 f}}
06-20 18:20:26.839  3167  5886 I Pageboost: start alp : com.armada.expiryapp
06-20 18:20:26.839  4725  4725 I HoneySpace.IconView: start dim animation : Armada Expiry
06-20 18:20:26.839  3167  4259 I Pageboost: alp for : com.armada.expiryapp , 0
06-20 18:20:26.840  5239 22072 E pageboostd: alp start : app comarmadaexpiryapp
06-20 18:20:26.841  5239 22072 E pageboostd: comarmadaexpiryapp, amt 708608 scnt 2 fcnt 0
06-20 18:20:26.842  5239 22072 E pageboostd: comarmadaexpiryapp, amt 40960 scnt 2 fcnt 4
06-20 18:20:26.842  5239 22072 E pageboostd: alp end : app comarmadaexpiryapp data_amount 749568
06-20 18:20:26.847  4275  4377 D ShellStartingWindow: preload Icon com.armada.expiryapp
06-20 18:20:26.861  3167  3294 I ActivityManager: Start proc 22073:com.armada.expiryapp/u0a373 for activelaunch {com.armada.expiryapp/com.armada.expiryapp.MainActivity}
06-20 18:20:27.246  3167  4353 I AppWidgetServiceImpl: getInstalledProvidersForProfiles lock in com.armada.expiryapp
06-20 18:20:27.247  4725  4725 I Widget  : package : com.armada.expiryapp, provider size : 0, isDex : false
06-20 18:20:27.257  4725  4725 I HoneySpace.QuickOptionPopup: Inflate QuickOption view: App(item=id:157875 label:Armada Expiry componnet:com.armada.expiryapp/.MainActivity#UserHandle{0} badgeCount:0  drag:false iconState:NONE, pageRank=4, rank=8, dragged=false, hasReservedPosition=false) , Shortcut Count: 0 ,Notification Count: 0, Title: null 
06-20 18:20:27.392 22073 22073 D nativeloader: Configuring clns-9 for other apk /data/app/~~CycEqu8SM004V2OgKFvOqw==/com.armada.expiryapp-3rBBrbHDTSYOamEq9bf13g==/base.apk. target_sdk_version=35, uses_libraries=, library_path=/data/app/~~CycEqu8SM004V2OgKFvOqw==/com.armada.expiryapp-3rBBrbHDTSYOamEq9bf13g==/lib/arm64:/data/app/~~CycEqu8SM004V2OgKFvOqw==/com.armada.expiryapp-3rBBrbHDTSYOamEq9bf13g==/base.apk!/lib/arm64-v8a, permitted_path=/data:/mnt/expand:/data/user/0/com.armada.expiryapp
06-20 18:20:27.400 22073 22073 V GraphicsEnvironment: com.armada.expiryapp is not listed in per-application setting
06-20 18:20:27.400 22073 22073 V GraphicsEnvironment: com.armada.expiryapp is not listed in ANGLE allowlist or settings, returning default
06-20 18:20:27.446  4725  4725 I HoneySpace.IconView: end dim animation : Armada Expiry
06-20 18:20:27.571  4725  4725 I HoneySpace.IconView: Start BounceAnimation Armada Expiry
06-20 18:20:28.483  3167  5886 I ActivityManager: Killing 22073:com.armada.expiryapp/u0a373 (adj 905): AL_Kill : over 1 slots
06-20 18:20:30.443 19344 19344 I UninstallerActivity: Uninstalling extras=Bundle[{com.android.packageinstaller.extra.IS_CLONE_APP=false, com.android.packageinstaller.extra.APP_LABEL=Armada Expiry, com.android.packageinstaller.applicationInfo=ApplicationInfo{183e650 com.armada.expiryapp}, android.intent.extra.UNINSTALL_ALL_USERS=false, com.android.packageinstaller.extra.UNINSTALL_ID=-2147483647}]
06-20 18:20:30.444  3167  7719 I PackageManager: pkg{com.armada.expiryapp}, user{0}, caller{10076} flags{0}
06-20 18:20:30.448  3167  3293 I ActivityManager: Force stopping com.armada.expiryapp appid=10373 user=0: deletePackageX
06-20 18:20:30.628  3167  4112 D BackgroundInstallControlService: handlePackageRemove: removing com.armada.expiryapp from 0
06-20 18:20:30.648  3167  3401 D AASA_PackageManager_RESTRICTED: Uninstall : userId = 0, info.uid = 10373, packageName = com.armada.expiryapp
06-20 18:20:30.680 19344 19344 I UninstallFinish: Uninstall finished extras=Bundle[{android.content.pm.extra.STATUS=0, com.android.packageinstaller.extra.IS_CLONE_APP=false, android.content.pm.extra.PACKAGE_NAME=com.armada.expiryapp, com.android.packageinstaller.extra.APP_LABEL=Armada Expiry, com.android.packageinstaller.applicationInfo=Supplier{VAL_PARCELABLE@548+1512}, android.intent.extra.UNINSTALL_ALL_USERS=false, android.content.pm.extra.LEGACY_STATUS=1, com.android.packageinstaller.extra.UNINSTALL_ID=-2147483647, android.content.pm.extra.STATUS_MESSAGE=DELETE_SUCCEEDED}]
06-20 18:20:30.680  3167  3401 I ActivityManager: Force stopping com.armada.expiryapp appid=10373 user=0: pkg removed
06-20 18:20:30.714  3167  3401 I ActivityManager: Force stopping com.armada.expiryapp appid=10373 user=0: pkg removed
06-20 18:20:30.728  3167  3703 D UsageStatsService: onPackageRemoved com.armada.expiryapp
06-20 18:20:30.728  3167  3689 D OverlayManager: onPackageRemoved pkgName=com.armada.expiryapp userId=0
06-20 18:20:30.728  3167  3689 I OverlayManager: updateOverlaysForTarget() called with: targetPackage = [com.armada.expiryapp], userId = [0], flags = [0]
06-20 18:20:30.730  4258  4812 I SatelliteAppTracker: onPackageRemoved : com.armada.expiryapp
06-20 18:20:30.731  3167  3780 V StorageManagerService: Package com.armada.expiryapp does not have legacy storage
06-20 18:20:30.730  4258  4258 D CarrierSvcBindHelper: onPackageRemoved: com.armada.expiryapp
06-20 18:20:30.741  4258  4258 I VvmPkgInstalledRcvr: packageName: com.armada.expiryapp, systemDialer: com.samsung.android.dialer
06-20 18:20:30.750  3167  4111 D ShortcutService: removing package: com.armada.expiryapp userId=0
06-20 18:20:30.751  3167  4068 D AS.AudioService: com.armada.expiryapp(10373) is removed
06-20 18:20:30.755  4258  4258 W VvmPkgInstalledRcvr: carrierVvmPkgAdded: carrier vvm packages doesn't contain com.armada.expiryapp
06-20 18:20:30.756  3167  3167 I ConditionProviders: Disallowing condition provider com.armada.expiryapp (userSet: true)
06-20 18:20:30.759  3167  3167 I DomainFilter: packageRemoved() - packageName: com.armada.expiryapp uid: 0
06-20 18:20:30.762  3167  4030 W WifiService: Couldn't get PackageInfo for package:com.armada.expiryapp
06-20 18:20:30.762  3167  4030 D WifiService: Remove settings for package:com.armada.expiryapp
06-20 18:20:30.764  3167  4030 D WifiConfigManager: Remove all networks for app ApplicationInfo{bec2044 com.armada.expiryapp}
06-20 18:20:30.764  3167  4068 D SGM:GameManager: identifyGamePackage. com.armada.expiryapp, mCurrentUserId: 0, callingMethodInfo: com.samsung.android.game.SemGameManager.isGamePackage(SemGameManager.java:106)
06-20 18:20:30.764  3167  4068 D SGM:SemGameManager: isGamePackage(), pkgName=com.armada.expiryapp, ret=false
06-20 18:20:30.764  3167  4030 I PasspointManager: No app ops listener found for com.armada.expiryapp
06-20 18:20:30.769  3167  3167 I Telecom : CarModeTracker: Package com.armada.expiryapp is not tracked.: SSH.oR@v3w
06-20 18:20:30.772  3167  4259 I Pageboost: remove app @ runtime : com.armada.expiryapp
06-20 18:20:30.780  4258  4258 W VvmPkgInstalledRcvr: carrierVvmPkgAdded: carrier vvm packages doesn't contain com.armada.expiryapp
06-20 18:20:30.789  3167  4059 D LocationManagerService: package com.armada.expiryapp reset
06-20 18:20:30.822  3167  7362 E HCPackageInfoUtils: NameNotFoundException for com.armada.expiryapp
06-20 18:20:30.830  3167  7362 E HCPackageInfoUtils: NameNotFoundException for com.armada.expiryapp
06-20 18:20:30.830  3167  7362 E HCPackageInfoUtils: NameNotFoundException for com.armada.expiryapp
06-20 18:20:30.830  3167  7362 E HCPackageInfoUtils: NameNotFoundException for com.armada.expiryapp
06-20 18:20:30.831  3167  7362 E HCPackageInfoUtils: NameNotFoundException for com.armada.expiryapp
06-20 18:20:30.831  3167  7362 E HCPackageInfoUtils: NameNotFoundException for com.armada.expiryapp
06-20 18:20:30.831  3167  7362 E HCPackageInfoUtils: NameNotFoundException for com.armada.expiryapp
06-20 18:20:30.831  3167  7362 E HCPackageInfoUtils: NameNotFoundException for com.armada.expiryapp
06-20 18:20:30.850  3167  3707 I RollbackManager: broadcast=ACTION_PACKAGE_FULLY_REMOVED pkg=com.armada.expiryapp
06-20 18:20:30.850  3167  4030 W WifiService: Couldn't get PackageInfo for package:com.armada.expiryapp
06-20 18:20:30.851  3167  4030 D WifiService: Remove settings for package:com.armada.expiryapp
06-20 18:20:30.851  3167  4030 D WifiConfigManager: Remove all networks for app ApplicationInfo{70772ce com.armada.expiryapp}
06-20 18:20:30.851  3167  4030 I PasspointManager: No app ops listener found for com.armada.expiryapp
06-20 18:20:30.879  5163  5263 I PackageInfoManager_FLP: action : ACTION_PACKAGE_REMOVED, packageName = com.armada.expiryapp
06-20 18:20:30.883  3167  3167 D EnterpriseLicenseService: isPackageInstalled() - com.armada.expiryapp not found in user 0
06-20 18:20:30.883  3167  3167 D EnterpriseLicenseService: isPackageInstalled() - com.armada.expiryapp not found in user 150
06-20 18:20:30.887 20827 20948 D AppRemovedReceiver: App removed: com.armada.expiryapp
06-20 18:20:30.899  4275  4275 D Navbar.Store: handleEvent(0) OnPackageRemoved(packageName=com.armada.expiryapp) [Module] NavBarStoreImpl
06-20 18:20:30.903  4275  4275 D KeyguardShortcutManager: onReceive : Intent.EXTRA_REPLACING false, com.armada.expiryapp
06-20 18:20:30.909  4275  4275 D SecSTQuickControlRequestReceiver: onReceiveForPackage action = android.intent.action.PACKAGE_REMOVED, pkgName = com.armada.expiryapp
06-20 18:20:30.944  4275  4275 I GoodLockLifecycle: onPackageRemoved: com.armada.expiryapp
06-20 18:20:30.945  4275  4275 D FaceWidgetMusicViewModel: onPackageRemoved() pkg = com.armada.expiryapp, r = false
06-20 18:20:30.947  3167  3167 I AppSearchManagerService: Handling android.intent.action.PACKAGE_FULLY_REMOVED broadcast on package: com.armada.expiryapp
06-20 18:20:30.966  3167  3731 D SEP_UNION_SemDeviceInfoManagerService: Package com.armada.expiryapp is removed on User 0 
06-20 18:20:30.995  4275  4275 I SharedAppWidgetFacade:  onPackageRemoved com.armada.expiryapp
06-20 18:20:30.996  7254  7254 W MediaProvider: WorkProfileOwnerApps cache miss for package com.armada.expiryapp
06-20 18:20:31.003  3167 22169 I Telecom : SamsungTelecomServiceImpl : clearAccounts - packageName : com.armada.expiryapp / callingPid : 3167 / processName : sts / callingUser : UserHandle{0}
06-20 18:20:31.019  4275  4275 I SharedWidgetListManager:  provider removed com.armada.expiryapp , size = 65 ,  65
06-20 18:20:31.023  7261  7261 I [AirCmd]_ShortcutListController: onReceive : android.intent.action.PACKAGE_REMOVED pkg = com.armada.expiryapp
06-20 18:20:31.045  7345  7576 E DMASA[C]: [LOGWING][k]Failed to get App version : com.armada.expiryapp
06-20 18:20:31.045 17295 17295 I Finsky:background: [2] Package no longer installed: com.armada.expiryapp
06-20 18:20:31.048 11948 11948 I Finsky  : [2] AIM: AppInfoCacheUpdater -> invalidating apps: [com.armada.expiryapp]
06-20 18:20:31.048 17295 17295 I Finsky:background: [2] Package no longer installed: com.armada.expiryapp
06-20 18:20:31.049 11948 12040 I Finsky  : [192] AIM: AppInfoManager-Perf > OnDeviceAppInfo > cacheHitCount=0, cacheMissCount=1. Missed  in cache (limit 10) : [com.armada.expiryapp]
06-20 18:20:31.094 11948 22194 I Finsky  : [581] Asset module storage cleared for package com.armada.expiryapp.
06-20 18:20:31.096 17295 17295 I Finsky:background: [2] Package no longer installed: com.armada.expiryapp
06-20 18:20:31.111 20452 22203 I ProximityAuth: [RecentAppsMediator] Package removed: (user=UserHandle{0}) com.armada.expiryapp
06-20 18:20:31.120 17295 17331 I Finsky:background: [184] IQ:PSL: skipping onPackageRemoved(replacing=false) for untracked package=com.armada.expiryapp
06-20 18:20:31.241 11948 11948 W Finsky  : [2] STU: Failed to get storage stats for package 'com.armada.expiryapp' (1601: Error getting stats: android.content.pm.PackageManager.NameNotFoundException)
06-20 18:20:31.404  3167  3292 I CredentialManager: updateProvidersWhenPackageRemoved)pkg=com.armada.expiryapp (0)
06-20 18:20:31.861  3167  3292 I SpenThemeManager: package removed = com.armada.expiryapp
06-20 18:20:31.874 22166 22260 I ENTM:Systemprocess: handlePackageRemoved().pkgName: com.armada.expiryapp
06-20 18:20:31.874 22166 22260 I ENTM:Systemprocess: checkELMActivationForPackageRemoved().START - com.armada.expiryapp
06-20 18:20:31.875 14301 22209 W RWIPackageIntentOps: Registries cleared for package: com.armada.expiryapp
06-20 18:20:31.875  3167  3292 I SettingsProvider: onPackageRemoved (userId 0) PackageName = com.armada.expiryapp
06-20 18:20:31.876  3167  3292 I SGM:GameManager: PkgUpdateReceiver, onPackageRemoved(). pkgName=com.armada.expiryapp, userId=0
06-20 18:20:31.880  3167  3292 W SGM:Util: isPkgInstalled(), com.armada.expiryapp does not exist. 
06-20 18:20:31.880  3167  3292 D SGM:Util: isPkgInstalled(). pkgName=com.armada.expiryapp, userId=0, installed=false
06-20 18:20:31.880  3167  3292 D SGM:GosNotifyThread: sendPackageMessage(), changeType=1, pkgName=com.armada.expiryapp, userHandleId=0
06-20 18:20:31.897 14301  6683 I Icing   : doRemovePackageData com.armada.expiryapp
06-20 18:20:31.897 22166 22260 I ENTM:Systemprocess: checkKLMActivationForPackageRemoved().START - com.armada.expiryapp
06-20 18:20:31.898 19653 19653 D PersistedStoragePackageUninstalledReceiver: Received android.intent.action.PACKAGE_FULLY_REMOVED for com.armada.expiryapp for u0
06-20 18:20:31.900 14301 22205 W SQLiteLog: (28) double-quoted string literal: "com.armada.expiryapp"
06-20 18:20:31.902 22166 22260 I ENTM:DataBaseUtils: isSameTrackerIdInDeviceDB().START: com.armada.expiryapp
06-20 18:20:31.906 19674 19674 I FILP/PackageIntentReceiver: pkgName : com.armada.expiryapp
06-20 18:20:31.911  8338  8467 I Rubin   : [196] com.samsung.android.rubin.upload.util.runestonelog.RunestoneLogUtil.getAppVersion(SourceFile:20) : com.armada.expiryapp is not exist
06-20 18:20:31.923 22053 22053 I SCS@AiSearch user 0: (PackageBroadcastReceiver) packageName: com.armada.expiryapp
06-20 18:20:31.923 22053 22053 I SCS@AiSearch user 0: (PackageBroadcastReceiver) Packages changed: com.armada.expiryapp
06-20 18:20:31.924  9503  9503 I Notification4Watch7_AM: NotificationPackageReceiver.onReceive-action: android.intent.action.PACKAGE_REMOVED, userId: 0, packageName: com.armada.expiryapp
06-20 18:20:31.932  6974  6974 I AccountReloadObserver: [D] received action: android.intent.action.PACKAGE_REMOVED, dat: package:com.armada.expiryapp
06-20 18:20:31.933  5653  5653 I AccountReloadObserver: [C] received action: android.intent.action.PACKAGE_REMOVED, dat: package:com.armada.expiryapp
06-20 18:20:31.938 19674 22272 I FILP/FilterInstaller: removeFromFS : com.armada.expiryapp, cursor size : 0
06-20 18:20:31.942 19674 22272 I FILP/FilterInstaller: Delete all filter DB result : com.armada.expiryapp, 0
06-20 18:20:31.943 19674 22272 I FILP/FilterInstaller: Delete filter DB result : com.armada.expiryapp, 0
06-20 18:20:31.945 19674 22272 I FILP/FilterInstaller: Delete my filter DB result : com.armada.expiryapp, 0
06-20 18:20:31.945 19674 22272 I FILP/FilterInstaller: uninstallFilters mPackageName: com.armada.expiryapp
06-20 18:20:32.089  7254 22267 D MediaProvider: Deleted 0 Android/media items belonging to com.armada.expiryapp on /data/user/0/com.google.android.providers.media.module/databases/external.db
06-20 18:20:32.168  3167  3292 D MetaDataCollector: onReceive: done pkgName=com.armada.expiryapp
06-20 18:20:32.169  3167  3292 D LauncherAppsService: Calling onPackageRemoved: com.armada.expiryapp, EXTRA_REPLACING: false
06-20 18:20:32.169  3167  3292 D LauncherAppsService: onPackageRemoved: triggering onPackageRemoved for user=UserHandle{0}, packageName=com.armada.expiryapp
06-20 18:20:32.169  3167  3292 D LauncherAppsService: onPackageRemoved: triggering onPackageRemoved for user=UserHandle{0}, packageName=com.armada.expiryapp
06-20 18:20:32.169  4725  4725 I HoneySpace.PackageOperationTracker: onPackageRemoved - com.armada.expiryapp UserHandle{0}
06-20 18:20:32.170  4725  4725 I HoneySpace.PackageChangedCallbackImpl: onPackageRemoved: com.armada.expiryapp / UserHandle{0}
06-20 18:20:32.170  4275 15203 D LauncherApps: onPackageRemoved 0,com.armada.expiryapp
06-20 18:20:32.170  3167  3292 D LauncherAppsService: onPackageRemoved: Skipping - profile not enabled or not accessible for user=UserHandle{0}, packageName=com.armada.expiryapp
06-20 18:20:32.170  3167  3292 D LauncherAppsService: onPackageRemoved: triggering onPackageRemoved for user=UserHandle{0}, packageName=com.armada.expiryapp
06-20 18:20:32.170  3167  3292 D LauncherAppsService: onPackageRemoved: triggering onPackageRemoved for user=UserHandle{0}, packageName=com.armada.expiryapp
06-20 18:20:32.170  3167  3292 D LauncherAppsService: onPackageRemoved: triggering onPackageRemoved for user=UserHandle{0}, packageName=com.armada.expiryapp
06-20 18:20:32.170  3167  3292 D LauncherApps: onPackageRemoved 0,com.armada.expiryapp
06-20 18:20:32.170  7257 10606 D LauncherApps: onPackageRemoved 0,com.armada.expiryapp
06-20 18:20:32.171  4725 15348 I HoneySpace.IconCache: remove icon cache & DB : com.armada.expiryapp UserHandle{0}
06-20 18:20:32.171  4725 15348 I HoneySpace.IconCache: removeSpecificIconDb: com.armada.expiryapp UserHandle{0}
06-20 18:20:32.176  4725  4725 I HoneySpace.HoneySpaceManagerContainer: refreshHoneyPlugin, packageName: com.armada.expiryapp
06-20 18:20:32.176  4725 16313 I HoneySpace.HoneySpacePackageSourceImpl: Package removed : com.armada.expiryapp
06-20 18:20:32.177  4725  4725 I HoneySpace.PackageEventHandler: Package removed : [com.armada.expiryapp/.MainActivity#UserHandle{0}]
06-20 18:20:32.178  4725  4725 I HoneySpace.DataCache: deleteItem : id=157875, title=Armada Expiry, type=APP, containerType=ITEM_GROUP, containerId=14, x=-1, y=-1, rank=8, spanX=-1, spanY=-1, scale=1.0, component=com.armada.expiryapp/.MainActivity, profileId=0, intent=null, restored=0, hidden=UNHIDDEN, appWidgetId=-1, options=0, refPackageName=null (appList) package removed
06-20 18:20:32.178  4725 18105 I SearchableManager: com.armada.expiryapp is not legacy engine type
06-20 18:20:32.178  4725 18105 I SearchableManager: invalidate: com.armada.expiryapp
06-20 18:20:32.178  4725  7592 I HoneySpace.DataCache: delete item : (appList) package removed - APP / 157875 / 14 / Armada Expiry / com.armada.expiryapp/.MainActivity / -1 / 0
06-20 18:20:32.180  4725  4725 I HoneySpace.IconView: createScaleAndAlphaAnim start - view=com.honeyspace.ui.common.iconview.IconViewImpl{5d1c700 VFED..CL. ........ 798,353-1064,706 #7f0a02ed app:id/icon} - Armada Expiry, visibility:0, alpha:1.0, badge:0, icon:203x203, iconAlpha:255, iconState:NONE, iconSize:207, forceHideBadge:false, isTransparent:false, x=3, y=1
06-20 18:20:32.232  7254 22267 I FuseDaemon: Successfully deleted rows in leveldb for owner_id:  and ownerPackageIdentifier: com.armada.expiryapp::0
06-20 18:20:32.238  7254 22267 D MediaGrants: Removed 0 media_grants for 0 user for [com.armada.expiryapp]. Reason: Package orphaned
06-20 18:20:32.366 22339 22339 I DWBPkgEventReceiver: Received : android.intent.action.PACKAGE_FULLY_REMOVED, Package : com.armada.expiryapp
06-20 18:20:32.370 22339 22339 I DWBPkgEventService: startId : 1, Received : com.samsung.android.forest.PACKAGE_REMOVED, Package : com.armada.expiryapp
06-20 18:20:32.579  4725 17765 I SearchEngineAppSuggestion: package removed: com.armada.expiryapp
06-20 18:20:32.590  4725 17765 I HoneySpace.SuggestAppDecor: getInstaller: com.armada.carrefoursearch [com.google.android.packageinstaller]
06-20 18:20:32.635  4725  4725 I HoneySpace.IconView: createScaleAndAlphaAnim end - view=com.honeyspace.ui.common.iconview.IconViewImpl{5d1c700 VFED..CL. ........ 798,353-1064,706 #7f0a02ed app:id/icon} - Armada Expiry, visibility:0, alpha:0.0, badge:0, icon:203x203, iconAlpha:255, iconState:NONE, iconSize:207, forceHideBadge:false, isTransparent:false, x=3, y=1
06-20 18:20:32.635  4725  4725 I HoneySpace.ApplistCellLayout: removeView [4] (3,1) view=com.honeyspace.ui.common.iconview.IconViewImpl{5d1c700 VFED..CL. ........ 798,353-1064,706 #7f0a02ed app:id/icon} - Armada Expiry, visibility:0, alpha:0.0, badge:0, icon:203x203, iconAlpha:255, iconState:NONE, iconSize:207, forceHideBadge:false, isTransparent:false, x=3, y=1
06-20 18:20:33.089 22722 22830 I System.out: [KNOXPPClient][DEBUG][PPSharedPreference]: removeServiceAgent: TODO com.armada.expiryapp
06-20 18:23:12.188  3167  3679 I PackageInformation: com.armada.expiryapp ::20260312::20250713
06-20 18:23:12.198 11948 11948 I Finsky  : [2] VerifyApps: Install-time verification requested for package com.armada.expiryapp, PackageManager id = 46, Verifier id = e4f5f757-f2c4-4202-903a-b126a68f2510
06-20 18:23:12.213 19453 19481 I GOS:GameServiceReceiver:  PkgInstallStarted for com.armada.expiryapp UserID : 0
06-20 18:23:12.279 19453 24500 W GOS:PackageUtil: isPackageInstalledAsUser(). Exception: android.content.pm.PackageManager$NameNotFoundException: com.armada.expiryapp
06-20 18:23:12.279 19453 24500 I GOS:GameIntentService: onPackageChanged(). extras: Bundle[{changeType=2, userId=0, type=15, packageName=com.armada.expiryapp}]
06-20 18:23:12.279 19453 24500 I GOS:GameIntentService: onPackageChanged(). changeType(INSTALL_STARTED), pkgName(com.armada.expiryapp), UserHandle(0), userId(0), Installed(false)
