
06-18 00:00:06.695  2345  2345 E AndroidRuntime: FATAL EXCEPTION: main
06-18 00:00:06.695  2345  2345 E AndroidRuntime: Process: com.alawail.alarm.prayertimes_mobile, PID: 2345
06-18 00:00:06.695  2345  2345 E AndroidRuntime: android.app.RemoteServiceException$ForegroundServiceDidNotStartInTimeException: Context.startForegroundService() did not then call Service.startForeground(): ServiceRecord{828804d u0 com.alawail.alarm.prayertimes_mobile/com.alawail.prayertimes.net_request.NetServiceBackground c:com.alawail.alarm.prayertimes_mobile}
06-18 00:00:06.695  2345  2345 E AndroidRuntime: 	at android.app.ActivityThread.generateForegroundServiceDidNotStartInTimeException(ActivityThread.java:2675)
06-18 00:00:06.695  2345  2345 E AndroidRuntime: 	at android.app.ActivityThread.throwRemoteServiceException(ActivityThread.java:2643)
06-18 00:00:06.695  2345  2345 E AndroidRuntime: 	at android.app.ActivityThread.-$$Nest$mthrowRemoteServiceException(ActivityThread.java:0)
06-18 00:00:06.695  2345  2345 E AndroidRuntime: 	at android.app.ActivityThread$H.handleMessage(ActivityThread.java:3068)
06-18 00:00:06.695  2345  2345 E AndroidRuntime: 	at android.os.Handler.dispatchMessage(Handler.java:110)
06-18 00:00:06.695  2345  2345 E AndroidRuntime: 	at android.os.Looper.loopOnce(Looper.java:273)
06-18 00:00:06.695  2345  2345 E AndroidRuntime: 	at android.os.Looper.loop(Looper.java:363)
06-18 00:00:06.695  2345  2345 E AndroidRuntime: 	at android.app.ActivityThread.main(ActivityThread.java:10060)
06-18 00:00:06.695  2345  2345 E AndroidRuntime: 	at java.lang.reflect.Method.invoke(Native Method)
06-18 00:00:06.695  2345  2345 E AndroidRuntime: 	at com.android.internal.os.RuntimeInit$MethodAndArgsCaller.run(RuntimeInit.java:632)
06-18 00:00:06.695  2345  2345 E AndroidRuntime: 	at com.android.internal.os.ZygoteInit.main(ZygoteInit.java:975)
06-18 00:00:06.695  2345  2345 E AndroidRuntime: Caused by: android.app.StackTrace: Last startServiceCommon() call for this service was made here
06-18 00:00:06.695  2345  2345 E AndroidRuntime: 	at android.app.ContextImpl.startServiceCommon(ContextImpl.java:2131)
06-18 00:00:06.695  2345  2345 E AndroidRuntime: 	at android.app.ContextImpl.startForegroundService(ContextImpl.java:2075)
06-18 00:00:06.695  2345  2345 E AndroidRuntime: 	at android.content.ContextWrapper.startForegroundService(ContextWrapper.java:877)
06-18 00:00:06.695  2345  2345 E AndroidRuntime: 	at a1.a.w(SourceFile:1)
06-18 00:00:06.695  2345  2345 E AndroidRuntime: 	at com.alawail.prayertimes.MyTool.startService(SourceFile:27)
06-18 00:00:06.695  2345  2345 E AndroidRuntime: 	at com.alawail.prayertimes.MyTool.doNextJob(SourceFile:46)
06-18 00:00:06.695  2345  2345 E AndroidRuntime: 	at com.alawail.prayertimes.MyTool.startAlarmOnBootBroadcastReciever(SourceFile:39)
06-18 00:00:06.695  2345  2345 E AndroidRuntime: 	at com.alawail.prayertimes.MyTool.createAlarmPrayerTime12Night(SourceFile:259)
06-18 00:00:06.695  2345  2345 E AndroidRuntime: 	at com.alawail.prayertimes.MyTool.createAlarmPrayerTime12Night_today(SourceFile:128)
06-18 00:00:06.695  2345  2345 E AndroidRuntime: 	at com.alawail.prayertimes.MyToolKKt.restartAppOrRefreshWidgets(SourceFile:45)
06-18 00:00:06.695  2345  2345 E AndroidRuntime: 	at com.alawail.prayertimes.net_request.NetServiceBackground$CreateAlarmPrayerTime12Night$doJob$1.invokeSuspend(SourceFile:60)
06-18 00:00:06.695  2345  2345 E AndroidRuntime: 	at kotlin.coroutines.jvm.internal.BaseContinuationImpl.resumeWith(SourceFile:12)
06-18 00:00:06.695  2345  2345 E AndroidRuntime: 	at kotlinx.coroutines.DispatchedTask.run(SourceFile:129)
06-18 00:00:06.695  2345  2345 E AndroidRuntime: 	at androidx.core.app.j.a(SourceFile:6)
06-18 00:00:06.695  2345  2345 E AndroidRuntime: 	at androidx.core.app.j.run(SourceFile:323)
06-18 00:00:06.695  2345  2345 E AndroidRuntime: 	at e8.a.run(SourceFile:3)
06-18 00:00:06.695  2345  2345 E AndroidRuntime: 	at kotlinx.coroutines.scheduling.CoroutineScheduler.runSafely(SourceFile:1)
06-18 00:00:06.695  2345  2345 E AndroidRuntime: 	at kotlinx.coroutines.scheduling.CoroutineScheduler$Worker.run(SourceFile:58)
06-18 00:00:23.741 25570 25570 E AndroidRuntime: FATAL EXCEPTION: main
06-18 00:00:23.741 25570 25570 E AndroidRuntime: Process: com.alawail.alarm.prayertimes_mobile, PID: 25570
06-18 00:00:23.741 25570 25570 E AndroidRuntime: android.app.RemoteServiceException$ForegroundServiceDidNotStopInTimeException: A foreground service of type dataSync did not stop within its timeout: ComponentInfo{com.alawail.alarm.prayertimes_mobile/com.alawail.prayertimes.services.NotificationPrayerBarService}
06-18 00:00:23.741 25570 25570 E AndroidRuntime: 	at android.app.ActivityThread.generateForegroundServiceDidNotStopInTimeException(ActivityThread.java:2684)
06-18 00:00:23.741 25570 25570 E AndroidRuntime: 	at android.app.ActivityThread.throwRemoteServiceException(ActivityThread.java:2646)
06-18 00:00:23.741 25570 25570 E AndroidRuntime: 	at android.app.ActivityThread.-$$Nest$mthrowRemoteServiceException(ActivityThread.java:0)
06-18 00:00:23.741 25570 25570 E AndroidRuntime: 	at android.app.ActivityThread$H.handleMessage(ActivityThread.java:3068)
06-18 00:00:23.741 25570 25570 E AndroidRuntime: 	at android.os.Handler.dispatchMessage(Handler.java:110)
06-18 00:00:23.741 25570 25570 E AndroidRuntime: 	at android.os.Looper.loopOnce(Looper.java:273)
06-18 00:00:23.741 25570 25570 E AndroidRuntime: 	at android.os.Looper.loop(Looper.java:363)
06-18 00:00:23.741 25570 25570 E AndroidRuntime: 	at android.app.ActivityThread.main(ActivityThread.java:10060)
06-18 00:00:23.741 25570 25570 E AndroidRuntime: 	at java.lang.reflect.Method.invoke(Native Method)
06-18 00:00:23.741 25570 25570 E AndroidRuntime: 	at com.android.internal.os.RuntimeInit$MethodAndArgsCaller.run(RuntimeInit.java:632)
06-18 00:00:23.741 25570 25570 E AndroidRuntime: 	at com.android.internal.os.ZygoteInit.main(ZygoteInit.java:975)
06-19 00:00:04.887 25704 25704 E AndroidRuntime: FATAL EXCEPTION: main
06-19 00:00:04.887 25704 25704 E AndroidRuntime: Process: com.alawail.alarm.prayertimes_mobile, PID: 25704
06-19 00:00:04.887 25704 25704 E AndroidRuntime: android.app.RemoteServiceException$ForegroundServiceDidNotStartInTimeException: Context.startForegroundService() did not then call Service.startForeground(): ServiceRecord{9436141 u0 com.alawail.alarm.prayertimes_mobile/com.alawail.prayertimes.net_request.NetServiceBackground c:com.alawail.alarm.prayertimes_mobile}
06-19 00:00:04.887 25704 25704 E AndroidRuntime: 	at android.app.ActivityThread.generateForegroundServiceDidNotStartInTimeException(ActivityThread.java:2675)
06-19 00:00:04.887 25704 25704 E AndroidRuntime: 	at android.app.ActivityThread.throwRemoteServiceException(ActivityThread.java:2643)
06-19 00:00:04.887 25704 25704 E AndroidRuntime: 	at android.app.ActivityThread.-$$Nest$mthrowRemoteServiceException(ActivityThread.java:0)
06-19 00:00:04.887 25704 25704 E AndroidRuntime: 	at android.app.ActivityThread$H.handleMessage(ActivityThread.java:3068)
06-19 00:00:04.887 25704 25704 E AndroidRuntime: 	at android.os.Handler.dispatchMessage(Handler.java:110)
06-19 00:00:04.887 25704 25704 E AndroidRuntime: 	at android.os.Looper.loopOnce(Looper.java:273)
06-19 00:00:04.887 25704 25704 E AndroidRuntime: 	at android.os.Looper.loop(Looper.java:363)
06-19 00:00:04.887 25704 25704 E AndroidRuntime: 	at android.app.ActivityThread.main(ActivityThread.java:10060)
06-19 00:00:04.887 25704 25704 E AndroidRuntime: 	at java.lang.reflect.Method.invoke(Native Method)
06-19 00:00:04.887 25704 25704 E AndroidRuntime: 	at com.android.internal.os.RuntimeInit$MethodAndArgsCaller.run(RuntimeInit.java:632)
06-19 00:00:04.887 25704 25704 E AndroidRuntime: 	at com.android.internal.os.ZygoteInit.main(ZygoteInit.java:975)
06-19 00:00:04.887 25704 25704 E AndroidRuntime: Caused by: android.app.StackTrace: Last startServiceCommon() call for this service was made here
06-19 00:00:04.887 25704 25704 E AndroidRuntime: 	at android.app.ContextImpl.startServiceCommon(ContextImpl.java:2131)
06-19 00:00:04.887 25704 25704 E AndroidRuntime: 	at android.app.ContextImpl.startForegroundService(ContextImpl.java:2075)
06-19 00:00:04.887 25704 25704 E AndroidRuntime: 	at android.content.ContextWrapper.startForegroundService(ContextWrapper.java:877)
06-19 00:00:04.887 25704 25704 E AndroidRuntime: 	at a1.a.w(SourceFile:1)
06-19 00:00:04.887 25704 25704 E AndroidRuntime: 	at com.alawail.prayertimes.MyTool.startService(SourceFile:27)
06-19 00:00:04.887 25704 25704 E AndroidRuntime: 	at com.alawail.prayertimes.MyTool.doNextJob(SourceFile:46)
06-19 00:00:04.887 25704 25704 E AndroidRuntime: 	at com.alawail.prayertimes.MyTool.startAlarmOnBootBroadcastReciever(SourceFile:39)
06-19 00:00:04.887 25704 25704 E AndroidRuntime: 	at com.alawail.prayertimes.MyTool.createAlarmPrayerTime12Night(SourceFile:259)
06-19 00:00:04.887 25704 25704 E AndroidRuntime: 	at com.alawail.prayertimes.MyTool.createAlarmPrayerTime12Night_today(SourceFile:128)
06-19 00:00:04.887 25704 25704 E AndroidRuntime: 	at com.alawail.prayertimes.MyToolKKt.restartAppOrRefreshWidgets(SourceFile:45)
06-19 00:00:04.887 25704 25704 E AndroidRuntime: 	at com.alawail.prayertimes.net_request.NetServiceBackground$CreateAlarmPrayerTime12Night$doJob$1.invokeSuspend(SourceFile:60)
06-19 00:00:04.887 25704 25704 E AndroidRuntime: 	at kotlin.coroutines.jvm.internal.BaseContinuationImpl.resumeWith(SourceFile:12)
06-19 00:00:04.887 25704 25704 E AndroidRuntime: 	at kotlinx.coroutines.DispatchedTask.run(SourceFile:129)
06-19 00:00:04.887 25704 25704 E AndroidRuntime: 	at androidx.core.app.j.a(SourceFile:6)
06-19 00:00:04.887 25704 25704 E AndroidRuntime: 	at androidx.core.app.j.run(SourceFile:323)
06-19 00:00:04.887 25704 25704 E AndroidRuntime: 	at e8.a.run(SourceFile:3)
06-19 00:00:04.887 25704 25704 E AndroidRuntime: 	at kotlinx.coroutines.scheduling.CoroutineScheduler.runSafely(SourceFile:1)
06-19 00:00:04.887 25704 25704 E AndroidRuntime: 	at kotlinx.coroutines.scheduling.CoroutineScheduler$Worker.run(SourceFile:58)
06-19 00:01:23.985 24766 24766 E AndroidRuntime: FATAL EXCEPTION: main
06-19 00:01:23.985 24766 24766 E AndroidRuntime: Process: com.alawail.alarm.prayertimes_mobile, PID: 24766
06-19 00:01:23.985 24766 24766 E AndroidRuntime: android.app.RemoteServiceException$ForegroundServiceDidNotStopInTimeException: A foreground service of type dataSync did not stop within its timeout: ComponentInfo{com.alawail.alarm.prayertimes_mobile/com.alawail.prayertimes.services.NotificationPrayerBarService}
06-19 00:01:23.985 24766 24766 E AndroidRuntime: 	at android.app.ActivityThread.generateForegroundServiceDidNotStopInTimeException(ActivityThread.java:2684)
06-19 00:01:23.985 24766 24766 E AndroidRuntime: 	at android.app.ActivityThread.throwRemoteServiceException(ActivityThread.java:2646)
06-19 00:01:23.985 24766 24766 E AndroidRuntime: 	at android.app.ActivityThread.-$$Nest$mthrowRemoteServiceException(ActivityThread.java:0)
06-19 00:01:23.985 24766 24766 E AndroidRuntime: 	at android.app.ActivityThread$H.handleMessage(ActivityThread.java:3068)
06-19 00:01:23.985 24766 24766 E AndroidRuntime: 	at android.os.Handler.dispatchMessage(Handler.java:110)
06-19 00:01:23.985 24766 24766 E AndroidRuntime: 	at android.os.Looper.loopOnce(Looper.java:273)
06-19 00:01:23.985 24766 24766 E AndroidRuntime: 	at android.os.Looper.loop(Looper.java:363)
06-19 00:01:23.985 24766 24766 E AndroidRuntime: 	at android.app.ActivityThread.main(ActivityThread.java:10060)
06-19 00:01:23.985 24766 24766 E AndroidRuntime: 	at java.lang.reflect.Method.invoke(Native Method)
06-19 00:01:23.985 24766 24766 E AndroidRuntime: 	at com.android.internal.os.RuntimeInit$MethodAndArgsCaller.run(RuntimeInit.java:632)
06-19 00:01:23.985 24766 24766 E AndroidRuntime: 	at com.android.internal.os.ZygoteInit.main(ZygoteInit.java:975)
06-19 12:21:36.065 24973 24973 E AndroidRuntime: FATAL EXCEPTION: main
06-19 12:21:36.065 24973 24973 E AndroidRuntime: Process: com.alawail.alarm.prayertimes_mobile, PID: 24973
06-19 12:21:36.065 24973 24973 E AndroidRuntime: android.app.RemoteServiceException$ForegroundServiceDidNotStopInTimeException: A foreground service of type dataSync did not stop within its timeout: ComponentInfo{com.alawail.alarm.prayertimes_mobile/com.alawail.prayertimes.services.NotificationPrayerBarService}
06-19 12:21:36.065 24973 24973 E AndroidRuntime: 	at android.app.ActivityThread.generateForegroundServiceDidNotStopInTimeException(ActivityThread.java:2684)
06-19 12:21:36.065 24973 24973 E AndroidRuntime: 	at android.app.ActivityThread.throwRemoteServiceException(ActivityThread.java:2646)
06-19 12:21:36.065 24973 24973 E AndroidRuntime: 	at android.app.ActivityThread.-$$Nest$mthrowRemoteServiceException(ActivityThread.java:0)
06-19 12:21:36.065 24973 24973 E AndroidRuntime: 	at android.app.ActivityThread$H.handleMessage(ActivityThread.java:3068)
06-19 12:21:36.065 24973 24973 E AndroidRuntime: 	at android.os.Handler.dispatchMessage(Handler.java:110)
06-19 12:21:36.065 24973 24973 E AndroidRuntime: 	at android.os.Looper.loopOnce(Looper.java:273)
06-19 12:21:36.065 24973 24973 E AndroidRuntime: 	at android.os.Looper.loop(Looper.java:363)
06-19 12:21:36.065 24973 24973 E AndroidRuntime: 	at android.app.ActivityThread.main(ActivityThread.java:10060)
06-19 12:21:36.065 24973 24973 E AndroidRuntime: 	at java.lang.reflect.Method.invoke(Native Method)
06-19 12:21:36.065 24973 24973 E AndroidRuntime: 	at com.android.internal.os.RuntimeInit$MethodAndArgsCaller.run(RuntimeInit.java:632)
06-19 12:21:36.065 24973 24973 E AndroidRuntime: 	at com.android.internal.os.ZygoteInit.main(ZygoteInit.java:975)
06-20 00:00:05.322  8304  8304 E AndroidRuntime: FATAL EXCEPTION: main
06-20 00:00:05.322  8304  8304 E AndroidRuntime: Process: com.alawail.alarm.prayertimes_mobile, PID: 8304
06-20 00:00:05.322  8304  8304 E AndroidRuntime: android.app.RemoteServiceException$ForegroundServiceDidNotStartInTimeException: Context.startForegroundService() did not then call Service.startForeground(): ServiceRecord{9238f84 u0 com.alawail.alarm.prayertimes_mobile/com.alawail.prayertimes.net_request.NetServiceBackground c:com.alawail.alarm.prayertimes_mobile}
06-20 00:00:05.322  8304  8304 E AndroidRuntime: 	at android.app.ActivityThread.generateForegroundServiceDidNotStartInTimeException(ActivityThread.java:2675)
06-20 00:00:05.322  8304  8304 E AndroidRuntime: 	at android.app.ActivityThread.throwRemoteServiceException(ActivityThread.java:2643)
06-20 00:00:05.322  8304  8304 E AndroidRuntime: 	at android.app.ActivityThread.-$$Nest$mthrowRemoteServiceException(ActivityThread.java:0)
06-20 00:00:05.322  8304  8304 E AndroidRuntime: 	at android.app.ActivityThread$H.handleMessage(ActivityThread.java:3068)
06-20 00:00:05.322  8304  8304 E AndroidRuntime: 	at android.os.Handler.dispatchMessage(Handler.java:110)
06-20 00:00:05.322  8304  8304 E AndroidRuntime: 	at android.os.Looper.loopOnce(Looper.java:273)
06-20 00:00:05.322  8304  8304 E AndroidRuntime: 	at android.os.Looper.loop(Looper.java:363)
06-20 00:00:05.322  8304  8304 E AndroidRuntime: 	at android.app.ActivityThread.main(ActivityThread.java:10060)
06-20 00:00:05.322  8304  8304 E AndroidRuntime: 	at java.lang.reflect.Method.invoke(Native Method)
06-20 00:00:05.322  8304  8304 E AndroidRuntime: 	at com.android.internal.os.RuntimeInit$MethodAndArgsCaller.run(RuntimeInit.java:632)
06-20 00:00:05.322  8304  8304 E AndroidRuntime: 	at com.android.internal.os.ZygoteInit.main(ZygoteInit.java:975)
06-20 00:00:05.322  8304  8304 E AndroidRuntime: Caused by: android.app.StackTrace: Last startServiceCommon() call for this service was made here
06-20 00:00:05.322  8304  8304 E AndroidRuntime: 	at android.app.ContextImpl.startServiceCommon(ContextImpl.java:2131)
06-20 00:00:05.322  8304  8304 E AndroidRuntime: 	at android.app.ContextImpl.startForegroundService(ContextImpl.java:2075)
06-20 00:00:05.322  8304  8304 E AndroidRuntime: 	at android.content.ContextWrapper.startForegroundService(ContextWrapper.java:877)
06-20 00:00:05.322  8304  8304 E AndroidRuntime: 	at a1.a.w(SourceFile:1)
06-20 00:00:05.322  8304  8304 E AndroidRuntime: 	at com.alawail.prayertimes.MyTool.startService(SourceFile:27)
06-20 00:00:05.322  8304  8304 E AndroidRuntime: 	at com.alawail.prayertimes.MyTool.doNextJob(SourceFile:46)
06-20 00:00:05.322  8304  8304 E AndroidRuntime: 	at com.alawail.prayertimes.MyTool.startAlarmOnBootBroadcastReciever(SourceFile:39)
06-20 00:00:05.322  8304  8304 E AndroidRuntime: 	at com.alawail.prayertimes.MyTool.createAlarmPrayerTime12Night(SourceFile:259)
06-20 00:00:05.322  8304  8304 E AndroidRuntime: 	at com.alawail.prayertimes.MyTool.createAlarmPrayerTime12Night_today(SourceFile:128)
06-20 00:00:05.322  8304  8304 E AndroidRuntime: 	at com.alawail.prayertimes.MyToolKKt.restartAppOrRefreshWidgets(SourceFile:45)
06-20 00:00:05.322  8304  8304 E AndroidRuntime: 	at com.alawail.prayertimes.net_request.NetServiceBackground$CreateAlarmPrayerTime12Night$doJob$1.invokeSuspend(SourceFile:60)
06-20 00:00:05.322  8304  8304 E AndroidRuntime: 	at kotlin.coroutines.jvm.internal.BaseContinuationImpl.resumeWith(SourceFile:12)
06-20 00:00:05.322  8304  8304 E AndroidRuntime: 	at kotlinx.coroutines.DispatchedTask.run(SourceFile:129)
06-20 00:00:05.322  8304  8304 E AndroidRuntime: 	at androidx.core.app.j.a(SourceFile:6)
06-20 00:00:05.322  8304  8304 E AndroidRuntime: 	at androidx.core.app.j.run(SourceFile:323)
06-20 00:00:05.322  8304  8304 E AndroidRuntime: 	at e8.a.run(SourceFile:3)
06-20 00:00:05.322  8304  8304 E AndroidRuntime: 	at kotlinx.coroutines.scheduling.CoroutineScheduler.runSafely(SourceFile:1)
06-20 00:00:05.322  8304  8304 E AndroidRuntime: 	at kotlinx.coroutines.scheduling.CoroutineScheduler$Worker.run(SourceFile:58)
06-20 00:00:17.693 22697 22697 E AndroidRuntime: FATAL EXCEPTION: main
06-20 00:00:17.693 22697 22697 E AndroidRuntime: Process: com.alawail.alarm.prayertimes_mobile, PID: 22697
06-20 00:00:17.693 22697 22697 E AndroidRuntime: android.app.RemoteServiceException$ForegroundServiceDidNotStopInTimeException: A foreground service of type dataSync did not stop within its timeout: ComponentInfo{com.alawail.alarm.prayertimes_mobile/com.alawail.prayertimes.services.NotificationPrayerBarService}
06-20 00:00:17.693 22697 22697 E AndroidRuntime: 	at android.app.ActivityThread.generateForegroundServiceDidNotStopInTimeException(ActivityThread.java:2684)
06-20 00:00:17.693 22697 22697 E AndroidRuntime: 	at android.app.ActivityThread.throwRemoteServiceException(ActivityThread.java:2646)
06-20 00:00:17.693 22697 22697 E AndroidRuntime: 	at android.app.ActivityThread.-$$Nest$mthrowRemoteServiceException(ActivityThread.java:0)
06-20 00:00:17.693 22697 22697 E AndroidRuntime: 	at android.app.ActivityThread$H.handleMessage(ActivityThread.java:3068)
06-20 00:00:17.693 22697 22697 E AndroidRuntime: 	at android.os.Handler.dispatchMessage(Handler.java:110)
06-20 00:00:17.693 22697 22697 E AndroidRuntime: 	at android.os.Looper.loopOnce(Looper.java:273)
06-20 00:00:17.693 22697 22697 E AndroidRuntime: 	at android.os.Looper.loop(Looper.java:363)
06-20 00:00:17.693 22697 22697 E AndroidRuntime: 	at android.app.ActivityThread.main(ActivityThread.java:10060)
06-20 00:00:17.693 22697 22697 E AndroidRuntime: 	at java.lang.reflect.Method.invoke(Native Method)
06-20 00:00:17.693 22697 22697 E AndroidRuntime: 	at com.android.internal.os.RuntimeInit$MethodAndArgsCaller.run(RuntimeInit.java:632)
06-20 00:00:17.693 22697 22697 E AndroidRuntime: 	at com.android.internal.os.ZygoteInit.main(ZygoteInit.java:975)
06-20 18:19:00.864  3167  3679 I PackageInformation: com.armada.expiryapp ::20260312::20250713
06-20 18:19:00.908 11948 11948 I Finsky  : [2] VerifyApps: Install-time verification requested for package com.armada.expiryapp, PackageManager id = 45, Verifier id = 0eeb4f34-5c8a-461f-b381-84218db37a83
06-20 18:19:01.049 11948 19446 I Finsky  : [552] VerifyApps: Anti-malware verification task started for package=com.armada.expiryapp
06-20 18:19:01.175 19453 19481 I GOS:GameServiceReceiver:  PkgInstallStarted for com.armada.expiryapp UserID : 0
06-20 18:19:01.252 19453 19482 W GOS:PackageUtil: isPackageInstalledAsUser(). Exception: android.content.pm.PackageManager$NameNotFoundException: com.armada.expiryapp
06-20 18:19:01.252 19453 19482 I GOS:GameIntentService: onPackageChanged(). extras: Bundle[{changeType=2, userId=0, type=15, packageName=com.armada.expiryapp}]
06-20 18:19:01.252 19453 19482 I GOS:GameIntentService: onPackageChanged(). changeType(INSTALL_STARTED), pkgName(com.armada.expiryapp), UserHandle(0), userId(0), Installed(false)
06-20 18:19:01.253 19453 19482 W GOS:PackageUtil: isPackageInstalledAsUser(). Exception: android.content.pm.PackageManager$NameNotFoundException: com.armada.expiryapp
06-20 18:19:01.315 11948 19446 I Finsky  : [552] VerifyApps: chooseScanResult for package=com.armada.expiryapp with timeout=15000ms
06-20 18:19:01.333 11948 12040 I Finsky  : [192] VerifyApps: Starting APK Analysis scan for com.armada.expiryapp.
06-20 18:19:01.339 11948 12040 I Finsky  : [192] Scanning package com.armada.expiryapp contents with client side protections. File: [APgLIsthuvTp5OFNJC0Y5NucRd5Bx7TvqRNFjoPHWFU]
06-20 18:19:01.340 11948 12040 I Finsky  : [192] VerifyApps: APK Analysis scan finished for com.armada.expiryapp. Verdict: 0
06-20 18:19:01.352 11948 19446 I Finsky  : [552] VerifyApps: firstScanResult for package=com.armada.expiryapp: 0
06-20 18:19:01.999 11948 19508 I Finsky  : [556] VerifyApps: Verification package=com.armada.expiryapp, id=45, response=9, upload_requested=false, enable_ecm=true
06-20 18:19:02.004 11948 19446 I Finsky  : [552] VerifyApps: overallScanResult for package=com.armada.expiryapp: 9
06-20 18:19:02.004 11948 19446 I Finsky  : [552] VerifyApps: chooseScanResult returning verdict 9 for package=com.armada.expiryapp
06-20 18:19:08.352 11948 12027 I Finsky  : [189] VerifyApps: waiting for app installation for com.armada.expiryapp
06-20 18:19:08.392 11948 11948 I Finsky  : [2] VerifyApps: Install-time verification complete: id=45, package_name=com.armada.expiryapp
06-20 18:19:10.169  3167  3679 D InstallDependencyHelper: No missing dependency for com.armada.expiryapp
06-20 18:19:10.171  3167  3679 I PackageManager:           pkg{com.armada.expiryapp}
06-20 18:19:10.588  3167  3401 D ApplicationPolicy: getApplicationStateEnabled : pkg = com.armada.expiryapp userId : 0
06-20 18:19:10.590  3167  3401 D PermissionService: setAllowlistedRestrictedPermissionsUnchecked called for package - com.armada.expiryapp
06-20 18:19:10.590  3167  3401 D PermissionService: updateAdminPermissionsInternalcom.armada.expiryapp
06-20 18:19:10.659  3167  3401 D BackupManagerService: [UserID:0] restoreAtInstall pkg=com.armada.expiryapp token=2e restoreSet=0
06-20 18:19:10.665  3167  3401 I PackageManager: installation completed for package:com.armada.expiryapp. Final code path: /data/app/~~CycEqu8SM004V2OgKFvOqw==/com.armada.expiryapp-3rBBrbHDTSYOamEq9bf13g==
06-20 18:19:10.670  3167  4112 W BackgroundInstallControlService: Package's historical install session not found, falling back to appInfo.createTimestamp: com.armada.expiryapp
06-20 18:19:10.687  3167  4111 D ShortcutService: adding package: com.armada.expiryapp userId=0
06-20 18:19:10.689  3167  4096 I AppWidgetServiceImpl: Received broadcast: android.intent.action.PACKAGE_ADDED, Updates all providers with com.armada.expiryapp, userId: 0
06-20 18:19:10.691  3167  4068 D SGM:GameManager: identifyGamePackage. com.armada.expiryapp, mCurrentUserId: 0, callingMethodInfo: com.samsung.android.game.SemGameManager.isGamePackage(SemGameManager.java:106)
06-20 18:19:10.691  3167  4068 D SGM:SemGameManager: isGamePackage(), pkgName=com.armada.expiryapp, ret=false
06-20 18:19:10.694  3167  3167 I DomainFilter: packageAdded() - packageName: com.armada.expiryapp, uid: 0
06-20 18:19:10.696  4258  4258 D CarrierSvcBindHelper: onPackageAdded: com.armada.expiryapp
06-20 18:19:10.698  3167  4156 D SGM:GameManager: identifyGamePackage. com.armada.expiryapp, mCurrentUserId: 0, callingMethodInfo: com.samsung.android.game.SemGameManager.isGamePackage(SemGameManager.java:106)
06-20 18:19:10.698  3167  4156 D SGM:SemGameManager: isGamePackage(), pkgName=com.armada.expiryapp, ret=false
06-20 18:19:10.698  3167  3167 D DualDARComnService: reConnectAgentsByPkgName:: package: com.armada.expiryapp
06-20 18:19:10.699  2137  3375 D NativePermissionController: updatePackagesForUid, UidPackageState{uid: 10373, packageNames: [com.armada.expiryapp]}
06-20 18:19:10.700  3167  4171 I SdkSandboxManager: No SDKs used. Skipping SDK data reconcilation for CallingInfo{mUid=10373, mPackageName='com.armada.expiryapp, mAppProcessToken='null'}
06-20 18:19:10.701  3167  3167 I Telecom : SamsungOpenCommunicationPlatformPolicyPackageBroadcastReceiver : action : android.intent.action.PACKAGE_ADDED / packageName : com.armada.expiryapp
06-20 18:19:10.702  3167  4960 I Telecom : SamsungOpenCommunicationPlatformPolicyPackageHandler : handleMessage : { when=-1ms what=0 obj=com.armada.expiryapp target=com.samsung.server.telecom.advancedcall.ocp.policy.broadcast.SamsungOpenCommunicationPlatformPolicyPackageHandler }.what
06-20 18:19:10.703  3167  4259 D SGM:GameManager: identifyGamePackage. com.armada.expiryapp, mCurrentUserId: 0, callingMethodInfo: com.samsung.android.game.SemGameManager.isGamePackage(SemGameManager.java:106)
06-20 18:19:10.703  3167  4259 D SGM:SemGameManager: isGamePackage(), pkgName=com.armada.expiryapp, ret=false
06-20 18:19:10.703  3167  4259 I Pageboost: appinfo : com.armada.expiryapp 0 0 0 0
06-20 18:19:10.703  3167  4259 D SGM:GameManager: identifyGamePackage. com.armada.expiryapp, mCurrentUserId: 0, callingMethodInfo: com.samsung.android.game.SemGameManager.isGamePackage(SemGameManager.java:106)
06-20 18:19:10.703  3167  4259 D SGM:SemGameManager: isGamePackage(), pkgName=com.armada.expiryapp, ret=false
06-20 18:19:10.703  3167  4259 I Pageboost: Reset this app info : com.armada.expiryapp 
06-20 18:19:10.705  4258  4812 I SatelliteAppTracker: onPackageAdded : com.armada.expiryapp
06-20 18:19:10.706  3167  4259 I Pageboost: db create : CREATE TABLE IF NOT EXISTS comarmadaexpiryapp (FILENAME TEXT, OFFSET INTEGER, SIZE INTEGER, FORVRAMDISK INTEGER, BITMAP BLOB, unique (FILENAME, OFFSET) );
06-20 18:19:10.706  4258  4812 E SatelliteAppTracker: packageName: com.armada.expiryapp, value: null
06-20 18:19:10.707  4258  4812 E SatelliteAppTracker: packageName: com.armada.expiryapp, value: null
06-20 18:19:10.709  4258  4775 D ImsResolver: maybeAddedImsService, packageName: com.armada.expiryapp
06-20 18:19:10.709  4258  4775 V ImsResolver: searchForImsServices: package=com.armada.expiryapp, users=[UserHandle{0}]
06-20 18:19:10.709  4258  4258 I VvmPkgInstalledRcvr: packageName: com.armada.expiryapp, systemDialer: com.samsung.android.dialer
06-20 18:19:10.710  4258  4775 V ImsResolver: searchForImsServices: package=com.armada.expiryapp, users=[UserHandle{0}]
06-20 18:19:10.717  4275  4394 D BluetoothEventManager: AppPackageChangedHandler: package name = com.armada.expiryapp
06-20 18:19:10.721  3167  3167 D ApplicationPolicy: No updatable permission to DENY found for com.armada.expiryapp(0)
06-20 18:19:10.721  4258  4258 W VvmPkgInstalledRcvr: carrierVvmPkgAdded: carrier vvm packages doesn't contain com.armada.expiryapp
06-20 18:19:10.722  3167  3167 D ApplicationPolicy: No updatable permission to GRANT found for com.armada.expiryapp(0)
06-20 18:19:10.722  4258  4258 W VvmPkgInstalledRcvr: carrierVvmPkgAdded: carrier vvm packages doesn't contain com.armada.expiryapp
06-20 18:19:10.724  5163  5263 I PackageInfoManager_FLP: action : ACTION_PACKAGE_ADDED, packageName = com.armada.expiryapp
06-20 18:19:10.725  4275  4275 I GoodLockLifecycle: onPackageAdded: com.armada.expiryapp
06-20 18:19:10.727  4275  4430 D PluginActionManager: queryPkg com.armada.expiryapp com.android.systemui.action.PLUGIN_SENSOR_MANAGER
06-20 18:19:10.727  4275  4430 D PluginActionManager: queryPkg com.armada.expiryapp com.android.systemui.action.PLUGIN_NOTIFICATION_MENU_ROW
06-20 18:19:10.728  4275  4430 D PluginActionManager: queryPkg com.armada.expiryapp com.samsung.systemui.action.PLUGIN_FACE_WIDGET
06-20 18:19:10.728  4275  4430 D PluginActionManager: queryPkg com.armada.expiryapp com.android.systemui.action.PLUGIN_GLOBAL_ACTIONS
06-20 18:19:10.728  4275  4430 D PluginActionManager: queryPkg com.armada.expiryapp com.android.systemui.action.PLUGIN_NOTIFICATION_MENU_ROW
06-20 18:19:10.729  4275  4430 D PluginActionManager: queryPkg com.armada.expiryapp com.android.systemui.action.PEOPLE_HUB_PERSON_EXTRACTOR
06-20 18:19:10.730  4275  4430 D PluginActionManager: queryPkg com.armada.expiryapp com.android.systemui.action.PLUGIN_OVERLAY
06-20 18:19:10.731  4275  4430 D PluginActionManager: queryPkg com.armada.expiryapp com.android.systemui.action.PLUGIN_VOLUME
06-20 18:19:10.732  4275  4430 D PluginActionManager: queryPkg com.armada.expiryapp com.android.systemui.action.PLUGIN_NOTIFICATION_MENU_ROW
06-20 18:19:10.732  4275  4430 D PluginActionManager: queryPkg com.armada.expiryapp com.android.systemui.action.PLUGIN_NOTIFICATION_ASSISTANT
06-20 18:19:10.733  4275  4430 D PluginActionManager: queryPkg com.armada.expiryapp com.android.systemui.action.PLUGIN_NOTIFICATION_MENU_ROW
06-20 18:19:10.734  4275  4430 D PluginActionManager: queryPkg com.armada.expiryapp com.android.systemui.action.PLUGIN_NOTIFICATION_MENU_ROW
06-20 18:19:10.736  4275  4430 D PluginActionManager: queryPkg com.armada.expiryapp com.android.systemui.action.PLUGIN_TOAST
06-20 18:19:10.736  4275  4430 D PluginActionManager: queryPkg com.armada.expiryapp com.android.systemui.action.PLUGIN_NOTIFICATION_MENU_ROW
06-20 18:19:10.737  4275  4430 D PluginActionManager: queryPkg com.armada.expiryapp com.android.systemui.action.PLUGIN_NOTIFICATION_MENU_ROW
06-20 18:19:10.737  4275  4430 D PluginActionManager: queryPkg com.armada.expiryapp com.android.systemui.action.PLUGIN_CLOCK_PROVIDER
06-20 18:19:10.739  4275  4430 D PluginActionManager: queryPkg com.armada.expiryapp com.android.systemui.action.PLUGIN_QS
06-20 18:19:10.740  4275  4430 D PluginActionManager: queryPkg com.armada.expiryapp com.android.systemui.action.PLUGIN_NOTIFICATION_MENU_ROW
06-20 18:19:10.763  3167  4259 I Pageboost: add app to global @ runtime: com.armada.expiryapp
06-20 18:19:10.811  3167  3333 D MARsPolicyManager: new Package : com.armada.expiryapp, SCPMTarget : false
06-20 18:19:10.818  3167  3689 D OverlayManager: reconcileSettingsForPackage pkgName=com.armada.expiryapp userId=0
06-20 18:19:10.820  3167  3689 I OverlayManager: updateOverlaysForTarget() called with: targetPackage = [com.armada.expiryapp], userId = [0], flags = [0]
06-20 18:19:10.850  3167  3689 D OverlayManager: -> Updating overlay: target=com.armada.expiryapp overlays=[OverlayPaths { resourceDirs = [/product/overlay/NavigationBarMode3Button/NavigationBarMode3ButtonOverlay.apk], overlayPaths = [/product/overlay/NavigationBarMode3Button/NavigationBarMode3ButtonOverlay.apk] }] userId=0
06-20 18:19:10.851 20452 19675 I ProximityAuth: [RecentAppsMediator] Package added: (user=UserHandle{0}) com.armada.expiryapp
06-20 18:19:10.884  3167  4096 I AppWidgetServiceImpl: Received broadcast: android.intent.action.PACKAGE_CHANGED, Updates all providers with com.armada.expiryapp, userId: 0
06-20 18:19:10.885  3167  4111 D ShortcutService: changing package: com.armada.expiryapp userId=0
06-20 18:19:10.890  4258  4258 D CarrierSvcBindHelper: onPackageModified: com.armada.expiryapp
06-20 18:19:10.891  4258  4812 I SatelliteAppTracker: onPackageModified : com.armada.expiryapp
06-20 18:19:10.892  4258  4812 E SatelliteAppTracker: packageName: com.armada.expiryapp, value: null
06-20 18:19:10.893  4258  4812 E SatelliteAppTracker: packageName: com.armada.expiryapp, value: null
06-20 18:19:10.895  4258  4775 D ImsResolver: maybeAddedImsService, packageName: com.armada.expiryapp
06-20 18:19:10.895  4258  4775 V ImsResolver: searchForImsServices: package=com.armada.expiryapp, users=[UserHandle{0}]
06-20 18:19:10.896  4275  4430 D PluginActionManager: queryPkg com.armada.expiryapp com.android.systemui.action.PLUGIN_SENSOR_MANAGER
06-20 18:19:10.896  4258  4775 V ImsResolver: searchForImsServices: package=com.armada.expiryapp, users=[UserHandle{0}]
06-20 18:19:10.896  4275  4275 I GoodLockLifecycle: onPackageChanged: com.armada.expiryapp
06-20 18:19:10.896  4275  4430 D PluginActionManager: queryPkg com.armada.expiryapp com.android.systemui.action.PLUGIN_NOTIFICATION_MENU_ROW
06-20 18:19:10.897  4275  4430 D PluginActionManager: queryPkg com.armada.expiryapp com.samsung.systemui.action.PLUGIN_FACE_WIDGET
06-20 18:19:10.897  4275  4430 D PluginActionManager: queryPkg com.armada.expiryapp com.android.systemui.action.PLUGIN_GLOBAL_ACTIONS
06-20 18:19:10.897  4275  4430 D PluginActionManager: queryPkg com.armada.expiryapp com.android.systemui.action.PLUGIN_NOTIFICATION_MENU_ROW
06-20 18:19:10.897  4275  4430 D PluginActionManager: queryPkg com.armada.expiryapp com.android.systemui.action.PEOPLE_HUB_PERSON_EXTRACTOR
06-20 18:19:10.897  4275  4430 D PluginActionManager: queryPkg com.armada.expiryapp com.android.systemui.action.PLUGIN_OVERLAY
06-20 18:19:10.897  4275  4430 D PluginActionManager: queryPkg com.armada.expiryapp com.android.systemui.action.PLUGIN_VOLUME
06-20 18:19:10.897  4275  4430 D PluginActionManager: queryPkg com.armada.expiryapp com.android.systemui.action.PLUGIN_NOTIFICATION_MENU_ROW
06-20 18:19:10.898  4275  4275 I SharedAppWidgetFacade:  onPackageChanged com.armada.expiryapp
06-20 18:19:10.898  4275  4275 D SecSTQuickControlRequestReceiver: onReceiveForPackage action = android.intent.action.PACKAGE_CHANGED, pkgName = com.armada.expiryapp
06-20 18:19:10.898  4275  4430 D PluginActionManager: queryPkg com.armada.expiryapp com.android.systemui.action.PLUGIN_NOTIFICATION_ASSISTANT
06-20 18:19:10.899  4275  4430 D PluginActionManager: queryPkg com.armada.expiryapp com.android.systemui.action.PLUGIN_NOTIFICATION_MENU_ROW
06-20 18:19:10.900  4275  4430 D PluginActionManager: queryPkg com.armada.expiryapp com.android.systemui.action.PLUGIN_NOTIFICATION_MENU_ROW
06-20 18:19:10.900  4275  4430 D PluginActionManager: queryPkg com.armada.expiryapp com.android.systemui.action.PLUGIN_TOAST
06-20 18:19:10.901  4275  4430 D PluginActionManager: queryPkg com.armada.expiryapp com.android.systemui.action.PLUGIN_NOTIFICATION_MENU_ROW
06-20 18:19:10.903  4275  4430 D PluginActionManager: queryPkg com.armada.expiryapp com.android.systemui.action.PLUGIN_NOTIFICATION_MENU_ROW
06-20 18:19:10.903  4275  4430 D PluginActionManager: queryPkg com.armada.expiryapp com.android.systemui.action.PLUGIN_CLOCK_PROVIDER
06-20 18:19:10.905  4275  4430 D PluginActionManager: queryPkg com.armada.expiryapp com.android.systemui.action.PLUGIN_QS
06-20 18:19:10.906  4275  4430 D PluginActionManager: queryPkg com.armada.expiryapp com.android.systemui.action.PLUGIN_NOTIFICATION_MENU_ROW
06-20 18:19:10.908  3167  3167 D DualDARComnService: reConnectAgentsByPkgName:: package: com.armada.expiryapp
06-20 18:19:10.920  4258  4258 D SatelliteController: packageStateChanged: package:com.armada.expiryapp DefaultSmsPackageName:com.google.android.apps.messaging
06-20 18:19:10.953 11948 11948 I Finsky  : [2] AIM: AppInfoCacheUpdater -> invalidating apps: [com.armada.expiryapp]
06-20 18:19:10.954  3167  3167 D ApplicationPolicy: No updatable permission to DENY found for com.armada.expiryapp(0)
06-20 18:19:10.969  3167  3167 D ApplicationPolicy: No updatable permission to GRANT found for com.armada.expiryapp(0)
06-20 18:19:10.971 11948 12040 I Finsky  : [192] AIM: AppInfoManager-Perf > OnDeviceAppInfo > cacheHitCount=0, cacheMissCount=1. Missed  in cache (limit 10) : [com.armada.expiryapp]
06-20 18:19:11.006 19674 19674 I FILP/PackageIntentReceiver: pkgName : com.armada.expiryapp
06-20 18:19:11.016  7261  7261 I [AirCmd]_ShortcutListController: onReceive : android.intent.action.PACKAGE_CHANGED pkg = com.armada.expiryapp
06-20 18:19:11.018 11948 12038 I Finsky  : [191] AIM: AppInfoManager-Perf > OnDeviceAppInfo > cacheHitCount=0, cacheMissCount=1. Missed  in cache (limit 10) : [com.armada.expiryapp]
06-20 18:19:11.052 11948 11948 I Finsky  : [2] VerifyApps: app installation complete for com.armada.expiryapp
06-20 18:19:11.055 11948 12038 I Finsky  : [191] VerifyApps: running post install verification task for package: com.armada.expiryapp, install ID: 0eeb4f34-5c8a-461f-b381-84218db37a83
06-20 18:19:11.059 11948 11948 I Finsky  : [2] AIM: AppInfoCacheUpdater -> invalidating apps: [com.armada.expiryapp]
06-20 18:19:11.062 11948 12038 I Finsky  : [191] VerifyApps: Putting package com.armada.expiryapp in ECM mode succeeded
06-20 18:19:11.069 11948 12038 I Finsky  : [191] Calculating dex embeddings for package com.armada.expiryapp. File: [15sWp8YhYL1sA2iayhmdAieJIHJUQ3r-chXg3js5bLU]
06-20 18:19:11.069 11948 12038 I Finsky  : [191] AIM: AppInfoManager-Perf > OnDeviceAppInfo > cacheHitCount=0, cacheMissCount=1. Missed  in cache (limit 10) : [com.armada.expiryapp]
06-20 18:19:11.096 19653 19653 I SafetyLabelChangedBroadcastReceiver: received broadcast packageName: com.armada.expiryapp, current user: UserHandle{0}, packageChangeEvent: NEW_INSTALL, intent user: UserHandle{0}
06-20 18:19:11.186  6974  6974 I AccountReloadObserver: [D] received action: android.intent.action.PACKAGE_ADDED, dat: package:com.armada.expiryapp
06-20 18:19:11.186 22053 22053 I SCS@AiSearch user 0: (PackageBroadcastReceiver) packageName: com.armada.expiryapp
06-20 18:19:11.186 22053 22053 I SCS@AiSearch user 0: (PackageBroadcastReceiver) Packages changed: com.armada.expiryapp
06-20 18:19:11.186  5653  5653 I AccountReloadObserver: [C] received action: android.intent.action.PACKAGE_ADDED, dat: package:com.armada.expiryapp
06-20 18:19:11.187  5653  5653 I AccountReloadObserver: [C] received action: android.intent.action.PACKAGE_CHANGED, dat: package:com.armada.expiryapp
06-20 18:19:11.187  9503  9503 I Notification4Watch7_AM: NotificationPackageReceiver.onReceive-action: android.intent.action.PACKAGE_ADDED, userId: 0, packageName: com.armada.expiryapp
06-20 18:19:11.187 22053 22053 I SCS@AiSearch user 0: (PackageBroadcastReceiver) packageName: com.armada.expiryapp
06-20 18:19:11.187 22053 22053 I SCS@AiSearch user 0: (PackageBroadcastReceiver) Packages changed: com.armada.expiryapp
06-20 18:19:11.188  6974  6974 I AccountReloadObserver: [D] received action: android.intent.action.PACKAGE_CHANGED, dat: package:com.armada.expiryapp
06-20 18:19:11.522 19655 19655 I Routine@Core[4.9.04.13]: PackageChangedHandler: collectMetadata packageName - com.armada.expiryapp
06-20 18:19:11.522 19655 19655 I Routine@Core[4.9.04.13]: MetadataLoaderImpl: scheduleCollectPackageJob - packageName:com.armada.expiryapp
06-20 18:19:11.523 19655 19655 I Routine@Core[4.9.04.13]: MetadataSyncBacklog: add: null + com.armada.expiryapp
06-20 18:19:11.625  3167  3292 I SGM:GameManager: PkgUpdateReceiver, onPackageAdded : com.armada.expiryapp userHandle : UserHandle{0} userId : 0
06-20 18:19:11.625  3167  3292 D SGM:GosNotifyThread: sendPackageMessage(), changeType=0, pkgName=com.armada.expiryapp, userHandleId=0
06-20 18:19:11.625  3167  3770 D SGM:GosNotifyThread: notifyPackageChangedToGos(), before send intent to GOS. type:15, changeType: 0, pkgName:com.armada.expiryapp, userHandleId:0
06-20 18:19:11.625  3167  3770 D SGM:PmAppCategoryManager: getManifestCategory(), manifestCategory=-1, packageName=com.armada.expiryapp
06-20 18:19:11.625  3167  3770 D SGM:PmAppCategoryManager: getCategoryOverride(), categoryOverride=-1, packageName=com.armada.expiryapp
06-20 18:19:11.625  3167  3770 I SGM:GosNotifyThread: notifyPackageChangedToGos(), category from pm: com.armada.expiryapp, [-1/-1]
06-20 18:19:11.630 19453 19813 I GOS:GameIntentService: onHandleIntent. GameIntentService. type: 15, pkgName: com.armada.expiryapp
06-20 18:19:11.632 19655 19655 I Routine@Core[4.9.04.13]: MetadataLoaderJobService: onStartJob: collectPackageInBG - com.armada.expiryapp
06-20 18:19:11.634 19655 19655 I Routine@Core[4.9.04.13]: MetadataLoaderJobService: packageName : com.armada.expiryapp, forced : true
06-20 18:19:11.643 19655 19816 I Routine@Core[4.9.04.13]: MetadataLoadManager: collect: com.armada.expiryapp
06-20 18:19:11.643 19655 19816 I Routine@Core[4.9.04.13]: MetadataLoadManager: collectWithCollectors - Collect Start! package = com.armada.expiryapp
06-20 18:19:11.647 19655 19816 I Routine@Core[4.9.04.13]: WatchMetaDataCollector: collect - packageName :com.armada.expiryapp
06-20 18:19:11.690 19453 19813 I GOS:GameIntentService: onPackageChanged(). extras: Bundle[{changeType=0, manifestCategory=-1, userId=0, pkgName=com.armada.expiryapp, type=15, packageName=com.armada.expiryapp, categoryOverride=-1}]
06-20 18:19:11.690 19453 19813 I GOS:GameIntentService: onPackageChanged(). changeType(INSTALLED), pkgName(com.armada.expiryapp), UserHandle(0), userId(0), Installed(true)
06-20 18:19:11.691 19453 19813 I GOS:GameIntentService: onPkgInstalled(), appInfoCategory: -1, packageName: com.armada.expiryapp
06-20 18:19:11.693 19453 19813 I GOS:FilteredPmAppCategoryGetter: getCategoryCode(). categoryCode:undefined, packageName:com.armada.expiryapp
06-20 18:19:11.693 19453 19813 I GOS:SystemEventReactor: onPackageInstalled(). categoryByAppInfo=undefined, packageName=com.armada.expiryapp
06-20 18:19:11.693 19453 19813 I GOS:SystemEventReactor: addPkgData(), category=undefined, packageName=com.armada.expiryapp
06-20 18:19:11.697 19453 19813 I GOS:SystemEventReactor: addPkgData(), A package was added : com.armada.expiryapp as undefined
06-20 18:19:11.725  3167  3685 D SGM:GameManager: setPackageConfigurations(). category=-1, pkgName=com.armada.expiryapp
06-20 18:19:11.725  3167  3685 D SGM:GameManager: setPackageConfiguration(). configuration: packageName: com.armada.expiryapp, performancePolicyForSsrm: null, optimalAspectRatio: 1.7777778, dynamicSurfaceScaling: 1.0, category: -1, categoryByUser: -1, fillBlackSurfaceOnMargins: false, userId: null
06-20 18:19:11.725  3167  3685 D SGM:GameManager: setPackageConfiguration(). pkgName=com.armada.expiryapp
06-20 18:19:11.725  3167  3685 D SGM:Util: isPkgInstalled(). pkgName=com.armada.expiryapp, userId=0, installed=true
06-20 18:19:11.725  3167  3685 W SGM:Util: isPkgInstalled(), com.armada.expiryapp does not exist. 
06-20 18:19:11.725  3167  3685 D SGM:Util: isPkgInstalled(). pkgName=com.armada.expiryapp, userId=150, installed=false
06-20 18:19:11.725  3167  3685 D SGM:GosNotifyThread: sendPackageMessage(), changeType=1, pkgName=com.armada.expiryapp, userHandleId=150
06-20 18:19:11.725  3167  3685 W SGM:GameManager: setPackageConfiguration(). the package is not installed. pkgName=com.armada.expiryapp, userId=150
06-20 18:19:11.885  3167  5861 I Pageboost: onAppLaunch : com.armada.expiryapp
06-20 18:19:11.885  3167  4259 I Pageboost: Record App IO : com.armada.expiryapp pid 0
06-20 18:19:11.887  3167  5861 V WindowManager: Collecting in transition 4814: ActivityRecord{255691709 u0 com.armada.expiryapp/.MainActivity, caller=com.android.server.wm.TransitionController.collect:7 com.android.server.wm.ActivityStarter.startActivityUnchecked:98 com.android.server.wm.ActivityStarter.executeRequest:3559 com.android.server.wm.ActivityStarter.execute:1752 com.android.server.wm.ActivityTaskManagerService.startActivityAsUser:95 
06-20 18:19:11.887  3167  5861 D ActivityTaskManager: DesktopModeLaunchParamsModifier: task=null activity=ActivityRecord{255691709 u0 com.armada.expiryapp/.MainActivity t-1} task null, skipping
06-20 18:19:11.887  3167  5861 D ActivityTaskManager: TaskLaunchParamsModifier:task=null activity=ActivityRecord{255691709 u0 com.armada.expiryapp/.MainActivity t-1} display-area-from-source=DefaultTaskDisplayArea_d0@55990497 display-id=0 task-display-area-windowing-mode=1 suggested-display-area=DefaultTaskDisplayArea_d0@55990497
06-20 18:19:11.888  3167  5861 D ActivityTaskManager: DesktopModeLaunchParamsModifier: task=null activity=ActivityRecord{255691709 u0 com.armada.expiryapp/.MainActivity t-1} task null, skipping
06-20 18:19:11.888  3167  5861 D ActivityTaskManager: TaskLaunchParamsModifier:task=null activity=ActivityRecord{255691709 u0 com.armada.expiryapp/.MainActivity t-1} display-area-from-source=DefaultTaskDisplayArea_d0@55990497 display-id=0 task-display-area-windowing-mode=1 suggested-display-area=DefaultTaskDisplayArea_d0@55990497 inherit-from-source=fullscreen non-freeform-task-display-area display-area=DefaultTaskDisplayArea_d0@55990497 default-portrait freeform-size-mismatch=Rect(108, 738 - 1332, 2282)
06-20 18:19:11.892  3167  5861 D ActivityTaskManager: DesktopModeLaunchParamsModifier: task=Task{ef645b2 #3107 type=standard A=10373:com.armada.expiryapp} activity=ActivityRecord{255691709 u0 com.armada.expiryapp/.MainActivity t-1} non-desktop, skipping
06-20 18:19:11.893  3167  5861 D ActivityTaskManager: TaskLaunchParamsModifier:task=Task{ef645b2 #3107 type=standard A=10373:com.armada.expiryapp} activity=ActivityRecord{255691709 u0 com.armada.expiryapp/.MainActivity t-1} display-area-from-source=DefaultTaskDisplayArea_d0@55990497 display-id=0 task-display-area-windowing-mode=1 suggested-display-area=DefaultTaskDisplayArea_d0@55990497 inherit-from-source=fullscreen non-freeform-task-display-area display-area=DefaultTaskDisplayArea_d0@55990497 default-portrait freeform-size-mismatch=Rect(108, 738 - 1332, 2282)
06-20 18:19:11.893  3167  5861 V WindowManager: Collecting in transition 4814: Task{ef645b2 #3107 type=standard A=10373:com.armada.expiryapp}, caller=com.android.server.wm.Transition.collectExistenceChange:40 com.android.server.wm.ActivityStarter.startActivityInner:293 com.android.server.wm.ActivityStarter.startActivityUnchecked:111 com.android.server.wm.ActivityStarter.executeRequest:3559 com.android.server.wm.ActivityStarter.execute:1752 
06-20 18:19:11.893  2149  2488 I SurfaceFlinger: id=55524 createSurf, flag=84004, ActivityRecord{255691709 u0 com.armada.expiryapp/.MainActivity t3107}#55524
06-20 18:19:11.894  3167  5861 V WindowManager: Add starting ActivityRecord{255691709 u0 com.armada.expiryapp/.MainActivity t3107}: startingData=SplashScreenStartingData{b6fc080 removeAfterTransaction= 0}
06-20 18:19:11.894  3167  5861 V WindowManager: Added starting ActivityRecord{255691709 u0 com.armada.expiryapp/.MainActivity t3107}: startingWindow=null startingView=com.android.server.wm.StartingSurfaceController$StartingSurface@e3c26b9
06-20 18:19:11.895  3167  5861 V WindowManager: Collecting in transition 4814: ActivityRecord{255691709 u0 com.armada.expiryapp/.MainActivity t3107}, caller=com.android.server.wm.Transition.collectExistenceChange:40 com.android.server.wm.ActivityStarter.handleStartResult:761 com.android.server.wm.ActivityStarter.startActivityUnchecked:124 com.android.server.wm.ActivityStarter.executeRequest:3559 com.android.server.wm.ActivityStarter.execute:1752 
06-20 18:19:11.895  3167  5861 V WindowManager:    ChangeInfo{5ef7575 container=Task{ef645b2 #3107 type=standard A=10373:com.armada.expiryapp} flags=0x0}
06-20 18:19:11.895  3167  5861 V WindowManager:    ChangeInfo{a3cd90a container=ActivityRecord{255691709 u0 com.armada.expiryapp/.MainActivity t3107} flags=0x0}
06-20 18:19:11.895  3167  5861 I ActivityTaskManager: START u0 {act=android.intent.action.MAIN cat=[android.intent.category.LAUNCHER] flg=0x34000000 xflg=0x4 pkg=com.armada.expiryapp cmp=com.armada.expiryapp/.MainActivity} with LAUNCH_SINGLE_TOP from uid 10076 (sr=196638152) (BAL_ALLOW_VISIBLE_WINDOW) result code=0
