06-20 18:19:23.741  2149  2149 D SurfaceFlinger:        CLIENT |           18360985233406 | 00002100 | RGBA_8888    |    0.0    0.0 1440.0 3088.0 |    0    0 1440 3088 | Splash Screen com.armada.expiryapp$_4275#55569 (1)
06-20 18:19:23.741  2149  2149 D SurfaceFlinger:        DEVICE |           13602161434241 | 00002100 | RGBA_8888    |    1.0    0.0 1441.0  889.0 |    0 2178 1440 3067 | Application Error: com.armada.expiryapp#55584 (blurRegions) (2)
06-20 18:19:24.013  3167  3286 I WindowManager: Reparenting to original parent: Surface(name=WindowToken{886d308 type=2003 android.view.ViewRootImpl$W@80e3e33})/@0xd895f5f, destroy=true, surface=Surface(name=c3a17b4 Application Error: com.armada.expiryapp)/@0xbdd7bfe
06-20 18:19:24.030  2149  2149 I SurfaceFlinger: [LayerHierarchy{RequestedLayerState{c3a17b4 Application Error: com.armada.expiryapp#55581 parentId=55580} 2 children}] reparent to LayerHierarchy{RequestedLayerState{WindowToken{886d308 type=2003 android.view.ViewRootImpl$W@80e3e33}#55580 parentId=13 z=2} 2 children}
06-20 18:19:24.030  2149  2149 I SurfaceFlinger: [LayerHierarchy{RequestedLayerState{Surface(name=c3a17b4 Application Error: com.armada.expiryapp)/@0xbdd7bfe - animation-leash of window_animation#55585} no children}] reparent to OffscreenRoot
06-20 18:19:24.030  2149  2149 I SurfaceFlinger: [LayerHierarchy{RequestedLayerState{Surface(name=c3a17b4 Application Error: com.armada.expiryapp)/@0xbdd7bfe - animation-leash of window_animation#55585} no children}] RelativeParent to null
06-20 18:19:24.030  2149  2149 I SurfaceFlinger: id=55585 Removed Surface(name=c3a17b4 Application Error: com.armada.expiryapp)/@0xbdd7bfe - animation-leash of window_animation#55585 (268)
06-20 18:19:24.038  2149  2149 I SurfaceFlinger: destroyed Surface(name=c3a17b4 Application Error: com.armada.expiryapp)/@0xbdd7bfe - animation-leash of window_animation#55585 form LifecycleManager
06-20 18:19:24.038  2149  2149 I SurfaceFlinger: id=55585 onLayerDestroyed from LayerHierarchyBuilder(RequestedLayerState{Surface(name=c3a17b4 Application Error: com.armada.expiryapp)/@0xbdd7bfe - animation-leash of window_animation#55585 !handle})
06-20 18:19:24.039  2149  2149 I Layer   : id=55585 Destroyed Surface(name=c3a17b4 Application Error: com.armada.expiryapp)/@0xbdd7bfe - animation-leash of window_animation#55585
06-20 18:19:24.057  3167  3285 W ActivityTaskManager: Activity top resumed state loss timeout for ActivityRecord{118309616 u0 com.armada.expiryapp/.MainActivity t3108 f}}
06-20 18:19:24.058  3167  3285 W ActivityTaskManager: Activity pause timeout for ActivityRecord{118309616 u0 com.armada.expiryapp/.MainActivity t3108 f}}
06-20 18:19:24.062  3167  3285 D ChangeTransitionController:    ChangeInfo{83c59ba container=Task{aad069 #3108 type=standard A=10373:com.armada.expiryapp} flags=0x0}
06-20 18:19:24.062  3167  3285 D ChangeTransitionController:    ChangeInfo{1289874 container=ActivityRecord{118309616 u0 com.armada.expiryapp/.MainActivity t3108 f}} flags=0x0}
06-20 18:19:24.062  3167  3285 V WindowManager: Start calculating TransitionInfo based on participants: {Task{aad069 #3108 type=standard A=10373:com.armada.expiryapp}, Task{18da4af #8 type=home I=com.sec.android.app.launcher/.activities.LauncherActivity}, WallpaperWindowToken{594b86b showWhenLocked=false}_<system>, ActivityRecord{103561085 u0 com.sec.android.app.launcher/.activities.LauncherActivity t8}, ActivityRecord{118309616 u0 com.armada.expiryapp/.MainActivity t3108 f}}, Task{adb4e53 #1 type=home}}
06-20 18:19:24.062  3167  3285 V WindowManager:   Final targets: [ChangeInfo{aa06612 container=Task{adb4e53 #1 type=home} flags=0x30}, ChangeInfo{83c59ba container=Task{aad069 #3108 type=standard A=10373:com.armada.expiryapp} flags=0x10}, ChangeInfo{9465786 container=WallpaperWindowToken{594b86b showWhenLocked=false}_<system> flags=0x0}]
06-20 18:19:24.064  3167  3285 V WindowManager:         {WCT{RemoteToken{f5b8e29 Task{aad069 #3108 type=standard A=10373:com.armada.expiryapp}}} m=CLOSE f=NONE leash=Surface(name=Task=3108)/@0xfd6f6f3 sb=Rect(0, 0 - 1440, 3088) eb=Rect(0, 0 - 1440, 3088) epz=Point(1440, 3088) d=0 taskParent=-1 inset=Rect(0, 100 - 0, 168) dim=true},
06-20 18:19:24.070  2149  2266 I SurfaceFlinger: Capture layer list: 	 Splash Screen com.armada.expiryapp$_4275#55569(seamlessTransition:0)
06-20 18:19:24.071  2149  2293 D RenderEngine: [SEC_SF_EFFECTS] drawLayersInternal,1483, Rendering layer Splash Screen com.armada.expiryapp$_4275#55569 at index 1
06-20 18:19:24.075  3167  3285 D SGM:FgCheckThread: notePauseComponent(), received pkgName: com.armada.expiryapp, userId: 0
06-20 18:19:24.076  3167  3280 V WindowManager: Sent Transition (#4820) createdAt=06-20 18:19:23.556 via request=TransitionRequestInfo { type = CLOSE, triggerTask = TaskInfo{userId=0 taskId=3108 effectiveUid=10373 displayId=0 isRunning=true baseIntent=Intent { act=android.intent.action.MAIN cat=[android.intent.category.LAUNCHER] flg=0x10200000 cmp=com.armada.expiryapp/.MainActivity } baseActivity=ComponentInfo{com.armada.expiryapp/com.armada.expiryapp.MainActivity} topActivity=ComponentInfo{com.armada.expiryapp/com.armada.expiryapp.MainActivity} origActivity=null realActivity=ComponentInfo{com.armada.expiryapp/com.armada.expiryapp.MainActivity} numActivities=1 lastActiveTime=297281223 supportsMultiWindow=true resizeMode=1 isResizeable=true minWidth=-1 minHeight=-1 maxWidth=-1 maxHeight=-1 defaultMinSize=220 desktopDefaultMinSize=304 token=WCT{RemoteToken{f5b8e29 Task{aad069 #3108 type=standard A=10373:com.armada.expiryapp}}} topActivityType=1 pictureInPictureParams=null shouldDockBigOverlays=false launchIntoPipHostTaskId=-1 lastParentTaskIdBeforePip=-1 displayCutoutSafeInsets=Rect(0, 0 - 0, 0) topActivityInfo=ActivityInfo{c0235ae com.armada.expiryapp.MainActivity} launchCookies=[android.os.BinderProxy@be00f4f] positionInParent=Point(0, 0) parentTaskId=-1 isFocused=true isVisible=true isVisibleRequested=true isTopActivityNoDisplay=false isSleeping=false locusId=null displayAreaFeatureId=1 isTopActivityTransparent=false isActivityStackTransparent=false lastNonFullscreenBounds=Rect(108, 738 - 1332, 2282) capturedLink=null capturedLinkTimestamp=0 requestedVisibleTypes=-9 topActivityRequestOpenInBrowserEducationTimestamp=0 appCompatTaskInfo=AppCompatTaskInfo { topActivityInSizeCompat=false eligibleForLetterboxEducation= false isLetterboxEducationEnabled= false isLetterboxDoubleTapEnabled= false eligibleForUserAspectRatioButton= false topActivityBoundsLetterboxed= false isFromLetterboxDoubleTap= false topActivityLetterboxVerticalPosition= -1 topActivityLetterboxHorizontalPosition= -1 topActivityLetterboxWidth=-1 topActivityLetterboxHeight=-1 topActivityAppBounds=Rect(0, 0 - 1440, 3088) isUserFullscreenOverrideEnabled=false isSystemFullscreenOverrideEnabled=false hasMinAspectRatioOverride=false topActivityLetterboxBounds=null cameraCompatTaskInfo=CameraCompatTaskInfo { freeformCameraCompatMode=inactive} topActivityBounds=null topActivityInDisplayCompat=false singleTapFromLetterbox=false} topActivityMainWindowFrame=null originallySupportedMultiWindow=true hasWallpaper=false rootAffinity=10373:com.armada.expiryapp isTopTaskInStage=false CoverLauncherWidgetTask=false LaunchedFromAppsCoverLauncherTask=false LaunchedFromMultistarCoverLauncherTask=false isAllowedSeamlessRotation=false isTopTransparentActivity=false isAliasManaged=false hasConfigChanged=false snappingGuideBounds=null isAiKeyRemoveAppTask=false lastDesktopWindowingBounds=null lastExternalDesktopWindowingBounds=null safeCutoutInsets=null}, pipChange = null, remoteTransition = null, displayChange = null, flags = 16, debugId = 4820 }
06-20 18:19:24.076  3167  3280 V WindowManager:         {WCT{RemoteToken{f5b8e29 Task{aad069 #3108 type=standard A=10373:com.armada.expiryapp}}} m=CLOSE f=NONE leash=Surface(name=Task=3108)/@0xfd6f6f3 sb=Rect(0, 0 - 1440, 3088) eb=Rect(0, 0 - 1440, 3088) epz=Point(1440, 3088) d=0 taskParent=-1 inset=Rect(0, 100 - 0, 168) dim=true},
06-20 18:19:24.077  4725  4725 I HoneySpace.AppCloseAnimationDelegate: findTargetValue [cookie-157875, pkgName-com.armada.expiryapp]
06-20 18:19:24.078  4725  4725 I HoneySpace.AppListFastRecyclerViewAdapter: findCloseTarget : 157875, ComponentInfo{com.armada.expiryapp/com.armada.expiryapp.MainActivity}
06-20 18:19:24.078  4725  4725 I HoneySpace.AppCloseAnimationDelegate: findTargetView found:Value(view=com.honeyspace.ui.common.iconview.IconViewImpl{5d1c700 VFED..CL. ........ 798,353-1064,706 #7f0a02ed app:id/icon} - Armada Expiry, visibility:0, alpha:1.0, badge:0, icon:203x203, iconAlpha:255, iconState:NONE, iconSize:207, forceHideBadge:false, isTransparent:false, x=3, y=1, component=ComponentInfo{com.armada.expiryapp/com.armada.expiryapp.MainActivity}, isTargetShortcut=false), com.honeyspace.ui.common.iconview.IconViewImpl{5d1c700 VFED..CL. ........ 798,353-1064,706 #7f0a02ed app:id/icon} - Armada Expiry, visibility:0, alpha:1.0, badge:0, icon:203x203, iconAlpha:255, iconState:NONE, iconSize:207, forceHideBadge:false, isTransparent:false, x=3, y=1
06-20 18:19:24.078  4725  4725 I HoneySpace.AppCloseAnimationDelegate: getCloseAnimator : isGestureClosing-false, target-com.honeyspace.ui.common.iconview.IconViewImpl{5d1c700 VFED..CL. ........ 798,353-1064,706 #7f0a02ed app:id/icon} - Armada Expiry, visibility:0, alpha:1.0, badge:0, icon:203x203, iconAlpha:255, iconState:NONE, iconSize:207, forceHideBadge:false, isTransparent:false, x=3, y=1
06-20 18:19:24.084  2149  2149 D SurfaceFlinger:        CLIENT |           18360985233406 | 00002100 | RGBA_8888    |    0.0    0.0 1440.0 3088.0 |    0    0 1440 3088 | Splash Screen com.armada.expiryapp$_4275#55569 (1)
06-20 18:19:24.084  2149  2149 D SurfaceFlinger:        DEVICE |           13602161434241 | 00002100 | RGBA_8888    |    1.0    0.0 1441.0  889.0 |    0 2087 1440 2976 | Application Error: com.armada.expiryapp#55584 (blurRegions) (2)
06-20 18:19:24.088  4725 18234 I AppIconSolution: getThemeIconWithBG called with public API, pkg = com.armada.expiryapp, mode = 48
06-20 18:19:24.088  4725 18234 I AppIconSolution: return adaptive icon for com.armada.expiryapp, isNight = false
06-20 18:19:24.088  4725 18234 I LauncherActivityInfo: packageName: com.armada.expiryapp, useThemeIcon: false, height: 288, width: 288, density: 640
06-20 18:19:24.102  7261 24479 I [AirCmd]_ActivitySwitchDetector: onTaskFocusChanged :mTopMostActivity = ComponentInfo{com.armada.expiryapp/com.armada.expiryapp.MainActivity}
06-20 18:19:24.333  2149  2149 D SurfaceFlinger:        DEVICE |           13602161434241 | 00002100 | RGBA_8888    |    1.0    0.0 1441.0  889.0 |    0 2087 1440 2976 | Application Error: com.armada.expiryapp#55584 (blurRegions) (2)
06-20 18:19:24.434  3167  3685 V WindowManager:    ChangeInfo{83c59ba container=Task{aad069 #3108 type=standard A=10373:com.armada.expiryapp} flags=0x10}
06-20 18:19:24.434  3167  3685 V WindowManager:    ChangeInfo{1289874 container=ActivityRecord{118309616 u0 com.armada.expiryapp/.MainActivity t3108 f}} flags=0x0}
06-20 18:19:24.435  3167  3685 V WindowManager: Setting visibility of Window{eac7ded u0 com.armada.expiryapp/com.armada.expiryapp.MainActivity}: false, caller=com.android.server.wm.WindowContainer.sendAppVisibilityToClients:19 com.android.server.wm.WindowToken.setClientVisible:48 com.android.server.wm.ActivityRecord.commitVisibility:186 com.android.server.wm.TransitionController.finishTransition:846 com.android.server.wm.WindowOrganizerController.finishTransitionInner:31 
06-20 18:19:24.436  3167  3685 D PersonaActivityHelper: token.toString()  Token{e70eaee ActivityRecord{118309616 u0 com.armada.expiryapp/.MainActivity t3108 f}}}
06-20 18:19:24.436  3167  3685 D ChangeTransitionController:    ChangeInfo{83c59ba container=Task{aad069 #3108 type=standard A=10373:com.armada.expiryapp} flags=0x10}
06-20 18:19:24.436  3167  3685 D ChangeTransitionController:    ChangeInfo{1289874 container=ActivityRecord{118309616 u0 com.armada.expiryapp/.MainActivity t3108 f}} flags=0x0}
06-20 18:19:24.447  2149  2149 I SurfaceFlinger: RequestedLayer [Splash Screen com.armada.expiryapp$_4275#55569] hidden!! flag  from(0) --> to(1)
06-20 18:19:24.447  2149  2149 I SurfaceFlinger: RequestedLayer [ActivityRecord{118309616 u0 com.armada.expiryapp/.MainActivity t3108}#55567] hidden!! flag  from(0) --> to(1)
06-20 18:19:24.449  3167  3281 D PkgPredictorService-SecIpmManagerServiceImpl: bg information pid:21034 uid:10373 pkgName:com.armada.expiryapp
06-20 18:19:27.781  3167  4259 I Pageboost: db create : CREATE TABLE IF NOT EXISTS comarmadaexpiryapp (FILENAME TEXT, OFFSET INTEGER, SIZE INTEGER, FORVRAMDISK INTEGER, BITMAP BLOB, unique (FILENAME, OFFSET) );
06-20 18:19:27.783  3167  4259 I Pageboost: db create : CREATE TABLE IF NOT EXISTS comarmadaexpiryapp (FILENAME TEXT, OFFSET INTEGER, SIZE INTEGER, FORVRAMDISK INTEGER, BITMAP BLOB, unique (FILENAME, OFFSET) );
06-20 18:19:27.789  3167  4259 I Pageboost: db update :com.armada.expiryapp ret 164
06-20 18:19:27.811  3167  4259 I Pageboost: memUsage collected : 109576 0 252 for com.armada.expiryapp 21034
06-20 18:19:28.382  2149  2149 I SurfaceFlinger: [Application Error: com.armada.expiryapp#55584] setFrameRateCategory: HighHint
06-20 18:19:28.460  3167  3281 D CoreBackPreview: Window{c3a17b4 u0 Application Error: com.armada.expiryapp}: Setting back callback null
06-20 18:19:28.481  3167  3281 V WindowManager: Remove Window{c3a17b4 u0 Application Error: com.armada.expiryapp}: mSurfaceControl=Surface(name=Application Error: com.armada.expiryapp)/@0xe593b8e mAnimatingExit=false mRemoveOnExit=false mHasSurface=true surfaceShowing=true animating=false app-animation=false callers=com.android.server.wm.Session.remove:16 android.view.ViewRootImpl.dispatchDetachedFromWindow:7915 android.view.ViewRootImpl.doDie:12278 android.view.ViewRootImpl.die:12237 android.view.WindowManagerGlobal.removeViewLocked:723 android.view.WindowManagerGlobal.removeView:654 
06-20 18:19:28.481  3167  3281 I WindowManager: Reparenting to leash, surface=Surface(name=c3a17b4 Application Error: com.armada.expiryapp)/@0xbdd7bfe, leashParent=Surface(name=WindowToken{886d308 type=2003 android.view.ViewRootImpl$W@80e3e33})/@0xd895f5f
06-20 18:19:28.481  2149  2267 I SurfaceFlinger: id=55593 createSurf, flag=24000, Surface(name=c3a17b4 Application Error: com.armada.expiryapp)/@0xbdd7bfe - animation-leash of window_animation#55593
06-20 18:19:28.483  3167  3281 D WindowManager: makeSurface duration=2 leash=Surface(name=Surface(name=c3a17b4 Application Error: com.armada.expiryapp)/@0xbdd7bfe - animation-leash of window_animation)/@0x24efbc
06-20 18:19:28.483  3167  5864 D InputDispatcher: Focus left window (0): c3a17b4 Application Error: com.armada.expiryapp
06-20 18:19:28.484  3167  3281 D WindowManager: Changing focus from Window{c3a17b4 u0 Application Error: com.armada.expiryapp EXITING} to Window{8680c7c u0 com.sec.android.app.launcher/com.sec.android.app.launcher.activities.LauncherActivity} displayId=0 Callers=com.android.server.wm.WindowState.removeIfPossible:602 com.android.server.wm.Session.remove:16 android.view.ViewRootImpl.dispatchDetachedFromWindow:7915 android.view.ViewRootImpl.doDie:12278 
06-20 18:19:28.486  3167  3281 D WindowManager: updateSystemBarAttributes: displayId=0, focusedCanBeNavColorWin=false, win=Window{8680c7c u0 com.sec.android.app.launcher/com.sec.android.app.launcher.activities.LauncherActivity}, navColorWin=Window{c3a17b4 u0 Application Error: com.armada.expiryapp EXITING}, caller=com.android.server.wm.WindowManagerService.updateFocusedWindowLocked:372 com.android.server.wm.WindowState.removeIfPossible:602 com.android.server.wm.Session.remove:16 
06-20 18:19:28.488  2149  2149 I SurfaceFlinger: [Surface(name=c3a17b4 Application Error: com.armada.expiryapp)/@0xbdd7bfe - animation-leash of window_animation#55593] attach to parent LayerHierarchy{RequestedLayerState{WindowToken{886d308 type=2003 android.view.ViewRootImpl$W@80e3e33}#55580 parentId=13 z=2} 2 children}
06-20 18:19:28.497  2149  2149 I SurfaceFlinger: [LayerHierarchy{RequestedLayerState{c3a17b4 Application Error: com.armada.expiryapp#55581 parentId=55593} 2 children}] reparent to LayerHierarchy{RequestedLayerState{Surface(name=c3a17b4 Application Error: com.armada.expiryapp)/@0xbdd7bfe - animation-leash of window_animation#55593 parentId=55580} 1 children}
06-20 18:19:28.566  2149  2149 D SurfaceFlinger:        DEVICE |           13602161434240 | 00002100 | RGBA_8888    |    1.0    0.0 1441.0  889.0 |    0 2136 1440 3025 | Application Error: com.armada.expiryapp#55584 (blurRegions) (11)
06-20 18:19:28.596  2149  2149 E SurfaceFlinger: alpha changed 0.016 -> 0.000 - Surface(name=c3a17b4 Application Error: com.armada.expiryapp)/@0xbdd7bfe - animation-leash of window_animation#55593
06-20 18:19:28.605  3167  7613 I ActivityManager: Process com.armada.expiryapp (pid 21034) has died: cch CRE (961,2461)
06-20 18:19:28.606  3167  4780 I WindowManager: WIN DEATH: Window{eac7ded u0 com.armada.expiryapp/com.armada.expiryapp.MainActivity}
06-20 18:19:28.606  3167  4780 V WindowManager: Remove Window{eac7ded u0 com.armada.expiryapp/com.armada.expiryapp.MainActivity}: mSurfaceControl=null mAnimatingExit=false mRemoveOnExit=false mHasSurface=false surfaceShowing=false animating=false app-animation=false callers=com.android.server.wm.Session.binderDied:85 android.os.IBinder$DeathRecipient.binderDied:346 android.os.BinderProxy.sendDeathNotice:848 <bottom of call stack> <bottom of call stack> <bottom of call stack> 
06-20 18:19:28.609  3167  7613 V WindowManager: Schedule remove starting ActivityRecord{118309616 u0 com.armada.expiryapp/.MainActivity t3108 f}} startingWindow=Window{2b03375 u0 Splash Screen com.armada.expiryapp} animate=true Callers=com.android.server.wm.ActivityRecord.removeStartingWindow:178 com.android.server.wm.ActivityRecord.onRemovedFromDisplay:348 com.android.server.wm.ActivityRecord.removeFromHistory:173 com.android.server.wm.WindowProcessController.handleAppDied$1:507 com.android.server.am.ActivityManagerService.handleAppDiedLocked:248 
06-20 18:19:28.610  3167  3285 D SGM:FgCheckThread: pkgName: com.armada.expiryapp is not in foreground
06-20 18:19:28.610  3167  3285 D SGM:FgCheckThread: noteStopComponent(), received pkgName: com.armada.expiryapp, focusedPkgName: com.sec.android.app.launcher, userId: 0
06-20 18:19:28.614  3167  3286 D WindowManager: Starting window removed Window{2b03375 u0 Splash Screen com.armada.expiryapp}
06-20 18:19:28.614  3167  3286 V WindowManager: Remove Window{2b03375 u0 Splash Screen com.armada.expiryapp}: mSurfaceControl=Surface(name=Splash Screen com.armada.expiryapp$_4275)/@0x6a777f1 mAnimatingExit=false mRemoveOnExit=false mHasSurface=true surfaceShowing=false animating=false app-animation=false callers=com.android.server.wm.WindowToken.removeAllWindowsIfPossible:45 com.android.server.wm.WindowToken.removeIfPossible:16 com.android.server.wm.WindowToken.handleCompleteDeferredRemoval:5 com.android.server.wm.WindowContainer.handleCompleteDeferredRemoval:21 com.android.server.wm.TaskFragment.handleCompleteDeferredRemoval:17 com.android.server.wm.WindowContainer.handleCompleteDeferredRemoval:21 
06-20 18:19:28.617  2149  2266 I SurfaceFlinger: id=55575 Removed 8bbfa6d ActivityRecordInputSink com.armada.expiryapp/.MainActivity#55575 (273)
06-20 18:19:28.622  2149  2149 I SurfaceFlinger: [LayerHierarchy{RequestedLayerState{ActivityRecord{118309616 u0 com.armada.expiryapp/.MainActivity t3108}#55567} 3 children}] reparent to OffscreenRoot
06-20 18:19:28.622  2149  2149 I SurfaceFlinger: [LayerHierarchy{RequestedLayerState{ActivityRecord{118309616 u0 com.armada.expiryapp/.MainActivity t3108}#55567} 3 children}] RelativeParent to null
06-20 18:19:28.622  2149  2149 I SurfaceFlinger: [LayerHierarchy{RequestedLayerState{2b03375 Splash Screen com.armada.expiryapp#55568 z=2147483647} 1 children}] reparent to OffscreenRoot
06-20 18:19:28.622  2149  2149 I SurfaceFlinger: [LayerHierarchy{RequestedLayerState{2b03375 Splash Screen com.armada.expiryapp#55568 z=2147483647} 1 children}] RelativeParent to null
06-20 18:19:28.622  2149  2149 I SurfaceFlinger: [LayerHierarchy{RequestedLayerState{Splash Screen com.armada.expiryapp$_4275#55569} no children}] reparent to OffscreenRoot
06-20 18:19:28.622  2149  2149 I SurfaceFlinger: [LayerHierarchy{RequestedLayerState{Splash Screen com.armada.expiryapp$_4275#55569} no children}] RelativeParent to null
06-20 18:19:28.622  2149  2149 I SurfaceFlinger: [LayerHierarchy{RequestedLayerState{eac7ded com.armada.expiryapp/com.armada.expiryapp.MainActivity#55577} no children}] reparent to OffscreenRoot
06-20 18:19:28.622  2149  2149 I SurfaceFlinger: [LayerHierarchy{RequestedLayerState{eac7ded com.armada.expiryapp/com.armada.expiryapp.MainActivity#55577} no children}] RelativeParent to null
06-20 18:19:28.622  2149  2149 I SurfaceFlinger: id=55567 Removed ActivityRecord{118309616 u0 com.armada.expiryapp/.MainActivity t3108}#55567 (273)
06-20 18:19:28.622  2149  2149 I SurfaceFlinger: id=55569 Removed Splash Screen com.armada.expiryapp$_4275#55569 (273)
06-20 18:19:28.622  2149  2149 I SurfaceFlinger: id=55577 Removed eac7ded com.armada.expiryapp/com.armada.expiryapp.MainActivity#55577 (273)
06-20 18:19:28.632  2149  2149 I SurfaceFlinger: destroyed 8bbfa6d ActivityRecordInputSink com.armada.expiryapp/.MainActivity#55575 form LifecycleManager
06-20 18:19:28.632  2149  2149 I SurfaceFlinger: destroyed ActivityRecord{118309616 u0 com.armada.expiryapp/.MainActivity t3108}#55567 form LifecycleManager
06-20 18:19:28.632  2149  2149 I SurfaceFlinger: destroyed Splash Screen com.armada.expiryapp$_4275#55569 form LifecycleManager
06-20 18:19:28.632  2149  2149 I SurfaceFlinger: destroyed eac7ded com.armada.expiryapp/com.armada.expiryapp.MainActivity#55577 form LifecycleManager
06-20 18:19:28.632  2149  2149 I SurfaceFlinger: id=55575 onLayerDestroyed from LayerHierarchyBuilder(RequestedLayerState{8bbfa6d ActivityRecordInputSink com.armada.expiryapp/.MainActivity#55575 !handle z=-2147483648})
06-20 18:19:28.632  2149  2149 I SurfaceFlinger: id=55567 onLayerDestroyed from LayerHierarchyBuilder(RequestedLayerState{ActivityRecord{118309616 u0 com.armada.expiryapp/.MainActivity t3108}#55567 !handle})
06-20 18:19:28.632  2149  2149 I SurfaceFlinger: id=55569 onLayerDestroyed from LayerHierarchyBuilder(RequestedLayerState{Splash Screen com.armada.expiryapp$_4275#55569 !handle})
06-20 18:19:28.632  2149  2149 I SurfaceFlinger: id=55577 onLayerDestroyed from LayerHierarchyBuilder(RequestedLayerState{eac7ded com.armada.expiryapp/com.armada.expiryapp.MainActivity#55577 !handle})
06-20 18:19:28.632  2149  2149 I Layer   : id=55575 Destroyed 8bbfa6d ActivityRecordInputSink com.armada.expiryapp/.MainActivity#55575
06-20 18:19:28.632  2149  2149 I Layer   : id=55567 Destroyed ActivityRecord{118309616 u0 com.armada.expiryapp/.MainActivity t3108}#55567
06-20 18:19:28.632  2149  2149 I Layer   : id=55569 Destroyed Splash Screen com.armada.expiryapp$_4275#55569
06-20 18:19:28.632  2149  2149 I Layer   : id=55577 Destroyed eac7ded com.armada.expiryapp/com.armada.expiryapp.MainActivity#55577
06-20 18:19:28.794  3167  3286 I WindowManager: Reparenting to original parent: Surface(name=WindowToken{886d308 type=2003 android.view.ViewRootImpl$W@80e3e33})/@0xd895f5f, destroy=true, surface=Surface(name=c3a17b4 Application Error: com.armada.expiryapp)/@0xbdd7bfe
06-20 18:19:28.805  2149  2149 I SurfaceFlinger: RequestedLayer [Application Error: com.armada.expiryapp#55584] hidden!! flag  from(0) --> to(1)
06-20 18:19:28.805  2149  2149 I SurfaceFlinger: [LayerHierarchy{RequestedLayerState{c3a17b4 Application Error: com.armada.expiryapp#55581} 2 children}] reparent to OffscreenRoot
06-20 18:19:28.805  2149  2149 I SurfaceFlinger: [LayerHierarchy{RequestedLayerState{c3a17b4 Application Error: com.armada.expiryapp#55581} 2 children}] RelativeParent to null
06-20 18:19:28.805  2149  2149 I SurfaceFlinger: [LayerHierarchy{RequestedLayerState{Application Error: com.armada.expiryapp#55584} no children}] reparent to OffscreenRoot
06-20 18:19:28.805  2149  2149 I SurfaceFlinger: [LayerHierarchy{RequestedLayerState{Application Error: com.armada.expiryapp#55584} no children}] RelativeParent to null
06-20 18:19:28.805  2149  2149 I SurfaceFlinger: [LayerHierarchy{RequestedLayerState{Surface(name=c3a17b4 Application Error: com.armada.expiryapp)/@0xbdd7bfe - animation-leash of window_animation#55593} no children}] reparent to OffscreenRoot
06-20 18:19:28.805  2149  2149 I SurfaceFlinger: [LayerHierarchy{RequestedLayerState{Surface(name=c3a17b4 Application Error: com.armada.expiryapp)/@0xbdd7bfe - animation-leash of window_animation#55593} no children}] RelativeParent to null
06-20 18:19:28.806  2149  2149 I SurfaceFlinger: id=55584 Removed Application Error: com.armada.expiryapp#55584 (272)
06-20 18:19:28.806  2149  2149 I SurfaceFlinger: id=55593 Removed Surface(name=c3a17b4 Application Error: com.armada.expiryapp)/@0xbdd7bfe - animation-leash of window_animation#55593 (272)
06-20 18:19:28.806  2149  2149 I SurfaceFlinger: id=55581 Removed c3a17b4 Application Error: com.armada.expiryapp#55581 (272)
06-20 18:19:28.813  2149  2149 I SurfaceFlinger: destroyed c3a17b4 Application Error: com.armada.expiryapp#55581 form LifecycleManager
06-20 18:19:28.813  2149  2149 I SurfaceFlinger: destroyed Application Error: com.armada.expiryapp#55584 form LifecycleManager
06-20 18:19:28.813  2149  2149 I SurfaceFlinger: destroyed Surface(name=c3a17b4 Application Error: com.armada.expiryapp)/@0xbdd7bfe - animation-leash of window_animation#55593 form LifecycleManager
06-20 18:19:28.813  2149  2149 I SurfaceFlinger: id=55581 onLayerDestroyed from LayerHierarchyBuilder(RequestedLayerState{c3a17b4 Application Error: com.armada.expiryapp#55581 !handle})
06-20 18:19:28.813  2149  2149 I SurfaceFlinger: id=55584 onLayerDestroyed from LayerHierarchyBuilder(RequestedLayerState{Application Error: com.armada.expiryapp#55584 !handle})
06-20 18:19:28.813  2149  2149 I SurfaceFlinger: id=55593 onLayerDestroyed from LayerHierarchyBuilder(RequestedLayerState{Surface(name=c3a17b4 Application Error: com.armada.expiryapp)/@0xbdd7bfe - animation-leash of window_animation#55593 !handle})
06-20 18:19:28.814  2149  2149 I Layer   : id=55581 Destroyed c3a17b4 Application Error: com.armada.expiryapp#55581
06-20 18:19:28.814  2149  2149 I Layer   : id=55584 Destroyed Application Error: com.armada.expiryapp#55584
06-20 18:19:28.814  2149  2149 I Layer   : id=55593 Destroyed Surface(name=c3a17b4 Application Error: com.armada.expiryapp)/@0xbdd7bfe - animation-leash of window_animation#55593
06-20 18:19:28.911  2149  2490 I SurfaceFlinger: id=55568 Removed 2b03375 Splash Screen com.armada.expiryapp#55568 (271)
06-20 18:19:28.913  2149  2149 I SurfaceFlinger: destroyed 2b03375 Splash Screen com.armada.expiryapp#55568 form LifecycleManager
06-20 18:19:28.913  2149  2149 I SurfaceFlinger: id=55568 onLayerDestroyed from LayerHierarchyBuilder(RequestedLayerState{2b03375 Splash Screen com.armada.expiryapp#55568 !handle z=2147483647})
06-20 18:19:28.914  2149  2149 I Layer   : id=55568 Destroyed 2b03375 Splash Screen com.armada.expiryapp#55568
06-20 18:19:29.076  3167  3685 I Role    : com.armada.expiryapp not qualified for android.app.role.HOME due to missing RequiredComponent{mFlags='0', mIntentFilterData=IntentFilterData{mAction='android.intent.action.MAIN', mCategories='[android.intent.category.HOME]', mDataScheme='null', mDataType='null'}, mMetaData=[], mPermission='null', mQueryFlags=0} Requirement{mFeatureFlag=null, mMinTargetSdkVersion=1}
06-20 18:19:29.081  3167  5864 I Role    : com.armada.expiryapp not qualified for android.app.role.DIALER due to missing RequiredComponent{mFlags='0', mIntentFilterData=IntentFilterData{mAction='android.intent.action.DIAL', mCategories='[]', mDataScheme='null', mDataType='null'}, mMetaData=[], mPermission='null', mQueryFlags=0} Requirement{mFeatureFlag=null, mMinTargetSdkVersion=1}
06-20 18:19:29.082  3167  7613 I Role    : com.armada.expiryapp not qualified for android.app.role.SMS due to missing RequiredComponent{mFlags='0', mIntentFilterData=IntentFilterData{mAction='android.provider.Telephony.SMS_DELIVER', mCategories='[]', mDataScheme='null', mDataType='null'}, mMetaData=[], mPermission='android.permission.BROADCAST_SMS', mQueryFlags=0} Requirement{mFeatureFlag=null, mMinTargetSdkVersion=1}
06-20 18:19:29.082  3167  7613 I Role    : com.armada.expiryapp not qualified for android.app.role.HOME due to missing RequiredComponent{mFlags='0', mIntentFilterData=IntentFilterData{mAction='android.intent.action.MAIN', mCategories='[android.intent.category.HOME]', mDataScheme='null', mDataType='null'}, mMetaData=[], mPermission='null', mQueryFlags=0} Requirement{mFeatureFlag=null, mMinTargetSdkVersion=1}
06-20 18:19:29.164 21430 21430 D AppButtonsPrefCtl: This app(com.armada.expiryapp) is not app archivable
06-20 18:19:29.167 21430 21430 I AppButtonsPrefCtl: AppButton refreshUI for Pkg : com.armada.expiryapp
06-20 18:19:29.174 21430 21430 D AppButtonsPrefCtl: This app(com.armada.expiryapp) is not app archivable
06-20 18:19:29.285 21430 21449 I AppIconSolution: return adaptive icon for com.armada.expiryapp, isNight = false
06-20 18:19:29.333 21430 21430 I ApplicationsState: mNewAppListForAppLabelCache.add : com.armada.expiryapp
06-20 18:19:29.335 21430 21430 I AppIconSolution: return adaptive icon for com.armada.expiryapp, isNight = false
06-20 18:19:29.336 21430 21466 I AppIconSolution: return adaptive icon for com.armada.expiryapp, isNight = false
06-20 18:19:29.358  3167  3685 W PackageConfigPersister: App-specific configuration not found for packageName: com.armada.expiryapp and userId: 0
06-20 18:19:29.363 21430 21430 I AppButtonsPrefCtl: AppButton refreshUI for Pkg : com.armada.expiryapp
06-20 18:19:29.380 21430 21430 D AppButtonsPrefCtl: This app(com.armada.expiryapp) is not app archivable
06-20 18:19:29.509 21430 21430 E AppInfoDashboard: Package: com.armada.expiryapp not found for user: 150
06-20 18:19:29.981 21430 21430 I AppIconSolution: return adaptive icon for com.armada.expiryapp, isNight = false
06-20 18:19:29.984 21430 21468 I AppIconSolution: return adaptive icon for com.armada.expiryapp, isNight = false
06-20 18:19:29.994  3167  5252 W PackageConfigPersister: App-specific configuration not found for packageName: com.armada.expiryapp and userId: 0
06-20 18:19:29.994 21430 21430 I AppButtonsPrefCtl: AppButton refreshUI for Pkg : com.armada.expiryapp
06-20 18:19:30.006 21430 21430 D AppButtonsPrefCtl: This app(com.armada.expiryapp) is not app archivable
06-20 18:19:30.028 21430 21430 D AppButtonsPrefCtl: This app(com.armada.expiryapp) is not app archivable
06-20 18:19:30.028 21430 21430 D AppButtonsPrefCtl: This app(com.armada.expiryapp) is not app archivable
06-20 18:19:30.028 21430 21430 D AppButtonsPrefCtl: This app(com.armada.expiryapp) is not app archivable
06-20 18:19:39.279  3167  4780 I Pageboost: start alp : com.armada.expiryapp
06-20 18:19:39.279  4725  4725 I HoneySpace.IconView: start dim animation : Armada Expiry
06-20 18:19:39.292  4275  4377 D ShellStartingWindow: preload Icon com.armada.expiryapp
06-20 18:19:39.295  3167  4259 I Pageboost: alp for : com.armada.expiryapp , 0
06-20 18:19:39.299  5239 21590 E pageboostd: alp start : app comarmadaexpiryapp
06-20 18:19:39.303  5239 21590 E pageboostd: comarmadaexpiryapp, amt 708608 scnt 2 fcnt 0
06-20 18:19:39.304  5239 21590 E pageboostd: comarmadaexpiryapp, amt 40960 scnt 2 fcnt 4
06-20 18:19:39.304  5239 21590 E pageboostd: alp end : app comarmadaexpiryapp data_amount 749568
06-20 18:19:39.305  3167  3294 I ActivityManager: Start proc 21592:com.armada.expiryapp/u0a373 for activelaunch {com.armada.expiryapp/com.armada.expiryapp.MainActivity}
06-20 18:19:39.344  4725  4725 I HoneySpace.IconView: end dim animation : Armada Expiry
06-20 18:19:39.347  3167  5508 I Pageboost: onAppLaunch : com.armada.expiryapp
06-20 18:19:39.350  3167  5508 V WindowManager: Collecting in transition 4824: ActivityRecord{26705642 u0 com.armada.expiryapp/.MainActivity, caller=com.android.server.wm.TransitionController.collect:7 com.android.server.wm.ActivityStarter.startActivityUnchecked:98 com.android.server.wm.ActivityStarter.executeRequest:3559 com.android.server.wm.ActivityStarter.execute:1752 com.android.server.wm.ActivityTaskManagerService.startActivityAsUser:95 
06-20 18:19:39.350  3167  5508 D ActivityTaskManager: DesktopModeLaunchParamsModifier: task=null activity=ActivityRecord{26705642 u0 com.armada.expiryapp/.MainActivity t-1} task null, skipping
06-20 18:19:39.350  3167  5508 D ActivityTaskManager: TaskLaunchParamsModifier:task=null activity=ActivityRecord{26705642 u0 com.armada.expiryapp/.MainActivity t-1} display-from-option=0 display-id=0 task-display-area-windowing-mode=1 suggested-display-area=DefaultTaskDisplayArea_d0@55990497
06-20 18:19:39.350  3167  5508 D ActivityTaskManager: DesktopModeLaunchParamsModifier: task=null activity=ActivityRecord{26705642 u0 com.armada.expiryapp/.MainActivity t-1} task null, skipping
06-20 18:19:39.350  3167  5508 D ActivityTaskManager: TaskLaunchParamsModifier:task=null activity=ActivityRecord{26705642 u0 com.armada.expiryapp/.MainActivity t-1} display-from-option=0 display-id=0 task-display-area-windowing-mode=1 suggested-display-area=DefaultTaskDisplayArea_d0@55990497 inherit-from-source=fullscreen non-freeform-task-display-area display-area=DefaultTaskDisplayArea_d0@55990497 default-portrait freeform-size-mismatch=Rect(108, 738 - 1332, 2282)
06-20 18:19:39.351  3167  5508 D ActivityTaskManager: DesktopModeLaunchParamsModifier: task=Task{92885db #3110 type=standard A=10373:com.armada.expiryapp} activity=ActivityRecord{26705642 u0 com.armada.expiryapp/.MainActivity t-1} non-desktop, skipping
06-20 18:19:39.351  3167  5508 D ActivityTaskManager: TaskLaunchParamsModifier:task=Task{92885db #3110 type=standard A=10373:com.armada.expiryapp} activity=ActivityRecord{26705642 u0 com.armada.expiryapp/.MainActivity t-1} display-from-option=0 display-id=0 task-display-area-windowing-mode=1 suggested-display-area=DefaultTaskDisplayArea_d0@55990497 inherit-from-source=fullscreen non-freeform-task-display-area display-area=DefaultTaskDisplayArea_d0@55990497 default-portrait freeform-size-mismatch=Rect(108, 738 - 1332, 2282)
06-20 18:19:39.352  3167  5508 V WindowManager: Collecting in transition 4824: Task{92885db #3110 type=standard A=10373:com.armada.expiryapp}, caller=com.android.server.wm.Transition.collectExistenceChange:40 com.android.server.wm.ActivityStarter.startActivityInner:293 com.android.server.wm.ActivityStarter.startActivityUnchecked:111 com.android.server.wm.ActivityStarter.executeRequest:3559 com.android.server.wm.ActivityStarter.execute:1752 
06-20 18:19:39.352  2149  2488 I SurfaceFlinger: id=55632 createSurf, flag=84004, ActivityRecord{26705642 u0 com.armada.expiryapp/.MainActivity t3110}#55632
06-20 18:19:39.353  4725 19883 I AppIconSolution: getThemeIconWithBG called with public API, pkg = com.armada.expiryapp, mode = 48
06-20 18:19:39.353  3167  5508 V WindowManager: Add starting ActivityRecord{26705642 u0 com.armada.expiryapp/.MainActivity t3110}: startingData=SplashScreenStartingData{96bb51 removeAfterTransaction= 0}
06-20 18:19:39.353  4725 19883 I AppIconSolution: return adaptive icon for com.armada.expiryapp, isNight = false
06-20 18:19:39.353  3167  5508 V WindowManager: Added starting ActivityRecord{26705642 u0 com.armada.expiryapp/.MainActivity t3110}: startingWindow=null startingView=com.android.server.wm.StartingSurfaceController$StartingSurface@ee69fb6
06-20 18:19:39.354  3167  5508 V WindowManager: Collecting in transition 4824: ActivityRecord{26705642 u0 com.armada.expiryapp/.MainActivity t3110}, caller=com.android.server.wm.Transition.collectExistenceChange:40 com.android.server.wm.ActivityStarter.handleStartResult:761 com.android.server.wm.ActivityStarter.startActivityUnchecked:124 com.android.server.wm.ActivityStarter.executeRequest:3559 com.android.server.wm.ActivityStarter.execute:1752 
06-20 18:19:39.354  3167  5508 V WindowManager:    ChangeInfo{9b31424 container=ActivityRecord{26705642 u0 com.armada.expiryapp/.MainActivity t3110} flags=0x0}
06-20 18:19:39.354  3167  5508 V WindowManager:    ChangeInfo{affd553 container=Task{92885db #3110 type=standard A=10373:com.armada.expiryapp} flags=0x0}
06-20 18:19:39.354  3167  5508 I ActivityTaskManager: START u0 {act=android.intent.action.MAIN cat=[android.intent.category.LAUNCHER] flg=0x10200000 xflg=0x4 cmp=com.armada.expiryapp/.MainActivity bnds=[852,674][1118,1027]} with LAUNCH_SINGLE_TOP from uid 10141 (sr=103561085) (BAL_ALLOW_VISIBLE_WINDOW) result code=0
06-20 18:19:39.355  4725 19883 I LauncherActivityInfo: packageName: com.armada.expiryapp, useThemeIcon: false, height: 288, width: 288, density: 640
06-20 18:19:39.355  4725 19883 I HoneySpace.SuggestedAppsRepositoryImpl: sendSuggestedAppsLaunchTarget: ComponentInfo{com.armada.expiryapp/com.armada.expiryapp.MainActivity}
06-20 18:19:39.355  4725  4830 I HoneySpace.SALoggingUtils: SA Logging screenID: 201 eventId: 1001 detail: {PackageName=com.armada.expiryapp, det=3} value: -1
06-20 18:19:39.359  3167  4780 V WindowManager: Collecting in transition 4824: ActivityRecord{26705642 u0 com.armada.expiryapp/.MainActivity t3110}, caller=com.android.server.wm.TransitionController.collect:7 com.android.server.wm.ActivityRecord.setVisibility:132 com.android.server.wm.EnsureActivitiesVisibleHelper.process:459 com.android.server.wm.TaskFragment.updateActivityVisibilities:12 com.android.server.wm.Task$$ExternalSyntheticLambda37.accept:37 
06-20 18:19:39.362  4275  4331 V WindowManagerShell: Transition requested (#4824): android.os.BinderProxy@2482ae7 TransitionRequestInfo { type = OPEN, triggerTask = TaskInfo{userId=0 taskId=3110 effectiveUid=10373 displayId=0 isRunning=true baseIntent=Intent { act=android.intent.action.MAIN cat=[android.intent.category.LAUNCHER] flg=0x10200000 cmp=com.armada.expiryapp/.MainActivity } baseActivity=ComponentInfo{com.armada.expiryapp/com.armada.expiryapp.MainActivity} topActivity=ComponentInfo{com.armada.expiryapp/com.armada.expiryapp.MainActivity} origActivity=null realActivity=ComponentInfo{com.armada.expiryapp/com.armada.expiryapp.MainActivity} numActivities=1 lastActiveTime=297297146 supportsMultiWindow=true resizeMode=1 isResizeable=true minWidth=-1 minHeight=-1 maxWidth=-1 maxHeight=-1 defaultMinSize=220 desktopDefaultMinSize=304 token=WCT{android.window.IWindowContainerToken$Stub$Proxy@b76d694} topActivityType=1 pictureInPictureParams=null shouldDockBigOverlays=false launchIntoPipHostTaskId=-1 lastParentTaskIdBeforePip=-1 displayCutoutSafeInsets=Rect(0, 100 - 0, 0) topActivityInfo=ActivityInfo{172a53d com.armada.expiryapp.MainActivity} launchCookies=[android.os.BinderProxy@6572132] positionInParent=Point(0, 0) parentTaskId=-1 isFocused=false isVisible=false isVisibleRequested=false isTopActivityNoDisplay=false isSleeping=false locusId=null displayAreaFeatureId=1 isTopActivityTransparent=false isActivityStackTransparent=false lastNonFullscreenBounds=Rect(108, 738 - 1332, 2282) capturedLink=null capturedLinkTimestamp=0 requestedVisibleTypes=-9 topActivityRequestOpenInBrowserEducationTimestamp=0 appCompatTaskInfo=AppCompatTaskInfo { topActivityInSizeCompat=false eligibleForLetterboxEducation= false isLetterboxEducationEnabled= false isLetterboxDoubleTapEnabled= false eligibleForUserAspectRatioButton= false topActivityBoundsLetterboxed= false isFromLetterboxDoubleTap= false topActivityLetterboxVerticalPosition= -1 topActivityLetterboxHorizontalPosition= -1 topActivityLetterboxWidth=-1 topActivityLetterboxHeight=-1 topActivityAppBounds=Rect(0, 0 - 1440, 3088) isUserFullscreenOverrideEnabled=false isSystemFullscreenOverrideEnabled=false hasMinAspectRatioOverride=false topActivityLetterboxBounds=null cameraCompatTaskInfo=CameraCompatTaskInfo { freeformCameraCompatMode=inactive} topActivityBounds=null topActivityInDisplayCompat=false singleTapFromLetterbox=false} topActivityMainWindowFrame=null originallySupportedMultiWindow=true hasWallpaper=false rootAffinity=10373:com.armada.expiryapp isTopTaskInStage=false CoverLauncherWidgetTask=false LaunchedFromAppsCoverLauncherTask=false LaunchedFromMultistarCoverLauncherTask=false isAllowedSeamlessRotation=false isTopTransparentActivity=false isAliasManaged=false hasConfigChanged=false snappingGuideBounds=null isAiKeyRemoveAppTask=false lastDesktopWindowingBounds=null lastExternalDesktopWindowingBounds=null safeCutoutInsets=null}, pipChange = null, remoteTransition = RemoteTransition { remoteTransition = android.window.IRemoteTransition$Stub$Proxy@de28e83, appThread = android.app.IApplicationThread$Stub$Proxy@d34c800, debugName = QuickstepLaunchflags =NONE }, displayChange = null, flags = 0, debugId = 4824 }
06-20 18:19:39.364  4725  4876 I HoneySpace.TopTaskUseCase: topTasks 3110 ComponentInfo{com.armada.expiryapp/com.armada.expiryapp.MainActivity}[displayId=0]
06-20 18:19:39.365  2149  2149 I SurfaceFlinger: [ActivityRecord{26705642 u0 com.armada.expiryapp/.MainActivity t3110}#55632] attach to parent LayerHierarchy{RequestedLayerState{Task=3110#55631 parentId=10} 1 children}
06-20 18:19:39.367  3167  5508 D WindowManager: prepareSync <SYNC_STATE_WAITING_FOR_DRAW>, mPrepareSyncSeqId=0, win=Window{c63a69f u0 Splash Screen com.armada.expiryapp}
06-20 18:19:39.367  2149  2267 I SurfaceFlinger: id=55633 createSurf, flag=84004, c63a69f Splash Screen com.armada.expiryapp#55633
06-20 18:19:39.367  3167  5508 V WindowManager: addWindow: ActivityRecord{26705642 u0 com.armada.expiryapp/.MainActivity t3110} startingWindow=Window{c63a69f u0 Splash Screen com.armada.expiryapp}
06-20 18:19:39.368  3167  5508 D WindowManager: rotationForOrientation, orientationSource=ActivityRecord{26705642 u0 com.armada.expiryapp/.MainActivity t3110}
06-20 18:19:39.368  4275  4374 I InsetsController: onStateChanged: host=Splash Screen com.armada.expiryapp, from=android.view.ViewRootImpl.onInsetsStateChanged:3026, state=InsetsState: {mDisplayFrame=Rect(0, 0 - 1440, 3088), mDisplayCutout=DisplayCutout{insets=Rect(0, 100 - 0, 0) waterfall=Insets{left=0, top=0, right=0, bottom=0} boundingRect={Bounds=[Rect(0, 0 - 0, 0), Rect(685, 0 - 756, 100), Rect(0, 0 - 0, 0), Rect(0, 0 - 0, 0)]} cutoutPathParserInfo={CutoutPathParserInfo{displayWidth=1440 displayHeight=3088 physicalDisplayWidth=1440 physicalDisplayHeight=3088 density={3.75} cutoutSpec={M 0,0 H -9.466666666666667 V 26.66666666666667‬ H 9.466666666666667 V 0 H 0 Z @dp} rotation={0} scale={1.0} physicalPixelDisplaySizeRatio={1.0}}} sideOverrides={}}, mRoundedCorners=RoundedCorners{[RoundedCorner{position=TopLeft, radius=14, center=Point(14, 14)}, RoundedCorner{position=TopRight, radius=14, center=Point(1426, 14)}, RoundedCorner{position=BottomRight, radius=14, center=Point(1426, 3074)}, RoundedCorner{position=BottomLeft, radius=14, center=Point(14, 3074)}]}  mRoundedCornerFrame=Rect(0, 0 - 1440, 3088), mPrivacyIndicatorBounds=PrivacyIndicatorBounds {static bounds=Rect(1286, 0 - 1440, 100) rotation=0}, mDisplayShape=DisplayShape{ spec=-311912193 displayWidth=1440 displayHeight=3088 physicalPixelDisplaySizeRatio=1.0 rotation=0 offsetX=0 offsetY=0 scale=1.0}, mSources= { InsetsSource: {3 mType=ime mFrame=[0,0][0,0] mVisible=false mFlags= mSideHint=NONE mBoundingRects=null}, InsetsSource: {27 mType=displayCutout mFrame=[0,0][1440,100] mVisible=true mFlags= mSideHint=TOP mBoundingRects=null}, InsetsSource: {20c80001 mType=navigationBars mFrame=[0,2920][1440,3088] mVisible=true mFlags= mSideHint=BOTTOM mBoundingRects=null}, InsetsSource: {20c80004 mType=systemGestures mFrame=[0,0][0,0] mVisible=true mFlags= mSideHint=NONE mBoundingRects=null}, InsetsSource: {20c80005 mType=mandatorySystemGestures mFrame=[0,2920][1440,3088] mVisible=true mFlags= mSideHint=BOTTOM mBoundingRects=null}, InsetsSource: {20c80006 mType=tappableElement mFrame=[0,2920][1440,3088] mVisible=true mFlags= mSideHint=BOTTOM mBoundingRects=null}, InsetsSource: {20c80024 mType=systemGestures mFrame=[0,0][0,0] mVisible=true mFlags= mSideHint=NONE mBoundingRects=null}, InsetsSource: {39f70000 mType=statusBars mFrame=[0,0][1440,100] mVisible=true mFlags= mSideHint=TOP mBoundingRects=null}, InsetsSource: {39f70005 mType=mandatorySystemGestures mFrame=[0,0][1440,142] mVisible=true mFlags= mSideHint=TOP mBoundingRects=null}, InsetsSource: {39f70006 mType=tappableElement mFrame=[0,0][1440,100] mVisible=true mFlags= mSideHint=TOP mBoundingRects=null} }
06-20 18:19:39.373  2149  2149 I SurfaceFlinger: [c63a69f Splash Screen com.armada.expiryapp#55633] attach to parent LayerHierarchy{RequestedLayerState{ActivityRecord{26705642 u0 com.armada.expiryapp/.MainActivity t3110}#55632 parentId=55631} 1 children}
06-20 18:19:39.374  3167  5508 I WindowManager: Relayout Window{c63a69f u0 Splash Screen com.armada.expiryapp}: viewVisibility=0 req=1440x3088 ty=3 d0
06-20 18:19:39.374  2149  2266 I SurfaceFlinger: id=55634 createSurf, flag=44004, Splash Screen com.armada.expiryapp$_4275#55634
06-20 18:19:39.374  3167  5508 D WindowManager: makeSurface duration=1 name=Splash Screen com.armada.expiryapp$_4275
06-20 18:19:39.374  3167  5508 D SurfaceComposerClient: setCornerRadius ## c63a69f Splash Screen com.armada.expiryapp#55633 cornerRadius=0.000000
06-20 18:19:39.375  3167  5508 D SurfaceComposerClient: setCornerRadius ## c63a69f Splash Screen com.armada.expiryapp#55633 cornerRadius=0.000000
06-20 18:19:39.376  3167  5861 D CoreBackPreview: Window{c63a69f u0 Splash Screen com.armada.expiryapp}: Setting back callback OnBackInvokedCallbackInfo{mCallback=android.window.IOnBackInvokedCallback$Stub$Proxy@3744cee, mPriority=0, mIsAnimationCallback=false, mOverrideBehavior=0}
06-20 18:19:39.377  3167  3286 D SurfaceComposerClient: setCornerRadius ## c63a69f Splash Screen com.armada.expiryapp#55633 cornerRadius=0.000000
06-20 18:19:39.382  2149  2149 I SurfaceFlinger: [Splash Screen com.armada.expiryapp$_4275#55634] attach to parent LayerHierarchy{RequestedLayerState{c63a69f Splash Screen com.armada.expiryapp#55633 parentId=55632} 1 children}
06-20 18:19:39.382  2149  2488 I SurfaceFlinger: [Splash Screen com.armada.expiryapp$_4275#55634] setTransactionState with the first frame. bufferData(ID: 18360985233423, frameNumber: 1)
06-20 18:19:39.384  3167  4780 D WindowManager: finishDrawingWindow: Window{c63a69f u0 Splash Screen com.armada.expiryapp} mDrawState=DRAW_PENDING seqId=0
06-20 18:19:39.384  3167  4780 V WindowManager: Finishing drawing window Window{c63a69f u0 Splash Screen com.armada.expiryapp}: mDrawState=DRAW_PENDING
06-20 18:19:39.384  3167  4780 V WindowManager: Draw state now committed in Window{c63a69f u0 Splash Screen com.armada.expiryapp}
06-20 18:19:39.384  3167  3286 D SurfaceComposerClient: setCornerRadius ## c63a69f Splash Screen com.armada.expiryapp#55633 cornerRadius=0.000000
06-20 18:19:39.385  3167  3286 D SurfaceComposerClient: setCornerRadius ## c63a69f Splash Screen com.armada.expiryapp#55633 cornerRadius=0.000000
06-20 18:19:39.385  3167  3286 V WindowManager: performShowLocked: mDrawState=HAS_DRAWN in Window{c63a69f u0 Splash Screen com.armada.expiryapp}
06-20 18:19:39.385  3167  3286 D WindowManagerServiceExt: updateTaskbarTargetIfNeeded: cn=ComponentInfo{com.armada.expiryapp/com.armada.expiryapp.MainActivity} occludesParent=true isInSplitScreenMode=false
06-20 18:19:39.385  3167  3286 D ChangeTransitionController:    ChangeInfo{9b31424 container=ActivityRecord{26705642 u0 com.armada.expiryapp/.MainActivity t3110} flags=0x0}
06-20 18:19:39.385  3167  3286 D ChangeTransitionController:    ChangeInfo{affd553 container=Task{92885db #3110 type=standard A=10373:com.armada.expiryapp} flags=0x0}
06-20 18:19:39.385  3167  3286 V WindowManager: Start calculating TransitionInfo based on participants: {ActivityRecord{26705642 u0 com.armada.expiryapp/.MainActivity t3110}, WallpaperWindowToken{594b86b showWhenLocked=false}_<system>, ActivityRecord{103561085 u0 com.sec.android.app.launcher/.activities.LauncherActivity t8}, Task{92885db #3110 type=standard A=10373:com.armada.expiryapp}, WallpaperWindowToken{f70dbd1 showWhenLocked=true}_<lock>}
06-20 18:19:39.385  3167  3286 V WindowManager:   Final targets: [ChangeInfo{affd553 container=Task{92885db #3110 type=standard A=10373:com.armada.expiryapp} flags=0x10}, ChangeInfo{345059b container=Task{adb4e53 #1 type=home} flags=0x10}, ChangeInfo{f5a9095 container=WallpaperWindowToken{594b86b showWhenLocked=false}_<system> flags=0x0}]
06-20 18:19:39.386  3167  3286 I SurfaceControlRegistry: show, t=StartTransaction_SyncId<4824> sc=ActivityRecord{26705642 u0 com.armada.expiryapp/.MainActivity t3110}, caller=android.view.SurfaceControl$Transaction.show:3557 com.android.server.wm.Transition.onTransactionReady:2048 com.android.server.wm.BLASTSyncEngine$SyncGroup.finishNow:240 com.android.server.wm.BLASTSyncEngine.onSurfacePlacement:263 com.android.server.wm.RootWindowContainer.performSurfacePlacementNoTrace:1083 com.android.server.wm.WindowSurfacePlacer.performSurfacePlacement:166 
06-20 18:19:39.386  3167  3286 V WindowManager:         {WCT{RemoteToken{7646077 Task{92885db #3110 type=standard A=10373:com.armada.expiryapp}}} m=OPEN f=NONE leash=Surface(name=Task=3110)/@0x2a0a111 sb=Rect(0, 0 - 1440, 3088) eb=Rect(0, 0 - 1440, 3088) epz=Point(1440, 3088) d=0 taskParent=-1 inset=Rect(0, 100 - 0, 168) dim=true},
