06-20 18:19:12.794 19836 19836 E AndroidRuntime: 	at android.content.ContextWrapper.getSharedPreferences(ContextWrapper.java:232)
06-20 18:19:12.794 19836 19836 E AndroidRuntime: 	at android.app.IdsController.getIdsSharedPreference(IdsController.java:172)
06-20 18:19:12.794 19836 19836 E AndroidRuntime: 	at android.app.IdsController.doIds(IdsController.java:138)
06-20 18:19:12.794 19836 19836 E AndroidRuntime: 	at android.app.ActivityThread.scheduleVsyncSS(ActivityThread.java:6302)
06-20 18:19:12.794 19836 19836 E AndroidRuntime: 	at android.app.ActivityThread.handleResumeActivity(ActivityThread.java:6472)
06-20 18:19:12.794 19836 19836 E AndroidRuntime: 	at android.app.servertransaction.ResumeActivityItem.execute(ResumeActivityItem.java:73)
06-20 18:19:12.794 19836 19836 E AndroidRuntime: 	at android.app.servertransaction.ActivityTransactionItem.execute(ActivityTransactionItem.java:63)
06-20 18:19:12.794 19836 19836 E AndroidRuntime: 	at android.app.servertransaction.TransactionExecutor.executeLifecycleItem(TransactionExecutor.java:169)
06-20 18:19:12.794 19836 19836 E AndroidRuntime: 	at android.app.servertransaction.TransactionExecutor.executeTransactionItems(TransactionExecutor.java:101)
06-20 18:19:12.794 19836 19836 E AndroidRuntime: 	at android.app.servertransaction.TransactionExecutor.execute(TransactionExecutor.java:80)
06-20 18:19:12.794 19836 19836 E AndroidRuntime: 	at android.app.ActivityThread$H.handleMessage(ActivityThread.java:3150)
06-20 18:19:12.794 19836 19836 E AndroidRuntime: 	at android.os.Handler.dispatchMessage(Handler.java:110)
06-20 18:19:12.794 19836 19836 E AndroidRuntime: 	... 6 more
06-20 18:19:12.798  2149  2149 I SurfaceFlinger: RequestedLayer [fae5340 com.armada.expiryapp/com.armada.expiryapp.MainActivity#55535] hidden!! flag  from(1) --> to(0)
06-20 18:19:12.816  3167 19938 W ActivityManager: crash : com.armada.expiryapp,10373
06-20 18:19:12.833  7352  7352 I SDHMS:PowerAnomaly:Gatherer:AppError: update AppError : uid=10373, pkg=com.armada.expiryapp, errorType=crash
06-20 18:19:12.836  7352  7352 I SDHMS:PowerAnomaly:Analyzer:AppError: analyze app error : uid=10373, pkg=com.armada.expiryapp, appErrorCount=1
06-20 18:19:12.846  3167  7708 I ActivityManager: Process com.armada.expiryapp (pid 19836) has died: fg  TOP (294,2679)
06-20 18:19:12.846  3167  5861 I WindowManager: WIN DEATH: Window{fae5340 u0 com.armada.expiryapp/com.armada.expiryapp.MainActivity}
06-20 18:19:12.846  3167  5861 V WindowManager: Remove Window{fae5340 u0 com.armada.expiryapp/com.armada.expiryapp.MainActivity}: mSurfaceControl=null mAnimatingExit=false mRemoveOnExit=false mHasSurface=false surfaceShowing=false animating=false app-animation=false callers=com.android.server.wm.Session.binderDied:85 android.os.IBinder$DeathRecipient.binderDied:346 android.os.BinderProxy.sendDeathNotice:848 <bottom of call stack> <bottom of call stack> <bottom of call stack> 
06-20 18:19:12.847  3167  5861 D SurfaceComposerClient: setCornerRadius ## 94dde2d Splash Screen com.armada.expiryapp#55525 cornerRadius=0.000000
06-20 18:19:12.847  3167  5861 D SurfaceComposerClient: setCornerRadius ## 94dde2d Splash Screen com.armada.expiryapp#55525 cornerRadius=0.000000
06-20 18:19:12.849  3167  7708 W ActivityTaskManager: Force removing ActivityRecord{255691709 u0 com.armada.expiryapp/.MainActivity t3107}: app died, no saved state
06-20 18:19:12.849  3167  7708 V WindowManager: Collecting in transition 4815: ActivityRecord{255691709 u0 com.armada.expiryapp/.MainActivity t3107}, caller=com.android.server.wm.Transition.collectExistenceChange:40 com.android.server.wm.Transition.collectClose:7 com.android.server.wm.WindowProcessController.handleAppDied$1:465 com.android.server.am.ActivityManagerService.handleAppDiedLocked:248 com.android.server.am.ActivityManagerService.appDiedLocked:570 
06-20 18:19:12.849  3167  7708 D WindowManager: prepareSync <SYNC_STATE_WAITING_FOR_DRAW>, mPrepareSyncSeqId=0, win=Window{94dde2d u0 Splash Screen com.armada.expiryapp}
06-20 18:19:12.849  3167  7708 V WindowManager: Moving existing starting Window{94dde2d u0 Splash Screen com.armada.expiryapp} from ActivityRecord{255691709 u0 com.armada.expiryapp/.MainActivity t3107} to ActivityRecord{66098084 u0 com.google.android.permissioncontroller/com.android.permissioncontroller.permission.ui.GrantPermissionsActivity t3107}
06-20 18:19:12.849  3167  7708 V WindowManager: Collecting in transition 4815: ActivityRecord{255691709 u0 com.armada.expiryapp/.MainActivity t3107}, caller=com.android.server.wm.TransitionController.collect:7 com.android.server.wm.ActivityRecord.transferStartingWindow:225 com.android.server.wm.WindowProcessController.handleAppDied$1:501 com.android.server.am.ActivityManagerService.handleAppDiedLocked:248 com.android.server.am.ActivityManagerService.appDiedLocked:570 
06-20 18:19:12.849  3167  7708 V WindowManager: Collecting in transition 4815: Window{94dde2d u0 Splash Screen com.armada.expiryapp}, caller=com.android.server.wm.TransitionController.collect:7 com.android.server.wm.ActivityRecord.transferStartingWindow:230 com.android.server.wm.WindowProcessController.handleAppDied$1:501 com.android.server.am.ActivityManagerService.handleAppDiedLocked:248 com.android.server.am.ActivityManagerService.appDiedLocked:570 
06-20 18:19:12.849  3167  7708 D SurfaceComposerClient: setCornerRadius ## 94dde2d Splash Screen com.armada.expiryapp#55525 cornerRadius=0.000000
06-20 18:19:12.849  3167  7708 D SurfaceComposerClient: setCornerRadius ## 94dde2d Splash Screen com.armada.expiryapp#55525 cornerRadius=0.000000
06-20 18:19:12.849  3167  7708 D SurfaceComposerClient: setCornerRadius ## 94dde2d Splash Screen com.armada.expiryapp#55525 cornerRadius=0.000000
06-20 18:19:12.850  3167  7708 V WindowManager: Collecting in transition 4815: ActivityRecord{255691709 u0 com.armada.expiryapp/.MainActivity t3107 f}}, caller=com.android.server.wm.TransitionController.collect:7 com.android.server.wm.ActivityRecord.onRemovedFromDisplay:258 com.android.server.wm.ActivityRecord.removeFromHistory:173 com.android.server.wm.WindowProcessController.handleAppDied$1:507 com.android.server.am.ActivityManagerService.handleAppDiedLocked:248 
06-20 18:19:12.850  2149  2267 I SurfaceFlinger: id=55532 Removed 96e0d67 ActivityRecordInputSink com.armada.expiryapp/.MainActivity#55532 (259)
06-20 18:19:12.853  3167  7708 D SurfaceComposerClient: setCornerRadius ## 94dde2d Splash Screen com.armada.expiryapp#55525 cornerRadius=0.000000
06-20 18:19:12.856  3167  3285 D SGM:FgCheckThread: pkgName: com.armada.expiryapp is not in foreground
06-20 18:19:12.856  3167  3285 D SGM:FgCheckThread: noteStopComponent(), received pkgName: com.armada.expiryapp, focusedPkgName: com.armada.expiryapp, userId: 0
06-20 18:19:12.856  2149  2149 I SurfaceFlinger: [LayerHierarchy{RequestedLayerState{fae5340 com.armada.expiryapp/com.armada.expiryapp.MainActivity#55535} no children}] reparent to OffscreenRoot
06-20 18:19:12.856  2149  2149 I SurfaceFlinger: [LayerHierarchy{RequestedLayerState{fae5340 com.armada.expiryapp/com.armada.expiryapp.MainActivity#55535} no children}] RelativeParent to null
06-20 18:19:12.857  2149  2149 I SurfaceFlinger: id=55535 Removed fae5340 com.armada.expiryapp/com.armada.expiryapp.MainActivity#55535 (259)
06-20 18:19:12.858  3167  7613 D SurfaceComposerClient: setCornerRadius ## 94dde2d Splash Screen com.armada.expiryapp#55525 cornerRadius=0.000000
06-20 18:19:12.858  3167  7613 D SurfaceComposerClient: setCornerRadius ## 94dde2d Splash Screen com.armada.expiryapp#55525 cornerRadius=0.000000
06-20 18:19:12.864  2149  2149 I SurfaceFlinger: destroyed fae5340 com.armada.expiryapp/com.armada.expiryapp.MainActivity#55535 form LifecycleManager
06-20 18:19:12.864  2149  2149 I SurfaceFlinger: id=55535 onLayerDestroyed from LayerHierarchyBuilder(RequestedLayerState{fae5340 com.armada.expiryapp/com.armada.expiryapp.MainActivity#55535 !handle})
06-20 18:19:12.865  2149  2149 I Layer   : id=55535 Destroyed fae5340 com.armada.expiryapp/com.armada.expiryapp.MainActivity#55535
06-20 18:19:12.870  7261 16287 I [AirCmd]_ActivitySwitchDetector: onTaskFocusChanged :mTopMostActivity = ComponentInfo{com.armada.expiryapp/com.armada.expiryapp.MainActivity}
06-20 18:19:12.871  3167  3286 D SurfaceComposerClient: setCornerRadius ## 94dde2d Splash Screen com.armada.expiryapp#55525 cornerRadius=0.000000
06-20 18:19:12.871  3167  3286 D SurfaceComposerClient: setCornerRadius ## 94dde2d Splash Screen com.armada.expiryapp#55525 cornerRadius=0.000000
06-20 18:19:12.872  3167  3286 D SurfaceComposerClient: setCornerRadius ## 94dde2d Splash Screen com.armada.expiryapp#55525 cornerRadius=0.000000
06-20 18:19:12.872  3167  3286 D SurfaceComposerClient: setCornerRadius ## 94dde2d Splash Screen com.armada.expiryapp#55525 cornerRadius=0.000000
06-20 18:19:12.887  3167  7708 D SurfaceComposerClient: setCornerRadius ## 94dde2d Splash Screen com.armada.expiryapp#55525 cornerRadius=0.000000
06-20 18:19:12.888  3167  7708 D SurfaceComposerClient: setCornerRadius ## 94dde2d Splash Screen com.armada.expiryapp#55525 cornerRadius=0.000000
06-20 18:19:12.906  4725 19862 I SearchEngineAppSuggestion: package changed: com.armada.expiryapp
06-20 18:19:12.912  3167  3286 D SurfaceComposerClient: setCornerRadius ## 94dde2d Splash Screen com.armada.expiryapp#55525 cornerRadius=0.000000
06-20 18:19:12.912  3167  3286 D SurfaceComposerClient: setCornerRadius ## 94dde2d Splash Screen com.armada.expiryapp#55525 cornerRadius=0.000000
06-20 18:19:12.913  3167  3286 D ChangeTransitionController:    ChangeInfo{1f2d900 container=Window{94dde2d u0 Splash Screen com.armada.expiryapp} flags=0x0}
06-20 18:19:12.913  3167  3286 D ChangeTransitionController:    ChangeInfo{50b33c container=Task{ef645b2 #3107 type=standard A=10373:com.armada.expiryapp} flags=0x0}
06-20 18:19:12.913  3167  3286 D ChangeTransitionController:    ChangeInfo{41394df container=ActivityRecord{255691709 u0 com.armada.expiryapp/.MainActivity t-1 f}} flags=0x0}
06-20 18:19:12.913  3167  3286 V WindowManager: Start calculating TransitionInfo based on participants: {ActivityRecord{66098084 u0 com.google.android.permissioncontroller/com.android.permissioncontroller.permission.ui.GrantPermissionsActivity t3107}, ActivityRecord{98583904 u0 com.whatsapp.w4b/com.whatsapp.Conversation t3092}, Window{94dde2d u0 Splash Screen com.armada.expiryapp}, ActivityRecord{188843934 u0 com.google.android.packageinstaller/com.android.packageinstaller.DeleteStagedFileOnResult t3092}, ActivityRecord{255691709 u0 com.armada.expiryapp/.MainActivity t-1 f}}}
06-20 18:19:12.917  3167  3286 D SurfaceComposerClient: setCornerRadius ## 94dde2d Splash Screen com.armada.expiryapp#55525 cornerRadius=0.000000
06-20 18:19:12.917  3167  3286 D SurfaceComposerClient: setCornerRadius ## 94dde2d Splash Screen com.armada.expiryapp#55525 cornerRadius=0.000000
06-20 18:19:12.920  3167  3280 V WindowManager: Sent Transition (#4815) createdAt=06-20 18:19:12.733 via request=TransitionRequestInfo { type = OPEN, triggerTask = TaskInfo{userId=0 taskId=3107 effectiveUid=10373 displayId=0 isRunning=true baseIntent=Intent { act=android.intent.action.MAIN cat=[android.intent.category.LAUNCHER] flg=0x34000000 pkg=com.armada.expiryapp cmp=com.armada.expiryapp/.MainActivity } baseActivity=ComponentInfo{com.armada.expiryapp/com.armada.expiryapp.MainActivity} topActivity=ComponentInfo{com.google.android.permissioncontroller/com.android.permissioncontroller.permission.ui.GrantPermissionsActivity} origActivity=null realActivity=ComponentInfo{com.armada.expiryapp/com.armada.expiryapp.MainActivity} numActivities=2 lastActiveTime=297270532 supportsMultiWindow=true resizeMode=1 isResizeable=true minWidth=-1 minHeight=-1 maxWidth=-1 maxHeight=-1 defaultMinSize=220 desktopDefaultMinSize=304 token=WCT{RemoteToken{448950f Task{ef645b2 #3107 type=standard A=10373:com.armada.expiryapp}}} topActivityType=1 pictureInPictureParams=null shouldDockBigOverlays=false launchIntoPipHostTaskId=-1 lastParentTaskIdBeforePip=-1 displayCutoutSafeInsets=Rect(0, 0 - 0, 0) topActivityInfo=ActivityInfo{84caff4 com.android.permissioncontroller.permission.ui.GrantPermissionsActivity} launchCookies=[] positionInParent=Point(0, 0) parentTaskId=-1 isFocused=true isVisible=true isVisibleRequested=true isTopActivityNoDisplay=false isSleeping=false locusId=null displayAreaFeatureId=1 isTopActivityTransparent=true isActivityStackTransparent=false lastNonFullscreenBounds=Rect(108, 738 - 1332, 2282) capturedLink=null capturedLinkTimestamp=0 requestedVisibleTypes=-9 topActivityRequestOpenInBrowserEducationTimestamp=0 appCompatTaskInfo=AppCompatTaskInfo { topActivityInSizeCompat=false eligibleForLetterboxEducation= false isLetterboxEducationEnabled= false isLetterboxDoubleTapEnabled= false eligibleForUserAspectRatioButton= false topActivityBoundsLetterboxed= false isFromLetterboxDoubleTap= false topActivityLetterboxVerticalPosition= -1 topActivityLetterboxHorizontalPosition= -1 topActivityLetterboxWidth=-1 topActivityLetterboxHeight=-1 topActivityAppBounds=Rect(0, 0 - 1440, 3088) isUserFullscreenOverrideEnabled=false isSystemFullscreenOverrideEnabled=false hasMinAspectRatioOverride=false topActivityLetterboxBounds=null cameraCompatTaskInfo=CameraCompatTaskInfo { freeformCameraCompatMode=inactive} topActivityBounds=null topActivityInDisplayCompat=false singleTapFromLetterbox=false} topActivityMainWindowFrame=null originallySupportedMultiWindow=true hasWallpaper=false rootAffinity=10373:com.armada.expiryapp isTopTaskInStage=false CoverLauncherWidgetTask=false LaunchedFromAppsCoverLauncherTask=false LaunchedFromMultistarCoverLauncherTask=false isAllowedSeamlessRotation=false isTopTransparentActivity=false isAliasManaged=false hasConfigChanged=false snappingGuideBounds=null isAiKeyRemoveAppTask=false lastDesktopWindowingBounds=null lastExternalDesktopWindowingBounds=null safeCutoutInsets=null}, pipChange = null, remoteTransition = null, displayChange = null, flags = 0, debugId = 4815 }
06-20 18:19:12.923  2149  2149 I SurfaceFlinger: [LayerHierarchy{RequestedLayerState{ActivityRecord{255691709 u0 com.armada.expiryapp/.MainActivity t3107}#55524} 2 children}] reparent to OffscreenRoot
06-20 18:19:12.923  2149  2149 I SurfaceFlinger: [LayerHierarchy{RequestedLayerState{ActivityRecord{255691709 u0 com.armada.expiryapp/.MainActivity t3107}#55524} 2 children}] RelativeParent to null
06-20 18:19:12.923  2149  2149 I SurfaceFlinger: [LayerHierarchy{RequestedLayerState{94dde2d Splash Screen com.armada.expiryapp#55525 parentId=55534 z=2147483647} 1 children}] reparent to LayerHierarchy{RequestedLayerState{ActivityRecord{66098084 u0 com.google.android.permissioncontroller/com.android.permissioncontroller.permission.ui.GrantPermissionsActivity t3107}#55534 parentId=55538 z=5} 1 children}
06-20 18:19:12.927  4725 19862 I HoneySpace.SuggestAppDecor: getInstaller: com.armada.expiryapp [com.google.android.packageinstaller]
06-20 18:19:12.928  7257 13267 D LauncherApps: onPackageAdded 0,com.armada.expiryapp
06-20 18:19:12.928  7257 13267 D LauncherApps: onPackageChanged 0,com.armada.expiryapp
06-20 18:19:12.934  3167  3286 D SurfaceComposerClient: setCornerRadius ## 94dde2d Splash Screen com.armada.expiryapp#55525 cornerRadius=0.000000
06-20 18:19:12.941  3167  3286 D SurfaceComposerClient: setCornerRadius ## 94dde2d Splash Screen com.armada.expiryapp#55525 cornerRadius=0.000000
06-20 18:19:12.941  2149  2149 D SurfaceFlinger:        DEVICE |           18360985233386 | 00002100 | RGBA_8888    |    0.0    0.0 1440.0 3088.0 |    0    0 1440 3088 | Splash Screen com.armada.expiryapp$_4275#55526 (1)
06-20 18:19:12.961  3167  4792 D SurfaceComposerClient: setCornerRadius ## 94dde2d Splash Screen com.armada.expiryapp#55525 cornerRadius=0.000000
06-20 18:19:12.962  3167  4792 D SurfaceComposerClient: setCornerRadius ## 94dde2d Splash Screen com.armada.expiryapp#55525 cornerRadius=0.000000
06-20 18:19:12.964  3167  4792 D WindowManager: updateSystemBarAttributes: displayId=0, focusedCanBeNavColorWin=false, win=Window{aba4cd8 u0 com.google.android.permissioncontroller/com.android.permissioncontroller.permission.ui.GrantPermissionsActivity}, navColorWin=Window{94dde2d u0 Splash Screen com.armada.expiryapp}, caller=com.android.server.wm.WindowManagerService.updateFocusedWindowLocked:372 com.android.server.wm.WindowManagerService.relayoutWindow:1366 com.android.server.wm.Session.relayout:27 
06-20 18:19:12.974  3167  3286 I WindowManager: notifyInsetsControlChanged, removed=false, win=Window{94dde2d u0 Splash Screen com.armada.expiryapp}, caller=com.android.server.wm.InsetsStateController$$ExternalSyntheticLambda1.run:137 com.android.server.wm.WindowAnimator$$ExternalSyntheticLambda2.onTransactionCommitted:26 android.view.SurfaceControl$Transaction$$ExternalSyntheticLambda4.run:0 android.os.Handler.handleCallback:995 android.os.Handler.dispatchMessage:103 android.os.Looper.loopOnce:273 
06-20 18:19:12.978  3167  3286 D SurfaceComposerClient: setCornerRadius ## 94dde2d Splash Screen com.armada.expiryapp#55525 cornerRadius=0.000000
06-20 18:19:12.978  3167  3286 D SurfaceComposerClient: setCornerRadius ## 94dde2d Splash Screen com.armada.expiryapp#55525 cornerRadius=0.000000
06-20 18:19:12.979  3167  3286 V WindowManager: Schedule remove starting ActivityRecord{66098084 u0 com.google.android.permissioncontroller/com.android.permissioncontroller.permission.ui.GrantPermissionsActivity t3107} startingWindow=Window{94dde2d u0 Splash Screen com.armada.expiryapp} animate=true Callers=com.android.server.wm.ActivityRecord.removeStartingWindow:178 com.android.server.wm.WindowState.performShowLocked:155 com.android.server.wm.WindowStateAnimator.commitFinishDrawingLocked:73 com.android.server.wm.DisplayContent$$ExternalSyntheticLambda1.accept$com$android$server$wm$DisplayContent$$ExternalSyntheticLambda37:23 com.android.server.wm.DisplayContent$$ExternalSyntheticLambda1.accept:143 
06-20 18:19:12.985  3167  3286 D SurfaceComposerClient: setCornerRadius ## 94dde2d Splash Screen com.armada.expiryapp#55525 cornerRadius=0.000000
06-20 18:19:12.986  3167  3286 D SurfaceComposerClient: setCornerRadius ## 94dde2d Splash Screen com.armada.expiryapp#55525 cornerRadius=0.000000
06-20 18:19:12.992  2149  2149 D SurfaceFlinger:        DEVICE |           18360985233389 | 00002100 | RGBA_8888    |    0.0    0.0 1440.0 3088.0 |    0    0 1440 3088 | Splash Screen com.armada.expiryapp$_4275#55526 (2)
06-20 18:19:12.994  3167  3286 D SurfaceComposerClient: setCornerRadius ## 94dde2d Splash Screen com.armada.expiryapp#55525 cornerRadius=0.000000
06-20 18:19:13.003  3167  3286 D SurfaceComposerClient: setCornerRadius ## 94dde2d Splash Screen com.armada.expiryapp#55525 cornerRadius=0.000000
06-20 18:19:13.018  3167  7708 D SurfaceComposerClient: setCornerRadius ## 94dde2d Splash Screen com.armada.expiryapp#55525 cornerRadius=0.000000
06-20 18:19:13.019  3167  7708 D SurfaceComposerClient: setCornerRadius ## 94dde2d Splash Screen com.armada.expiryapp#55525 cornerRadius=0.000000
06-20 18:19:13.035  3167  5864 I WindowManager: Relayout Window{94dde2d u0 Splash Screen com.armada.expiryapp}: viewVisibility=8 req=1440x3088 ty=3 d0
06-20 18:19:13.036  3167  5864 D SurfaceComposerClient: setCornerRadius ## 94dde2d Splash Screen com.armada.expiryapp#55525 cornerRadius=0.000000
06-20 18:19:13.038  3167  5508 D WindowManager: Starting window removed Window{94dde2d u0 Splash Screen com.armada.expiryapp}
06-20 18:19:13.038  3167  5508 V WindowManager: Remove Window{94dde2d u0 Splash Screen com.armada.expiryapp}: mSurfaceControl=Surface(name=Splash Screen com.armada.expiryapp$_4275)/@0x67639d4 mAnimatingExit=false mRemoveOnExit=false mHasSurface=true surfaceShowing=true animating=false app-animation=false callers=com.android.server.wm.Session.remove:16 android.view.IWindowSession$Stub.onTransact:804 com.android.server.wm.Session.onTransact:1 android.os.Binder.execTransactInternal:1462 android.os.Binder.execTransact:1401 <bottom of call stack> 
06-20 18:19:13.039  3167  5864 D CoreBackPreview: Window{94dde2d u0 Splash Screen com.armada.expiryapp EXITING}: Setting back callback null
06-20 18:19:13.041  2149  2149 D SurfaceFlinger:  1440.0 3088.0 |    0    0 1440 3088 | Splash Screen com.armada.expiryapp$_4275#55526 (7)
06-20 18:19:13.048  2149  2149 I SurfaceFlinger: RequestedLayer [Splash Screen com.armada.expiryapp$_4275#55526] hidden!! flag  from(0) --> to(1)
06-20 18:19:13.240  3167  3285 W ActivityTaskManager: Activity top resumed state loss timeout for ActivityRecord{255691709 u0 com.armada.expiryapp/.MainActivity t-1 f}}
06-20 18:19:13.375  3167  5508 V WindowManager:    ChangeInfo{1f2d900 container=Window{94dde2d u0 Splash Screen com.armada.expiryapp EXITING} flags=0x0}
06-20 18:19:13.375  3167  5508 V WindowManager:    ChangeInfo{50b33c container=Task{ef645b2 #3107 type=standard A=10373:com.armada.expiryapp} flags=0x0}
06-20 18:19:13.375  3167  5508 V WindowManager:    ChangeInfo{41394df container=ActivityRecord{255691709 u0 com.armada.expiryapp/.MainActivity t-1 f}} flags=0x0}
06-20 18:19:13.375  2149  2490 I SurfaceFlinger: id=55524 Removed ActivityRecord{255691709 u0 com.armada.expiryapp/.MainActivity t3107}#55524 (267)
06-20 18:19:13.376  3167  5508 D PersonaActivityHelper: token.toString()  Token{1c41903 ActivityRecord{255691709 u0 com.armada.expiryapp/.MainActivity t-1 f}}}
06-20 18:19:13.378  3167  5508 D ChangeTransitionController:    ChangeInfo{1f2d900 container=Window{94dde2d u0 Splash Screen com.armada.expiryapp EXITING} flags=0x0}
06-20 18:19:13.378  3167  5508 D ChangeTransitionController:    ChangeInfo{50b33c container=Task{ef645b2 #3107 type=standard A=10373:com.armada.expiryapp} flags=0x0}
06-20 18:19:13.378  3167  5508 D ChangeTransitionController:    ChangeInfo{41394df container=ActivityRecord{255691709 u0 com.armada.expiryapp/.MainActivity t-1 f}} flags=0x0}
06-20 18:19:13.381  2149  2149 I SurfaceFlinger: destroyed 96e0d67 ActivityRecordInputSink com.armada.expiryapp/.MainActivity#55532 form LifecycleManager
06-20 18:19:13.381  2149  2149 I SurfaceFlinger: destroyed ActivityRecord{255691709 u0 com.armada.expiryapp/.MainActivity t3107}#55524 form LifecycleManager
06-20 18:19:13.381  2149  2149 I SurfaceFlinger: id=55532 onLayerDestroyed from LayerHierarchyBuilder(RequestedLayerState{96e0d67 ActivityRecordInputSink com.armada.expiryapp/.MainActivity#55532 !handle z=-2147483648})
06-20 18:19:13.381  2149  2149 I SurfaceFlinger: id=55524 onLayerDestroyed from LayerHierarchyBuilder(RequestedLayerState{ActivityRecord{255691709 u0 com.armada.expiryapp/.MainActivity t3107}#55524 !handle})
06-20 18:19:13.382  2149  2149 I Layer   : id=55532 Destroyed 96e0d67 ActivityRecordInputSink com.armada.expiryapp/.MainActivity#55532
06-20 18:19:13.382  2149  2149 I Layer   : id=55524 Destroyed ActivityRecord{255691709 u0 com.armada.expiryapp/.MainActivity t3107}#55524
06-20 18:19:13.390  2149  2149 I SurfaceFlinger: [LayerHierarchy{RequestedLayerState{94dde2d Splash Screen com.armada.expiryapp#55525 z=2147483647} 1 children}] reparent to OffscreenRoot
06-20 18:19:13.390  2149  2149 I SurfaceFlinger: [LayerHierarchy{RequestedLayerState{94dde2d Splash Screen com.armada.expiryapp#55525 z=2147483647} 1 children}] RelativeParent to null
06-20 18:19:13.390  2149  2149 I SurfaceFlinger: [LayerHierarchy{RequestedLayerState{Splash Screen com.armada.expiryapp$_4275#55526} no children}] reparent to OffscreenRoot
06-20 18:19:13.390  2149  2149 I SurfaceFlinger: [LayerHierarchy{RequestedLayerState{Splash Screen com.armada.expiryapp$_4275#55526} no children}] RelativeParent to null
06-20 18:19:13.390  2149  2149 I SurfaceFlinger: id=55525 Removed 94dde2d Splash Screen com.armada.expiryapp#55525 (264)
06-20 18:19:13.390  2149  2149 I SurfaceFlinger: id=55526 Removed Splash Screen com.armada.expiryapp$_4275#55526 (264)
06-20 18:19:13.398  2149  2149 I SurfaceFlinger: destroyed 94dde2d Splash Screen com.armada.expiryapp#55525 form LifecycleManager
06-20 18:19:13.398  2149  2149 I SurfaceFlinger: destroyed Splash Screen com.armada.expiryapp$_4275#55526 form LifecycleManager
06-20 18:19:13.398  2149  2149 I SurfaceFlinger: id=55525 onLayerDestroyed from LayerHierarchyBuilder(RequestedLayerState{94dde2d Splash Screen com.armada.expiryapp#55525 !handle z=2147483647})
06-20 18:19:13.398  2149  2149 I SurfaceFlinger: id=55526 onLayerDestroyed from LayerHierarchyBuilder(RequestedLayerState{Splash Screen com.armada.expiryapp$_4275#55526 !handle})
06-20 18:19:13.398  2149  2149 I Layer   : id=55525 Destroyed 94dde2d Splash Screen com.armada.expiryapp#55525
06-20 18:19:13.399  2149  2149 I Layer   : id=55526 Destroyed Splash Screen com.armada.expiryapp$_4275#55526
06-20 18:19:13.405  4725 19861 I SearchableManager: invalidate: com.armada.expiryapp
06-20 18:19:13.631  4258  4258 D CarrierSvcBindHelper: onPackageModified: com.armada.expiryapp
06-20 18:19:13.631  4258  4812 I SatelliteAppTracker: onPackageModified : com.armada.expiryapp
06-20 18:19:13.633  4258  4812 E SatelliteAppTracker: packageName: com.armada.expiryapp, value: null
06-20 18:19:13.633  4258  4775 D ImsResolver: maybeAddedImsService, packageName: com.armada.expiryapp
06-20 18:19:13.633  4258  4775 V ImsResolver: searchForImsServices: package=com.armada.expiryapp, users=[UserHandle{0}]
06-20 18:19:13.633  4258  4775 V ImsResolver: searchForImsServices: package=com.armada.expiryapp, users=[UserHandle{0}]
06-20 18:19:13.633  4258  4812 E SatelliteAppTracker: packageName: com.armada.expiryapp, value: null
06-20 18:19:13.635  7261  7261 I [AirCmd]_ShortcutListController: onReceive : android.intent.action.PACKAGE_CHANGED pkg = com.armada.expiryapp
06-20 18:19:13.636  4275  4430 D PluginActionManager: queryPkg com.armada.expiryapp com.android.systemui.action.PLUGIN_SENSOR_MANAGER
06-20 18:19:13.637  4275  4430 D PluginActionManager: queryPkg com.armada.expiryapp com.android.systemui.action.PLUGIN_NOTIFICATION_MENU_ROW
06-20 18:19:13.637  4275  4430 D PluginActionManager: queryPkg com.armada.expiryapp com.samsung.systemui.action.PLUGIN_FACE_WIDGET
06-20 18:19:13.637  4275  4430 D PluginActionManager: queryPkg com.armada.expiryapp com.android.systemui.action.PLUGIN_GLOBAL_ACTIONS
06-20 18:19:13.638  4258  4258 D SatelliteController: packageStateChanged: package:com.armada.expiryapp DefaultSmsPackageName:com.google.android.apps.messaging
06-20 18:19:13.638  4275  4430 D PluginActionManager: queryPkg com.armada.expiryapp com.android.systemui.action.PLUGIN_NOTIFICATION_MENU_ROW
06-20 18:19:13.638  4275  4430 D PluginActionManager: queryPkg com.armada.expiryapp com.android.systemui.action.PEOPLE_HUB_PERSON_EXTRACTOR
06-20 18:19:13.638  4275  4430 D PluginActionManager: queryPkg com.armada.expiryapp com.android.systemui.action.PLUGIN_OVERLAY
06-20 18:19:13.639  4275  4430 D PluginActionManager: queryPkg com.armada.expiryapp com.android.systemui.action.PLUGIN_VOLUME
06-20 18:19:13.639  4275  4430 D PluginActionManager: queryPkg com.armada.expiryapp com.android.systemui.action.PLUGIN_NOTIFICATION_MENU_ROW
06-20 18:19:13.639  4275  4430 D PluginActionManager: queryPkg com.armada.expiryapp com.android.systemui.action.PLUGIN_NOTIFICATION_ASSISTANT
06-20 18:19:13.639  4275  4430 D PluginActionManager: queryPkg com.armada.expiryapp com.android.systemui.action.PLUGIN_NOTIFICATION_MENU_ROW
06-20 18:19:13.640  4275  4430 D PluginActionManager: queryPkg com.armada.expiryapp com.android.systemui.action.PLUGIN_TOAST
06-20 18:19:13.640  4275  4430 D PluginActionManager: queryPkg com.armada.expiryapp com.android.systemui.action.PLUGIN_NOTIFICATION_MENU_ROW
06-20 18:19:13.640  4275  4430 D PluginActionManager: queryPkg com.armada.expiryapp com.android.systemui.action.PLUGIN_NOTIFICATION_MENU_ROW
06-20 18:19:13.640  4275  4430 D PluginActionManager: queryPkg com.armada.expiryapp com.android.systemui.action.PLUGIN_CLOCK_PROVIDER
06-20 18:19:13.640  4275  4430 D PluginActionManager: queryPkg com.armada.expiryapp com.android.systemui.action.PLUGIN_QS
06-20 18:19:13.641  4275  4430 D PluginActionManager: queryPkg com.armada.expiryapp com.android.systemui.action.PLUGIN_NOTIFICATION_MENU_ROW
06-20 18:19:13.641  3167  4096 I AppWidgetServiceImpl: Received broadcast: android.intent.action.PACKAGE_CHANGED, Updates all providers with com.armada.expiryapp, userId: 0
06-20 18:19:13.641  3167  4111 D ShortcutService: changing package: com.armada.expiryapp userId=0
06-20 18:19:13.642  3167  4111 D ShortcutService: changing package: com.armada.expiryapp userId=0
06-20 18:19:13.642  3167  4096 I AppWidgetServiceImpl: Received broadcast: android.intent.action.PACKAGE_CHANGED, Updates all providers with com.armada.expiryapp, userId: 0
06-20 18:19:13.643  4275  4275 D SecSTQuickControlRequestReceiver: onReceiveForPackage action = android.intent.action.PACKAGE_CHANGED, pkgName = com.armada.expiryapp
06-20 18:19:13.643  4275  4275 I GoodLockLifecycle: onPackageChanged: com.armada.expiryapp
06-20 18:19:13.643  4275  4275 I SharedAppWidgetFacade:  onPackageChanged com.armada.expiryapp
06-20 18:19:13.652  3167  3689 D OverlayManager: reconcileSettingsForPackage pkgName=com.armada.expiryapp userId=0
06-20 18:19:13.652  3167  3689 I OverlayManager: updateOverlaysForTarget() called with: targetPackage = [com.armada.expiryapp], userId = [0], flags = [8]
06-20 18:19:13.653  3167  3167 D DualDARComnService: reConnectAgentsByPkgName:: package: com.armada.expiryapp
06-20 18:19:13.660  3167  3167 D DualDARComnService: reConnectAgentsByPkgName:: package: com.armada.expiryapp
06-20 18:19:13.665  3167  3167 D ApplicationPolicy: No updatable permission to DENY found for com.armada.expiryapp(0)
06-20 18:19:13.666  3167  3167 D ApplicationPolicy: No updatable permission to GRANT found for com.armada.expiryapp(0)
06-20 18:19:13.668  3167  3167 D ApplicationPolicy: No updatable permission to DENY found for com.armada.expiryapp(0)
06-20 18:19:13.669  3167  3167 D ApplicationPolicy: No updatable permission to GRANT found for com.armada.expiryapp(0)
06-20 18:19:13.874  4725  4725 I HoneySpace.PackageOperationTracker: onPackageChanged - com.armada.expiryapp UserHandle{0}
06-20 18:19:13.875  4275  5790 D LauncherApps: onPackageChanged 0,com.armada.expiryapp
06-20 18:19:13.875  4725  4725 I HoneySpace.PackageChangedCallbackImpl: onPackageChanged: com.armada.expiryapp / UserHandle{0}
06-20 18:19:13.875  7257 13267 D LauncherApps: onPackageChanged 0,com.armada.expiryapp
06-20 18:19:13.875  3167  3292 D LauncherApps: onPackageChanged 0,com.armada.expiryapp
06-20 18:19:13.876  3167  5508 I AppWidgetServiceImpl: getInstalledProvidersForProfiles lock in com.armada.expiryapp
06-20 18:19:13.876  4725 19862 I HoneySpace.IconCache: remove icon cache & DB : com.armada.expiryapp UserHandle{0}
06-20 18:19:13.876  4725 19862 I HoneySpace.IconCache: removeSpecificIconDb: com.armada.expiryapp UserHandle{0}
06-20 18:19:13.883  4725 19862 I AppIconSolution: getThemeIconWithBG called with public API, pkg = com.armada.expiryapp, mode = 48
06-20 18:19:13.883  4725 19862 I AppIconSolution: return adaptive icon for com.armada.expiryapp, isNight = false
06-20 18:19:13.883  4725 19862 I LauncherActivityInfo: packageName: com.armada.expiryapp, useThemeIcon: false, height: 288, width: 288, density: 640
06-20 18:19:13.885  4725  4725 I HoneySpace.HoneySpaceManagerContainer: refreshHoneyPlugin, packageName: com.armada.expiryapp
06-20 18:19:13.886  4725 16315 I HoneySpace.HoneySpacePackageSourceImpl: Package changed : com.armada.expiryapp
06-20 18:19:13.886  4725 16315 I SearchableManager: invalidate: com.armada.expiryapp
06-20 18:19:13.886  4725  4725 I HoneySpace.AppsEdgePanel.ViewModel: packageChanged : com.armada.expiryapp
06-20 18:19:13.886  4725 16313 I HoneySpace.IconCache: add icon DB: [com.armada.expiryapp/.MainActivity#UserHandle{0}] - IconAndLabel(icon=android.graphics.Bitmap@fc31800, label=Armada Expiry) | false | 640 | false |false | -16490285
06-20 18:19:14.127  5653  5653 I AccountReloadObserver: [C] received action: android.intent.action.PACKAGE_CHANGED, dat: package:com.armada.expiryapp
06-20 18:19:14.127 22053 22053 I SCS@AiSearch user 0: (PackageBroadcastReceiver) packageName: com.armada.expiryapp
06-20 18:19:14.127 22053 22053 I SCS@AiSearch user 0: (PackageBroadcastReceiver) Packages changed: com.armada.expiryapp
06-20 18:19:14.129  6974  6974 I AccountReloadObserver: [D] received action: android.intent.action.PACKAGE_CHANGED, dat: package:com.armada.expiryapp
06-20 18:19:14.189 19653 19653 I GrantPermissionsViewModel: Logged buttons presented and clicked permissionGroupName=android.permission-group.NOTIFICATIONS uid=10373 package=com.armada.expiryapp presentedButtons=9 clickedButton=1 isPermissionRationaleShown=false sessionId=5697482694952063538 targetSdk=35 prompt=BASIC initialLocationPrecision=0 selectedLocationPrecision=0 locationAccuracyButtonClicked= false
06-20 18:19:14.194 19653 19653 I GrantPermissionsViewModel: Permission grant result requestId=5697482694952063538 callingUid=10373 callingPackage=com.armada.expiryapp permission=android.permission.POST_NOTIFICATIONS isImplicit=false result=4 isPermissionRationaleShown=falseisPackageRestrictedByEnhancedConfirmation=true
06-20 18:19:14.196  3167  7613 V WindowManager: Collecting in transition 4816: Task{ef645b2 #3107 type=standard A=10373:com.armada.expiryapp}, caller=com.android.server.wm.Transition.collectExistenceChange:40 com.android.server.wm.Transition.collectClose:7 com.android.server.wm.ActivityRecord.finishIfPossible:50 com.android.server.wm.ActivityClientController.finishActivity:268 android.app.IActivityClientController$Stub.onTransact:840 
06-20 18:19:14.196  4275  4331 V WindowManagerShell: Transition requested (#4816): android.os.BinderProxy@ae153df TransitionRequestInfo { type = CLOSE, triggerTask = TaskInfo{userId=0 taskId=3107 effectiveUid=10373 displayId=0 isRunning=false baseIntent=Intent { act=android.intent.action.MAIN cat=[android.intent.category.LAUNCHER] flg=0x34000000 pkg=com.armada.expiryapp cmp=com.armada.expiryapp/.MainActivity } baseActivity=null topActivity=null origActivity=null realActivity=ComponentInfo{com.armada.expiryapp/com.armada.expiryapp.MainActivity} numActivities=0 lastActiveTime=297270645 supportsMultiWindow=true resizeMode=1 isResizeable=true minWidth=-1 minHeight=-1 maxWidth=-1 maxHeight=-1 defaultMinSize=220 desktopDefaultMinSize=304 token=WCT{android.window.IWindowContainerToken$Stub$Proxy@6f8d82c} topActivityType=1 pictureInPictureParams=null shouldDockBigOverlays=false launchIntoPipHostTaskId=-1 lastParentTaskIdBeforePip=-1 displayCutoutSafeInsets=Rect(0, 100 - 0, 168) topActivityInfo=null launchCookies=[] positionInParent=Point(0, 0) parentTaskId=-1 isFocused=true isVisible=true isVisibleRequested=true isTopActivityNoDisplay=false isSleeping=false locusId=null displayAreaFeatureId=1 isTopActivityTransparent=false isActivityStackTransparent=true lastNonFullscreenBounds=Rect(108, 738 - 1332, 2282) capturedLink=null capturedLinkTimestamp=0 requestedVisibleTypes=-9 topActivityRequestOpenInBrowserEducationTimestamp=0 appCompatTaskInfo=AppCompatTaskInfo { topActivityInSizeCompat=false eligibleForLetterboxEducation= false isLetterboxEducationEnabled= false isLetterboxDoubleTapEnabled= false eligibleForUserAspectRatioButton= false topActivityBoundsLetterboxed= false isFromLetterboxDoubleTap= false topActivityLetterboxVerticalPosition= -1 topActivityLetterboxHorizontalPosition= -1 topActivityLetterboxWidth=-1 topActivityLetterboxHeight=-1 topActivityAppBounds=Rect(0, 0 - 0, 0) isUserFullscreenOverrideEnabled=false isSystemFullscreenOverrideEnabled=false hasMinAspectRatioOverride=false topActivityLetterboxBounds=null cameraCompatTaskInfo=CameraCompatTaskInfo { freeformCameraCompatMode=undefined} topActivityBounds=null topActivityInDisplayCompat=false singleTapFromLetterbox=false} topActivityMainWindowFrame=null originallySupportedMultiWindow=true hasWallpaper=false rootAffinity=10373:com.armada.expiryapp isTopTaskInStage=false CoverLauncherWidgetTask=false LaunchedFromAppsCoverLauncherTask=false LaunchedFromMultistarCoverLauncherTask=false isAllowedSeamlessRotation=false isTopTransparentActivity=true isAliasManaged=false hasConfigChanged=false snappingGuideBounds=null isAiKeyRemoveAppTask=false lastDesktopWindowingBounds=null lastExternalDesktopWindowingBounds=null isTranslucentTask=true safeCutoutInsets=null}, pipChange = null, remoteTransition = null, displayChange = null, flags = 0, debugId = 4816 }
06-20 18:19:14.209  3167  7716 D ChangeTransitionController:    ChangeInfo{b573122 container=Task{ef645b2 #3107 type=standard A=10373:com.armada.expiryapp} flags=0x0}
06-20 18:19:14.209  3167  7716 V WindowManager: Start calculating TransitionInfo based on participants: {ActivityRecord{66098084 u0 com.google.android.permissioncontroller/com.android.permissioncontroller.permission.ui.GrantPermissionsActivity t3107 f}}, Task{ef50034 #3092 type=standard A=10338:com.whatsapp.w4b}, Task{ef645b2 #3107 type=standard A=10373:com.armada.expiryapp}}
06-20 18:19:14.209  3167  7716 V WindowManager:   Final targets: [ChangeInfo{76477b3 container=Task{ef50034 #3092 type=standard A=10338:com.whatsapp.w4b} flags=0x20}, ChangeInfo{b573122 container=Task{ef645b2 #3107 type=standard A=10373:com.armada.expiryapp} flags=0x10}]
06-20 18:19:14.210  3167  7716 V WindowManager:         {WCT{RemoteToken{448950f Task{ef645b2 #3107 type=standard A=10373:com.armada.expiryapp}}} m=CLOSE f=TRANSLUCENT|EDGE_EXTENSION_RESTRICTION leash=Surface(name=Task=3107)/@0x2cdade9 sb=Rect(0, 0 - 1440, 3088) eb=Rect(0, 0 - 1440, 3088) epz=Point(1440, 3088) d=0 taskParent=-1 inset=Rect(0, 100 - 0, 168)}
06-20 18:19:14.218  3167  3280 V WindowManager: Sent Transition (#4816) createdAt=06-20 18:19:14.195 via request=TransitionRequestInfo { type = CLOSE, triggerTask = TaskInfo{userId=0 taskId=3107 effectiveUid=10373 displayId=0 isRunning=false baseIntent=Intent { act=android.intent.action.MAIN cat=[android.intent.category.LAUNCHER] flg=0x34000000 pkg=com.armada.expiryapp cmp=com.armada.expiryapp/.MainActivity } baseActivity=null topActivity=null origActivity=null realActivity=ComponentInfo{com.armada.expiryapp/com.armada.expiryapp.MainActivity} numActivities=0 lastActiveTime=297270645 supportsMultiWindow=true resizeMode=1 isResizeable=true minWidth=-1 minHeight=-1 maxWidth=-1 maxHeight=-1 defaultMinSize=220 desktopDefaultMinSize=304 token=WCT{RemoteToken{448950f Task{ef645b2 #3107 type=standard A=10373:com.armada.expiryapp}}} topActivityType=1 pictureInPictureParams=null shouldDockBigOverlays=false launchIntoPipHostTaskId=-1 lastParentTaskIdBeforePip=-1 displayCutoutSafeInsets=Rect(0, 100 - 0, 168) topActivityInfo=null launchCookies=[] positionInParent=Point(0, 0) parentTaskId=-1 isFocused=true isVisible=true isVisibleRequested=true isTopActivityNoDisplay=false isSleeping=false locusId=null displayAreaFeatureId=1 isTopActivityTransparent=false isActivityStackTransparent=true lastNonFullscreenBounds=Rect(108, 738 - 1332, 2282) capturedLink=null capturedLinkTimestamp=0 requestedVisibleTypes=-9 topActivityRequestOpenInBrowserEducationTimestamp=0 appCompatTaskInfo=AppCompatTaskInfo { topActivityInSizeCompat=false eligibleForLetterboxEducation= false isLetterboxEducationEnabled= false isLetterboxDoubleTapEnabled= false eligibleForUserAspectRatioButton= false topActivityBoundsLetterboxed= false isFromLetterboxDoubleTap= false topActivityLetterboxVerticalPosition= -1 topActivityLetterboxHorizontalPosition= -1 topActivityLetterboxWidth=-1 topActivityLetterboxHeight=-1 topActivityAppBounds=Rect(0, 0 - 0, 0) isUserFullscreenOverrideEnabled=false isSystemFullscreenOverrideEnabled=false hasMinAspectRatioOverride=false topActivityLetterboxBounds=null cameraCompatTaskInfo=CameraCompatTaskInfo { freeformCameraCompatMode=undefined} topActivityBounds=null topActivityInDisplayCompat=false singleTapFromLetterbox=false} topActivityMainWindowFrame=null originallySupportedMultiWindow=true hasWallpaper=false rootAffinity=10373:com.armada.expiryapp isTopTaskInStage=false CoverLauncherWidgetTask=false LaunchedFromAppsCoverLauncherTask=false LaunchedFromMultistarCoverLauncherTask=false isAllowedSeamlessRotation=false isTopTransparentActivity=true isAliasManaged=false hasConfigChanged=false snappingGuideBounds=null isAiKeyRemoveAppTask=false lastDesktopWindowingBounds=null lastExternalDesktopWindowingBounds=null isTranslucentTask=true safeCutoutInsets=null}, pipChange = null, remoteTransition = null, displayChange = null, flags = 0, debugId = 4816 }
06-20 18:19:14.218  3167  3280 V WindowManager:         {WCT{RemoteToken{448950f Task{ef645b2 #3107 type=standard A=10373:com.armada.expiryapp}}} m=CLOSE f=TRANSLUCENT|EDGE_EXTENSION_RESTRICTION leash=Surface(name=Task=3107)/@0x2cdade9 sb=Rect(0, 0 - 1440, 3088) eb=Rect(0, 0 - 1440, 3088) epz=Point(1440, 3088) d=0 taskParent=-1 inset=Rect(0, 100 - 0, 168)}
06-20 18:19:14.252  3167  7613 V WindowManager:    ChangeInfo{b573122 container=Task{ef645b2 #3107 type=standard A=10373:com.armada.expiryapp} flags=0x10}
06-20 18:19:14.253  3167  7613 D ChangeTransitionController:    ChangeInfo{b573122 container=Task{ef645b2 #3107 type=standard A=10373:com.armada.expiryapp} flags=0x10}
06-20 18:19:14.287  4725 16315 I SearchEngineAppSuggestion: package changed: com.armada.expiryapp
06-20 18:19:14.301  4725 16315 I HoneySpace.SuggestAppDecor: getInstaller: com.armada.expiryapp [com.google.android.packageinstaller]
06-20 18:19:14.689 19655 19655 I Routine@Core[4.9.04.13]: MetadataLoaderJobService: metadataLoadingCompleted: collectPackageInBG - com.armada.expiryapp
06-20 18:19:14.751 22053 22210 I AppClassifier: Category not present in BloomFilter, Checking in Manifest:- com.armada.expiryapp
06-20 18:19:14.752 22053 22210 I AppClassifier: Category not found in BF and Manifest for pkg :- com.armada.expiryapp
06-20 18:19:14.766 22053 22210 I SCS@AiSearch user 0: (IndexManager) [UPDATE] index=com.samsung.android.apps, size=1, documents=[com.armada.expiryapp@0@com.armada.expiryapp.MainActivity]
06-20 18:19:22.694  3167  7607 I Pageboost: start alp : com.armada.expiryapp
06-20 18:19:22.694  3167  4259 I Pageboost: alp for : com.armada.expiryapp , 0
06-20 18:19:22.694  4725  4725 I HoneySpace.IconView: start dim animation : Armada Expiry
06-20 18:19:22.696  5239 21031 E pageboostd: alp start : app comarmadaexpiryapp
06-20 18:19:22.700  5239 21031 E pageboostd: comarmadaexpiryapp, amt 0 scnt 0 fcnt 0
06-20 18:19:22.700  5239 21031 E pageboostd: comarmadaexpiryapp, amt 0 scnt 0 fcnt 0
06-20 18:19:22.700  5239 21031 E pageboostd: alp end : app comarmadaexpiryapp data_amount 0
06-20 18:19:22.709  4275  4377 D ShellStartingWindow: preload Icon com.armada.expiryapp
06-20 18:19:22.713  3167  3294 I ActivityManager: Start proc 21034:com.armada.expiryapp/u0a373 for activelaunch {com.armada.expiryapp/com.armada.expiryapp.MainActivity}
06-20 18:19:22.743  4725  4725 I HoneySpace.IconView: end dim animation : Armada Expiry
06-20 18:19:22.748  3167  4718 I Pageboost: onAppLaunch : com.armada.expiryapp
06-20 18:19:22.749  3167  4259 I Pageboost: Record App IO : com.armada.expiryapp pid 21034
06-20 18:19:22.751  3167  4718 V WindowManager: Collecting in transition 4819: ActivityRecord{118309616 u0 com.armada.expiryapp/.MainActivity, caller=com.android.server.wm.TransitionController.collect:7 com.android.server.wm.ActivityStarter.startActivityUnchecked:98 com.android.server.wm.ActivityStarter.executeRequest:3559 com.android.server.wm.ActivityStarter.execute:1752 com.android.server.wm.ActivityTaskManagerService.startActivityAsUser:95 
06-20 18:19:22.751  3167  4718 D ActivityTaskManager: DesktopModeLaunchParamsModifier: task=null activity=ActivityRecord{118309616 u0 com.armada.expiryapp/.MainActivity t-1} task null, skipping
06-20 18:19:22.751  3167  4718 D ActivityTaskManager: TaskLaunchParamsModifier:task=null activity=ActivityRecord{118309616 u0 com.armada.expiryapp/.MainActivity t-1} display-from-option=0 display-id=0 task-display-area-windowing-mode=1 suggested-display-area=DefaultTaskDisplayArea_d0@55990497
06-20 18:19:22.751  3167  4718 D ActivityTaskManager: DesktopModeLaunchParamsModifier: task=null activity=ActivityRecord{118309616 u0 com.armada.expiryapp/.MainActivity t-1} task null, skipping
06-20 18:19:22.751  3167  4718 D ActivityTaskManager: TaskLaunchParamsModifier:task=null activity=ActivityRecord{118309616 u0 com.armada.expiryapp/.MainActivity t-1} display-from-option=0 display-id=0 task-display-area-windowing-mode=1 suggested-display-area=DefaultTaskDisplayArea_d0@55990497 inherit-from-source=fullscreen non-freeform-task-display-area display-area=DefaultTaskDisplayArea_d0@55990497 default-portrait freeform-size-mismatch=Rect(108, 738 - 1332, 2282)
06-20 18:19:22.751  4725 20026 I AppIconSolution: getThemeIconWithBG called with public API, pkg = com.armada.expiryapp, mode = 48
06-20 18:19:22.751  4725 20026 I AppIconSolution: return adaptive icon for com.armada.expiryapp, isNight = false
06-20 18:19:22.751  4725 20026 I LauncherActivityInfo: packageName: com.armada.expiryapp, useThemeIcon: false, height: 288, width: 288, density: 640
06-20 18:19:22.754  3167  4718 D ActivityTaskManager: DesktopModeLaunchParamsModifier: task=Task{aad069 #3108 type=standard A=10373:com.armada.expiryapp} activity=ActivityRecord{118309616 u0 com.armada.expiryapp/.MainActivity t-1} non-desktop, skipping
06-20 18:19:22.754  3167  4718 D ActivityTaskManager: TaskLaunchParamsModifier:task=Task{aad069 #3108 type=standard A=10373:com.armada.expiryapp} activity=ActivityRecord{118309616 u0 com.armada.expiryapp/.MainActivity t-1} display-from-option=0 display-id=0 task-display-area-windowing-mode=1 suggested-display-area=DefaultTaskDisplayArea_d0@55990497 inherit-from-source=fullscreen non-freeform-task-display-area display-area=DefaultTaskDisplayArea_d0@55990497 default-portrait freeform-size-mismatch=Rect(108, 738 - 1332, 2282)
06-20 18:19:22.754  3167  4718 V WindowManager: Collecting in transition 4819: Task{aad069 #3108 type=standard A=10373:com.armada.expiryapp}, caller=com.android.server.wm.Transition.collectExistenceChange:40 com.android.server.wm.ActivityStarter.startActivityInner:293 com.android.server.wm.ActivityStarter.startActivityUnchecked:111 com.android.server.wm.ActivityStarter.executeRequest:3559 com.android.server.wm.ActivityStarter.execute:1752 
06-20 18:19:22.755  2149  2488 I SurfaceFlinger: id=55567 createSurf, flag=84004, ActivityRecord{118309616 u0 com.armada.expiryapp/.MainActivity t3108}#55567
06-20 18:19:22.756  3167  4718 V WindowManager: Add starting ActivityRecord{118309616 u0 com.armada.expiryapp/.MainActivity t3108}: startingData=SplashScreenStartingData{fbcbb8f removeAfterTransaction= 0}
06-20 18:19:22.756  3167  4718 V WindowManager: Added starting ActivityRecord{118309616 u0 com.armada.expiryapp/.MainActivity t3108}: startingWindow=null startingView=com.android.server.wm.StartingSurfaceController$StartingSurface@41b9e1c
06-20 18:19:22.757  3167  4718 V WindowManager: Collecting in transition 4819: ActivityRecord{118309616 u0 com.armada.expiryapp/.MainActivity t3108}, caller=com.android.server.wm.Transition.collectExistenceChange:40 com.android.server.wm.ActivityStarter.handleStartResult:761 com.android.server.wm.ActivityStarter.startActivityUnchecked:124 com.android.server.wm.ActivityStarter.executeRequest:3559 com.android.server.wm.ActivityStarter.execute:1752 
06-20 18:19:22.757  3167  4718 V WindowManager:    ChangeInfo{604c7fa container=Task{aad069 #3108 type=standard A=10373:com.armada.expiryapp} flags=0x0}
06-20 18:19:22.757  3167  4718 V WindowManager:    ChangeInfo{c528008 container=ActivityRecord{118309616 u0 com.armada.expiryapp/.MainActivity t3108} flags=0x0}
06-20 18:19:22.757  3167  4718 I ActivityTaskManager: START u0 {act=android.intent.action.MAIN cat=[android.intent.category.LAUNCHER] flg=0x10200000 xflg=0x4 cmp=com.armada.expiryapp/.MainActivity bnds=[852,674][1118,1027]} with LAUNCH_SINGLE_TOP from uid 10141 (sr=103561085) (BAL_ALLOW_VISIBLE_WINDOW) result code=0
06-20 18:19:22.760  4725  4830 I HoneySpace.SALoggingUtils: SA Logging screenID: 201 eventId: 1001 detail: {PackageName=com.armada.expiryapp, det=3} value: -1
06-20 18:19:22.760  4725 20026 I HoneySpace.SuggestedAppsRepositoryImpl: sendSuggestedAppsLaunchTarget: ComponentInfo{com.armada.expiryapp/com.armada.expiryapp.MainActivity}
06-20 18:19:22.763  2149  2149 I SurfaceFlinger: [ActivityRecord{118309616 u0 com.armada.expiryapp/.MainActivity t3108}#55567] attach to parent LayerHierarchy{RequestedLayerState{Task=3108#55566 parentId=10} 1 children}
06-20 18:19:22.763  3167  3685 V WindowManager: Collecting in transition 4819: ActivityRecord{118309616 u0 com.armada.expiryapp/.MainActivity t3108}, caller=com.android.server.wm.TransitionController.collect:7 com.android.server.wm.ActivityRecord.setVisibility:132 com.android.server.wm.EnsureActivitiesVisibleHelper.process:459 com.android.server.wm.TaskFragment.updateActivityVisibilities:12 com.android.server.wm.Task$$ExternalSyntheticLambda37.accept:37 
06-20 18:19:22.764  4725  4876 I HoneySpace.TopTaskUseCase: topTasks 3108 ComponentInfo{com.armada.expiryapp/com.armada.expiryapp.MainActivity}[displayId=0]
